Archive member included to satisfy reference by file (symbol)

.pio\build\uno_r4_wifi\lib7b7\libWiFiS3.a(WiFiClient.cpp.o)
                              .pio\build\uno_r4_wifi\src\main.cpp.o (WiFiClient::~WiFiClient())
.pio\build\uno_r4_wifi\lib7b7\libWiFiS3.a(WiFiServer.cpp.o)
                              .pio\build\uno_r4_wifi\src\main.cpp.o (vtable for WiFiServer)
.pio\build\uno_r4_wifi\lib7b7\libWiFiS3.a(Modem.cpp.o)
                              .pio\build\uno_r4_wifi\lib7b7\libWiFiS3.a(WiFiClient.cpp.o) (ModemClass::write_nowait(std::__cxx11::basic_string<char, std::char_traits<char>, std::allocator<char> > const&, std::__cxx11::basic_string<char, std::char_traits<char>, std::allocator<char> >&, char const*, ...))
.pio\build\uno_r4_wifi\lib74e\libController.a(Controller.cpp.o)
                              .pio\build\uno_r4_wifi\src\main.cpp.o (Controller::Controller(char const*, char const*))
.pio\build\uno_r4_wifi\libFrameworkArduinoVariant.a(main.c.o)
                              c:/users/alex/.platformio/packages/toolchain-gccarmnoneeabi/bin/../lib/gcc/arm-none-eabi/7.2.1/../../../../arm-none-eabi/lib/thumb/v7e-m/fpv4-sp/hard/crt0.o (main)
.pio\build\uno_r4_wifi\libFrameworkArduino.a(Serial.cpp.o)
                              .pio\build\uno_r4_wifi\src\main.cpp.o (UART::begin(unsigned long))
.pio\build\uno_r4_wifi\libFrameworkArduino.a(SerialObj1.cpp.o)
                              .pio\build\uno_r4_wifi\src\main.cpp.o (_UART1_)
.pio\build\uno_r4_wifi\libFrameworkArduino.a(SerialObj3.cpp.o)
                              .pio\build\uno_r4_wifi\lib7b7\libWiFiS3.a(Modem.cpp.o) (_UART3_)
.pio\build\uno_r4_wifi\libFrameworkArduino.a(analog.cpp.o)
                              .pio\build\uno_r4_wifi\src\main.cpp.o (analogWrite)
.pio\build\uno_r4_wifi\libFrameworkArduino.a(Common.cpp.o)
                              .pio\build\uno_r4_wifi\src\main.cpp.o (map(long, long, long, long, long))
.pio\build\uno_r4_wifi\libFrameworkArduino.a(IPAddress.cpp.o)
                              .pio\build\uno_r4_wifi\lib7b7\libWiFiS3.a(WiFiClient.cpp.o) (arduino::IPAddress::IPAddress())
.pio\build\uno_r4_wifi\libFrameworkArduino.a(Print.cpp.o)
                              .pio\build\uno_r4_wifi\libFrameworkArduino.a(Serial.cpp.o) (arduino::Print::write(unsigned char const*, unsigned int))
.pio\build\uno_r4_wifi\libFrameworkArduino.a(Stream.cpp.o)
                              .pio\build\uno_r4_wifi\lib74e\libController.a(Controller.cpp.o) (arduino::Stream::setTimeout(unsigned long))
.pio\build\uno_r4_wifi\libFrameworkArduino.a(String.cpp.o)
                              .pio\build\uno_r4_wifi\lib74e\libController.a(Controller.cpp.o) (arduino::String::String(arduino::String&&))
.pio\build\uno_r4_wifi\libFrameworkArduino.a(dac.cpp.o)
                              .pio\build\uno_r4_wifi\libFrameworkArduino.a(analog.cpp.o) (CDac::analogWrite(int))
.pio\build\uno_r4_wifi\libFrameworkArduino.a(digital.cpp.o)
                              .pio\build\uno_r4_wifi\src\main.cpp.o (pinMode)
.pio\build\uno_r4_wifi\libFrameworkArduino.a(itoa.c.o)
                              .pio\build\uno_r4_wifi\libFrameworkArduino.a(String.cpp.o) (dtostrf)
.pio\build\uno_r4_wifi\libFrameworkArduino.a(main.cpp.o)
                              .pio\build\uno_r4_wifi\libFrameworkArduinoVariant.a(main.c.o) (hal_entry)
.pio\build\uno_r4_wifi\libFrameworkArduino.a(pinDefinitions.cpp.o)
                              .pio\build\uno_r4_wifi\libFrameworkArduino.a(analog.cpp.o) (pinPeripheral(e_bsp_io_port_pin_t, unsigned long))
.pio\build\uno_r4_wifi\libFrameworkArduino.a(pwm.cpp.o)
                              .pio\build\uno_r4_wifi\libFrameworkArduino.a(analog.cpp.o) (PwmOut::PwmOut(int))
.pio\build\uno_r4_wifi\libFrameworkArduino.a(time.cpp.o)
                              .pio\build\uno_r4_wifi\libFrameworkArduino.a(analog.cpp.o) (delayMicroseconds)
.pio\build\uno_r4_wifi\libFrameworkArduino.a(variant_helper.cpp.o)
                              .pio\build\uno_r4_wifi\libFrameworkArduino.a(Serial.cpp.o) (getPinCfgs(unsigned char, PinCfgReq_t))
.pio\build\uno_r4_wifi\libFrameworkArduino.a(vector_table.c.o)
                              .pio\build\uno_r4_wifi\libFrameworkArduino.a(main.cpp.o) (g_vector_table)
.pio\build\uno_r4_wifi\libFrameworkArduino.a(FspTimer.cpp.o)
                              .pio\build\uno_r4_wifi\libFrameworkArduino.a(pwm.cpp.o) (FspTimer::FspTimer())
.pio\build\uno_r4_wifi\libFrameworkArduino.a(IRQManager.cpp.o)
                              .pio\build\uno_r4_wifi\libFrameworkArduino.a(Serial.cpp.o) (IRQManager::getInstance())
.pio\build\uno_r4_wifi\libFrameworkArduino.a(cm_backtrace.c.o)
                              .pio\build\uno_r4_wifi\libFrameworkArduino.a(main.cpp.o) (cm_backtrace_init)
.pio\build\uno_r4_wifi\libFrameworkArduino.a(cortex_handlers.c.o)
                              .pio\build\uno_r4_wifi\libFrameworkArduino.a(main.cpp.o) (Stacktrace_Handler)
[...]
Memory Configuration

Name             Origin             Length             Attributes
FLASH            0x00004000         0x0003c000         xr
RAM              0x20000000         0x00008000         xrw
DATA_FLASH       0x40100000         0x00002000         xr
OPTION_SETTING   0x00000000         0x00000000         r
OPTION_SETTING_S 0x00000000         0x00000000         r
ID_CODE          0x01010018         0x00000020         xr
*default*        0x00000000         0xffffffff

Linker script and memory map

LOAD c:/users/alex/.platformio/packages/toolchain-gccarmnoneeabi/bin/../lib/gcc/arm-none-eabi/7.2.1/thumb/v7e-m/fpv4-sp/hard/crti.o
LOAD c:/users/alex/.platformio/packages/toolchain-gccarmnoneeabi/bin/../lib/gcc/arm-none-eabi/7.2.1/thumb/v7e-m/fpv4-sp/hard/crtbegin.o
LOAD c:/users/alex/.platformio/packages/toolchain-gccarmnoneeabi/bin/../lib/gcc/arm-none-eabi/7.2.1/../../../../arm-none-eabi/lib/thumb/v7e-m/fpv4-sp/hard/crt0.o
LOAD .pio\build\uno_r4_wifi\src\main.cpp.o
START GROUP
LOAD .pio\build\uno_r4_wifi\lib7b7\libWiFiS3.a
LOAD .pio\build\uno_r4_wifi\lib74e\libController.a
LOAD .pio\build\uno_r4_wifi\libFrameworkArduinoVariant.a
LOAD .pio\build\uno_r4_wifi\libFrameworkArduino.a
LOAD C:\Users\Alex\.platformio\packages\framework-arduinorenesas-uno\variants\UNOWIFIR4\libs\libfsp.a
LOAD c:/users/alex/.platformio/packages/toolchain-gccarmnoneeabi/bin/../lib/gcc/arm-none-eabi/7.2.1/../../../../arm-none-eabi/lib/thumb/v7e-m/fpv4-sp/hard\libstdc++_nano.a
LOAD c:/users/alex/.platformio/packages/toolchain-gccarmnoneeabi/bin/../lib/gcc/arm-none-eabi/7.2.1/../../../../arm-none-eabi/lib/thumb/v7e-m/fpv4-sp/hard\libsupc++_nano.a
LOAD c:/users/alex/.platformio/packages/toolchain-gccarmnoneeabi/bin/../lib/gcc/arm-none-eabi/7.2.1/thumb/v7e-m/fpv4-sp/hard\libgcc.a
LOAD c:/users/alex/.platformio/packages/toolchain-gccarmnoneeabi/bin/../lib/gcc/arm-none-eabi/7.2.1/../../../../arm-none-eabi/lib/thumb/v7e-m/fpv4-sp/hard\libnosys.a
END GROUP
LOAD c:/users/alex/.platformio/packages/toolchain-gccarmnoneeabi/bin/../lib/gcc/arm-none-eabi/7.2.1/../../../../arm-none-eabi/lib/thumb/v7e-m/fpv4-sp/hard\libstdc++_nano.a
LOAD c:/users/alex/.platformio/packages/toolchain-gccarmnoneeabi/bin/../lib/gcc/arm-none-eabi/7.2.1/../../../../arm-none-eabi/lib/thumb/v7e-m/fpv4-sp/hard\libm.a
LOAD c:/users/alex/.platformio/packages/toolchain-gccarmnoneeabi/bin/../lib/gcc/arm-none-eabi/7.2.1/../../../../arm-none-eabi/lib/thumb/v7e-m/fpv4-sp/hard\libc_nano.a
START GROUP
LOAD c:/users/alex/.platformio/packages/toolchain-gccarmnoneeabi/bin/../lib/gcc/arm-none-eabi/7.2.1/thumb/v7e-m/fpv4-sp/hard\libgcc.a
LOAD c:/users/alex/.platformio/packages/toolchain-gccarmnoneeabi/bin/../lib/gcc/arm-none-eabi/7.2.1/../../../../arm-none-eabi/lib/thumb/v7e-m/fpv4-sp/hard\libc_nano.a
END GROUP
START GROUP
LOAD c:/users/alex/.platformio/packages/toolchain-gccarmnoneeabi/bin/../lib/gcc/arm-none-eabi/7.2.1/thumb/v7e-m/fpv4-sp/hard\libgcc.a
LOAD c:/users/alex/.platformio/packages/toolchain-gccarmnoneeabi/bin/../lib/gcc/arm-none-eabi/7.2.1/../../../../arm-none-eabi/lib/thumb/v7e-m/fpv4-sp/hard\libc_nano.a
LOAD c:/users/alex/.platformio/packages/toolchain-gccarmnoneeabi/bin/../lib/gcc/arm-none-eabi/7.2.1/../../../../arm-none-eabi/lib/thumb/v7e-m/fpv4-sp/hard\libnosys.a
END GROUP
START GROUP
LOAD c:/users/alex/.platformio/packages/toolchain-gccarmnoneeabi/bin/../lib/gcc/arm-none-eabi/7.2.1/thumb/v7e-m/fpv4-sp/hard\libgcc.a
LOAD c:/users/alex/.platformio/packages/toolchain-gccarmnoneeabi/bin/../lib/gcc/arm-none-eabi/7.2.1/../../../../arm-none-eabi/lib/thumb/v7e-m/fpv4-sp/hard\libc_nano.a
LOAD c:/users/alex/.platformio/packages/toolchain-gccarmnoneeabi/bin/../lib/gcc/arm-none-eabi/7.2.1/../../../../arm-none-eabi/lib/thumb/v7e-m/fpv4-sp/hard\libnosys.a
END GROUP
LOAD c:/users/alex/.platformio/packages/toolchain-gccarmnoneeabi/bin/../lib/gcc/arm-none-eabi/7.2.1/thumb/v7e-m/fpv4-sp/hard/crtend.o
LOAD c:/users/alex/.platformio/packages/toolchain-gccarmnoneeabi/bin/../lib/gcc/arm-none-eabi/7.2.1/thumb/v7e-m/fpv4-sp/hard/crtn.o
                0x20000000                RAM_START = 0x20000000
                0x00008000                RAM_LENGTH = 0x8000
                0x00000000                FLASH_START = 0x0
                0x00040000                FLASH_LENGTH = 0x40000
                0x40100000                DATA_FLASH_START = 0x40100000
                0x00002000                DATA_FLASH_LENGTH = 0x2000
                0x00000000                OPTION_SETTING_START = 0x0
                0x00000000                OPTION_SETTING_LENGTH = 0x0
                0x00000000                OPTION_SETTING_S_START = 0x0
                0x00000000                OPTION_SETTING_S_LENGTH = 0x0
                0x01010018                ID_CODE_START = 0x1010018
                0x00000020                ID_CODE_LENGTH = 0x20
                0x90000000                SDRAM_START = 0x90000000
                0x00000000                SDRAM_LENGTH = 0x0
                0x60000000                QSPI_FLASH_START = 0x60000000
                0x00000000                QSPI_FLASH_LENGTH = 0x0
                0x68000000                OSPI_DEVICE_0_START = 0x68000000
                0x00000000                OSPI_DEVICE_0_LENGTH = 0x0
                0x70000000                OSPI_DEVICE_1_START = 0x70000000
                0x00000000                OSPI_DEVICE_1_LENGTH = 0x0
                0x00004000                FLASH_IMAGE_START = 0x4000
                0x00000100                VECTOR_TABLE_LENGTH = 0x100
                0x00000400                BSP_CFG_STACK_MAIN_BYTES = 0x400
START GROUP
LOAD c:/users/alex/.platformio/packages/toolchain-gccarmnoneeabi/bin/../lib/gcc/arm-none-eabi/7.2.1/thumb/v7e-m/fpv4-sp/hard\libgcc.a
LOAD c:/users/alex/.platformio/packages/toolchain-gccarmnoneeabi/bin/../lib/gcc/arm-none-eabi/7.2.1/../../../../arm-none-eabi/lib/thumb/v7e-m/fpv4-sp/hard\libc.a
LOAD c:/users/alex/.platformio/packages/toolchain-gccarmnoneeabi/bin/../lib/gcc/arm-none-eabi/7.2.1/../../../../arm-none-eabi/lib/thumb/v7e-m/fpv4-sp/hard\libm.a
LOAD c:/users/alex/.platformio/packages/toolchain-gccarmnoneeabi/bin/../lib/gcc/arm-none-eabi/7.2.1/../../../../arm-none-eabi/lib/thumb/v7e-m/fpv4-sp/hard\libnosys.a
END GROUP

.text           0x00004000    0x11904
                0x00000000                __tz_FLASH_S = ABSOLUTE (FLASH_START)
                0x00004000                __ROM_Start = .
 *(.sketch_boot)
                0x00004000                . = ALIGN (0x800)
 *(.fixed_vectors*)
 .fixed_vectors
                0x00004000       0x40 C:\Users\Alex\.platformio\packages\framework-arduinorenesas-uno\variants\UNOWIFIR4\libs\libfsp.a(startup.o)
                0x00004000                __Vectors
 *(.application_vectors*)
 .application_vectors
                0x00004040       0x80 .pio\build\uno_r4_wifi\libFrameworkArduino.a(vector_table.c.o)
                0x00004040                g_vector_table
                0x000040c0                __Vectors_End = .
 *(.text*)
 .text          0x000040c0       0x40 c:/users/alex/.platformio/packages/toolchain-gccarmnoneeabi/bin/../lib/gcc/arm-none-eabi/7.2.1/thumb/v7e-m/fpv4-sp/hard/crtbegin.o
 .text._Z8onDegreei
                0x00004100       0x2c .pio\build\uno_r4_wifi\src\main.cpp.o
                0x00004100                onDegree(int)
 .text._Z17motorThreeReleasev
                0x0000412c       0x16 .pio\build\uno_r4_wifi\src\main.cpp.o
                0x0000412c                motorThreeRelease()
 *fill*         0x00004142        0x2 ff
 .text._Z18motorThreePullbackv
                0x00004144       0x94 .pio\build\uno_r4_wifi\src\main.cpp.o
                0x00004144                motorThreePullback()
 .text._Z14MotorThreeInitv
                0x000041d8       0x1e .pio\build\uno_r4_wifi\src\main.cpp.o
                0x000041d8                MotorThreeInit()
 *fill*         0x000041f6        0x2 ff
 .text.loop     0x000041f8        0xc .pio\build\uno_r4_wifi\src\main.cpp.o
                0x000041f8                loop
 .text.startup._GLOBAL__sub_I_controller
                0x00004204       0x18 .pio\build\uno_r4_wifi\src\main.cpp.o
 .text.exit._GLOBAL__sub_D_controller
                0x0000421c       0x34 .pio\build\uno_r4_wifi\src\main.cpp.o
 .text.setup    0x00004250       0x9c .pio\build\uno_r4_wifi\src\main.cpp.o
                0x00004250                setup
 .text._ZN7arduino5Print17availableForWriteEv
                0x000042ec        0x4 .pio\build\uno_r4_wifi\lib7b7\libWiFiS3.a(WiFiClient.cpp.o)
                0x000042ec                arduino::Print::availableForWrite()
 .text._ZN10WiFiClientcvbEv
                0x000042f0        0xa .pio\build\uno_r4_wifi\lib7b7\libWiFiS3.a(WiFiClient.cpp.o)
                0x000042f0                WiFiClient::operator bool()
 .text._ZN10WiFiClientneERKS_
                0x000042fa       0x10 .pio\build\uno_r4_wifi\lib7b7\libWiFiS3.a(WiFiClient.cpp.o)
                0x000042fa                WiFiClient::operator!=(WiFiClient const&)
 .text._ZN10WiFiClient5writeEh
                0x0000430a       0x16 .pio\build\uno_r4_wifi\lib7b7\libWiFiS3.a(WiFiClient.cpp.o)
                0x0000430a                WiFiClient::write(unsigned char)
 .text._ZN10WiFiClient4readEv
                0x00004320       0x20 .pio\build\uno_r4_wifi\lib7b7\libWiFiS3.a(WiFiClient.cpp.o)
                0x00004320                WiFiClient::read()
 .text._ZN10WiFiClienteqERKS_
                0x00004340        0xc .pio\build\uno_r4_wifi\lib7b7\libWiFiS3.a(WiFiClient.cpp.o)
                0x00004340                WiFiClient::operator==(WiFiClient const&)
 .text._ZNSt15_Sp_counted_ptrIPN7arduino10FifoBufferIhLm1024EEELN9__gnu_cxx12_Lock_policyE0EED2Ev
                0x0000434c        0x2 .pio\build\uno_r4_wifi\lib7b7\libWiFiS3.a(WiFiClient.cpp.o)
                0x0000434c                std::_Sp_counted_ptr<arduino::FifoBuffer<unsigned char, 1024ul>*, (__gnu_cxx::_Lock_policy)0>::~_Sp_counted_ptr()
                0x0000434c                std::_Sp_counted_ptr<arduino::FifoBuffer<unsigned char, 1024ul>*, (__gnu_cxx::_Lock_policy)0>::~_Sp_counted_ptr()
 .text._ZNSt15_Sp_counted_ptrIPN7arduino10FifoBufferIhLm1024EEELN9__gnu_cxx12_Lock_policyE0EE14_M_get_deleterERKSt9type_info
                0x0000434e        0x4 .pio\build\uno_r4_wifi\lib7b7\libWiFiS3.a(WiFiClient.cpp.o)
                0x0000434e                std::_Sp_counted_ptr<arduino::FifoBuffer<unsigned char, 1024ul>*, (__gnu_cxx::_Lock_policy)0>::_M_get_deleter(std::type_info const&)
 .text._ZNSt15_Sp_counted_ptrIPN7arduino10FifoBufferIhLm1024EEELN9__gnu_cxx12_Lock_policyE0EE10_M_disposeEv
                0x00004352        0xa .pio\build\uno_r4_wifi\lib7b7\libWiFiS3.a(WiFiClient.cpp.o)
                0x00004352                std::_Sp_counted_ptr<arduino::FifoBuffer<unsigned char, 1024ul>*, (__gnu_cxx::_Lock_policy)0>::_M_dispose()
 .text._ZNSt15_Sp_counted_ptrIPN7arduino10FifoBufferIhLm1024EEELN9__gnu_cxx12_Lock_policyE0EED0Ev
                0x0000435c        0xe .pio\build\uno_r4_wifi\lib7b7\libWiFiS3.a(WiFiClient.cpp.o)
                0x0000435c                std::_Sp_counted_ptr<arduino::FifoBuffer<unsigned char, 1024ul>*, (__gnu_cxx::_Lock_policy)0>::~_Sp_counted_ptr()
 .text._ZNSt15_Sp_counted_ptrIPN7arduino10FifoBufferIhLm1024EEELN9__gnu_cxx12_Lock_policyE0EE10_M_destroyEv
                0x0000436a        0x8 .pio\build\uno_r4_wifi\lib7b7\libWiFiS3.a(WiFiClient.cpp.o)
                0x0000436a                std::_Sp_counted_ptr<arduino::FifoBuffer<unsigned char, 1024ul>*, (__gnu_cxx::_Lock_policy)0>::_M_destroy()
 .text._ZN10WiFiClient7connectEN7arduino9IPAddressEt
                0x00004372       0x26 .pio\build\uno_r4_wifi\lib7b7\libWiFiS3.a(WiFiClient.cpp.o)
                0x00004372                WiFiClient::connect(arduino::IPAddress, unsigned short)
 .text._ZNSt16_Sp_counted_baseILN9__gnu_cxx12_Lock_policyE0EE10_M_releaseEv.part.6
                0x00004398       0x20 .pio\build\uno_r4_wifi\lib7b7\libWiFiS3.a(WiFiClient.cpp.o)
 .text._ZNSt7__cxx1112basic_stringIcSt11char_traitsIcESaIcEEC2EPKcRKS3_.constprop.43
                0x000043b8       0x54 .pio\build\uno_r4_wifi\lib7b7\libWiFiS3.a(WiFiClient.cpp.o)
 .text._ZN7__GuardD2Ev
                0x0000440c        0xc .pio\build\uno_r4_wifi\lib7b7\libWiFiS3.a(WiFiClient.cpp.o)
                0x0000440c                __Guard::~__Guard()
                0x0000440c                __Guard::~__Guard()
 .text._ZN7arduino10FifoBufferIhLm1024EE9availableEv.isra.7
                0x00004418       0x2c .pio\build\uno_r4_wifi\lib7b7\libWiFiS3.a(WiFiClient.cpp.o)
 .text._ZN7arduino10FifoBufferIhLm1024EE9nextIndexEm.isra.14
                0x00004444       0x2e .pio\build\uno_r4_wifi\lib7b7\libWiFiS3.a(WiFiClient.cpp.o)
 *fill*         0x00004472        0x2 ff
 .text._ZN10WiFiClientC2ERKS_
                0x00004474       0x30 .pio\build\uno_r4_wifi\lib7b7\libWiFiS3.a(WiFiClient.cpp.o)
                0x00004474                WiFiClient::WiFiClient(WiFiClient const&)
                0x00004474                WiFiClient::WiFiClient(WiFiClient const&)
 .text._ZNSt14__shared_countILN9__gnu_cxx12_Lock_policyE0EED2Ev
                0x000044a4       0x18 .pio\build\uno_r4_wifi\lib7b7\libWiFiS3.a(WiFiClient.cpp.o)
                0x000044a4                std::__shared_count<(__gnu_cxx::_Lock_policy)0>::~__shared_count()
                0x000044a4                std::__shared_count<(__gnu_cxx::_Lock_policy)0>::~__shared_count()
 .text._ZN10WiFiClientD2Ev
                0x000044bc       0x18 .pio\build\uno_r4_wifi\lib7b7\libWiFiS3.a(WiFiClient.cpp.o)
                0x000044bc                WiFiClient::~WiFiClient()
                0x000044bc                WiFiClient::~WiFiClient()
 .text._ZNSt7__cxx1112basic_stringIcSt11char_traitsIcESaIcEE10_M_disposeEv
                0x000044d4       0x10 .pio\build\uno_r4_wifi\lib7b7\libWiFiS3.a(WiFiClient.cpp.o)
                0x000044d4                std::__cxx11::basic_string<char, std::char_traits<char>, std::allocator<char> >::_M_dispose()
 .text._ZN10WiFiClient9getSocketEv
                0x000044e4       0x80 .pio\build\uno_r4_wifi\lib7b7\libWiFiS3.a(WiFiClient.cpp.o)
                0x000044e4                WiFiClient::getSocket()
 .text._ZN10WiFiClient7connectEPKct
                0x00004564       0xb0 .pio\build\uno_r4_wifi\lib7b7\libWiFiS3.a(WiFiClient.cpp.o)
                0x00004564                WiFiClient::connect(char const*, unsigned short)
 .text._ZN10WiFiClient5writeEPKhj
                0x00004614       0x80 .pio\build\uno_r4_wifi\lib7b7\libWiFiS3.a(WiFiClient.cpp.o)
                0x00004614                WiFiClient::write(unsigned char const*, unsigned int)
 .text._ZN10WiFiClient9availableEv
                0x00004694       0x98 .pio\build\uno_r4_wifi\lib7b7\libWiFiS3.a(WiFiClient.cpp.o)
                0x00004694                WiFiClient::available()
 .text._ZN10WiFiClient5_readEv
                0x0000472c      0x138 .pio\build\uno_r4_wifi\lib7b7\libWiFiS3.a(WiFiClient.cpp.o)
                0x0000472c                WiFiClient::_read()
 .text._ZN10WiFiClient14read_if_neededEj
                0x00004864       0x22 .pio\build\uno_r4_wifi\lib7b7\libWiFiS3.a(WiFiClient.cpp.o)
                0x00004864                WiFiClient::read_if_needed(unsigned int)
 .text._ZN10WiFiClient4readEPhj
                0x00004886       0x88 .pio\build\uno_r4_wifi\lib7b7\libWiFiS3.a(WiFiClient.cpp.o)
                0x00004886                WiFiClient::read(unsigned char*, unsigned int)
 .text._ZN10WiFiClient4peekEv
                0x0000490e       0x2c .pio\build\uno_r4_wifi\lib7b7\libWiFiS3.a(WiFiClient.cpp.o)
                0x0000490e                WiFiClient::peek()
 *fill*         0x0000493a        0x2 ff
 .text._ZN10WiFiClient5flushEv
                0x0000493c       0x60 .pio\build\uno_r4_wifi\lib7b7\libWiFiS3.a(WiFiClient.cpp.o)
                0x0000493c                WiFiClient::flush()
 .text._ZN10WiFiClient4stopEv
                0x0000499c       0x78 .pio\build\uno_r4_wifi\lib7b7\libWiFiS3.a(WiFiClient.cpp.o)
                0x0000499c                WiFiClient::stop()
 .text._ZN10WiFiClient9connectedEv
                0x00004a14       0x80 .pio\build\uno_r4_wifi\lib7b7\libWiFiS3.a(WiFiClient.cpp.o)
                0x00004a14                WiFiClient::connected()
 .text._ZN10WiFiClient8remoteIPEv
                0x00004a94       0xa8 .pio\build\uno_r4_wifi\lib7b7\libWiFiS3.a(WiFiClient.cpp.o)
                0x00004a94                WiFiClient::remoteIP()
 .text._ZN10WiFiClient10remotePortEv
                0x00004b3c       0x74 .pio\build\uno_r4_wifi\lib7b7\libWiFiS3.a(WiFiClient.cpp.o)
                0x00004b3c                WiFiClient::remotePort()
 .text._ZNSt12__shared_ptrIN7arduino10FifoBufferIhLm1024EEELN9__gnu_cxx12_Lock_policyE0EEaSEOS5_
                0x00004bb0       0x28 .pio\build\uno_r4_wifi\lib7b7\libWiFiS3.a(WiFiClient.cpp.o)
                0x00004bb0                std::__shared_ptr<arduino::FifoBuffer<unsigned char, 1024ul>, (__gnu_cxx::_Lock_policy)0>::operator=(std::__shared_ptr<arduino::FifoBuffer<unsigned char, 1024ul>, (__gnu_cxx::_Lock_policy)0>&&)
 .text._ZN10WiFiClientC2Ev
                0x00004bd8       0x74 .pio\build\uno_r4_wifi\lib7b7\libWiFiS3.a(WiFiClient.cpp.o)
                0x00004bd8                WiFiClient::WiFiClient()
                0x00004bd8                WiFiClient::WiFiClient()
 .text._ZN10WiFiClientC2Ei
                0x00004c4c       0x70 .pio\build\uno_r4_wifi\lib7b7\libWiFiS3.a(WiFiClient.cpp.o)
                0x00004c4c                WiFiClient::WiFiClient(int)
                0x00004c4c                WiFiClient::WiFiClient(int)
 .text._ZN7arduino5Print5flushEv
                0x00004cbc        0x2 .pio\build\uno_r4_wifi\lib7b7\libWiFiS3.a(WiFiServer.cpp.o)
                0x00004cbc                arduino::Print::flush()
 .text._ZN10WiFiServerneERKS_
                0x00004cbe       0x10 .pio\build\uno_r4_wifi\lib7b7\libWiFiS3.a(WiFiServer.cpp.o)
                0x00004cbe                WiFiServer::operator!=(WiFiServer const&)
 .text._ZN10WiFiServer5writeEh
                0x00004cce       0x16 .pio\build\uno_r4_wifi\lib7b7\libWiFiS3.a(WiFiServer.cpp.o)
                0x00004cce                WiFiServer::write(unsigned char)
 .text._ZN10WiFiServereqERKS_
                0x00004ce4        0xc .pio\build\uno_r4_wifi\lib7b7\libWiFiS3.a(WiFiServer.cpp.o)
                0x00004ce4                WiFiServer::operator==(WiFiServer const&)
 .text._ZN10WiFiServerC2Ei
                0x00004cf0       0x24 .pio\build\uno_r4_wifi\lib7b7\libWiFiS3.a(WiFiServer.cpp.o)
                0x00004cf0                WiFiServer::WiFiServer(int)
                0x00004cf0                WiFiServer::WiFiServer(int)
 .text._ZNSt7__cxx1112basic_stringIcSt11char_traitsIcESaIcEEC2EPKcRKS3_
                0x00004d14       0x54 .pio\build\uno_r4_wifi\lib7b7\libWiFiS3.a(WiFiServer.cpp.o)
                0x00004d14                std::__cxx11::basic_string<char, std::char_traits<char>, std::allocator<char> >::basic_string(char const*, std::allocator<char> const&)
                0x00004d14                std::__cxx11::basic_string<char, std::char_traits<char>, std::allocator<char> >::basic_string(char const*, std::allocator<char> const&)
 .text._ZN10WiFiServer9availableEv
                0x00004d68       0xf4 .pio\build\uno_r4_wifi\lib7b7\libWiFiS3.a(WiFiServer.cpp.o)
                0x00004d68                WiFiServer::available()
 .text._ZN10WiFiServer5beginEi
                0x00004e5c       0x70 .pio\build\uno_r4_wifi\lib7b7\libWiFiS3.a(WiFiServer.cpp.o)
                0x00004e5c                WiFiServer::begin(int)
 .text._ZN10WiFiServer5beginEv
                0x00004ecc        0x6 .pio\build\uno_r4_wifi\lib7b7\libWiFiS3.a(WiFiServer.cpp.o)
                0x00004ecc                WiFiServer::begin()
 *fill*         0x00004ed2        0x2 ff
 .text._ZN10WiFiServer5writeEPKhj
                0x00004ed4       0x84 .pio\build\uno_r4_wifi\lib7b7\libWiFiS3.a(WiFiServer.cpp.o)
                0x00004ed4                WiFiServer::write(unsigned char const*, unsigned int)
 .text._ZNSt7__cxx1112basic_stringIcSt11char_traitsIcESaIcEE9_M_createERjj.isra.21
                0x00004f58       0x34 .pio\build\uno_r4_wifi\lib7b7\libWiFiS3.a(Modem.cpp.o)
 .text._ZN10ModemClassD2Ev
                0x00004f8c       0x18 .pio\build\uno_r4_wifi\lib7b7\libWiFiS3.a(Modem.cpp.o)
                0x00004f8c                ModemClass::~ModemClass()
                0x00004f8c                ModemClass::~ModemClass()
 .text._ZN10ModemClass12write_nowaitERKNSt7__cxx1112basic_stringIcSt11char_traitsIcESaIcEEERS5_PKcz
                0x00004fa4       0x6c .pio\build\uno_r4_wifi\lib7b7\libWiFiS3.a(Modem.cpp.o)
                0x00004fa4                ModemClass::write_nowait(std::__cxx11::basic_string<char, std::char_traits<char>, std::allocator<char> > const&, std::__cxx11::basic_string<char, std::char_traits<char>, std::allocator<char> >&, char const*, ...)
 .text._ZNKSt7__cxx1112basic_stringIcSt11char_traitsIcESaIcEE7compareEPKc
                0x00005010       0x28 .pio\build\uno_r4_wifi\lib7b7\libWiFiS3.a(Modem.cpp.o)
                0x00005010                std::__cxx11::basic_string<char, std::char_traits<char>, std::allocator<char> >::compare(char const*) const
 .text._ZNSt7__cxx1112basic_stringIcSt11char_traitsIcESaIcEE7_S_copyEPcPKcj
                0x00005038       0x1a .pio\build\uno_r4_wifi\lib7b7\libWiFiS3.a(Modem.cpp.o)
                0x00005038                std::__cxx11::basic_string<char, std::char_traits<char>, std::allocator<char> >::_S_copy(char*, char const*, unsigned int)
 .text._ZNSt7__cxx1112basic_stringIcSt11char_traitsIcESaIcEE9_M_mutateEjjPKcj
                0x00005052       0x7e .pio\build\uno_r4_wifi\lib7b7\libWiFiS3.a(Modem.cpp.o)
                0x00005052                std::__cxx11::basic_string<char, std::char_traits<char>, std::allocator<char> >::_M_mutate(unsigned int, unsigned int, char const*, unsigned int)
 .text._ZNSt7__cxx1112basic_stringIcSt11char_traitsIcESaIcEE9push_backEc
                0x000050d0       0x3e .pio\build\uno_r4_wifi\lib7b7\libWiFiS3.a(Modem.cpp.o)
                0x000050d0                std::__cxx11::basic_string<char, std::char_traits<char>, std::allocator<char> >::push_back(char)
 .text._ZNSt7__cxx1112basic_stringIcSt11char_traitsIcESaIcEE7_S_moveEPcPKcj
                0x0000510e       0x1a .pio\build\uno_r4_wifi\lib7b7\libWiFiS3.a(Modem.cpp.o)
                0x0000510e                std::__cxx11::basic_string<char, std::char_traits<char>, std::allocator<char> >::_S_move(char*, char const*, unsigned int)
 .text._ZNSt7__cxx1112basic_stringIcSt11char_traitsIcESaIcEE10_M_replaceEjjPKcj
                0x00005128       0xfc .pio\build\uno_r4_wifi\lib7b7\libWiFiS3.a(Modem.cpp.o)
                0x00005128                std::__cxx11::basic_string<char, std::char_traits<char>, std::allocator<char> >::_M_replace(unsigned int, unsigned int, char const*, unsigned int)
 .text._ZNSt7__cxx1112basic_stringIcSt11char_traitsIcESaIcEEaSEPKc
                0x00005224       0x1e .pio\build\uno_r4_wifi\lib7b7\libWiFiS3.a(Modem.cpp.o)
                0x00005224                std::__cxx11::basic_string<char, std::char_traits<char>, std::allocator<char> >::operator=(char const*)
 *fill*         0x00005242        0x2 ff
 .text._ZN10ModemClass8buf_readERKNSt7__cxx1112basic_stringIcSt11char_traitsIcESaIcEEERS5_
                0x00005244      0x338 .pio\build\uno_r4_wifi\lib7b7\libWiFiS3.a(Modem.cpp.o)
                0x00005244                ModemClass::buf_read(std::__cxx11::basic_string<char, std::char_traits<char>, std::allocator<char> > const&, std::__cxx11::basic_string<char, std::char_traits<char>, std::allocator<char> >&)
 .text._ZN10ModemClass11passthroughEPKhj
                0x0000557c       0xa0 .pio\build\uno_r4_wifi\lib7b7\libWiFiS3.a(Modem.cpp.o)
                0x0000557c                ModemClass::passthrough(unsigned char const*, unsigned int)
 .text._ZN10ModemClass5writeERKNSt7__cxx1112basic_stringIcSt11char_traitsIcESaIcEEERS5_PKcz
                0x0000561c       0xdc .pio\build\uno_r4_wifi\lib7b7\libWiFiS3.a(Modem.cpp.o)
                0x0000561c                ModemClass::write(std::__cxx11::basic_string<char, std::char_traits<char>, std::allocator<char> > const&, std::__cxx11::basic_string<char, std::char_traits<char>, std::allocator<char> >&, char const*, ...)
 .text._ZN10ModemClass5beginEii
                0x000056f8       0x94 .pio\build\uno_r4_wifi\lib7b7\libWiFiS3.a(Modem.cpp.o)
                0x000056f8                ModemClass::begin(int, int)
 .text.startup._GLOBAL__sub_I__ZN10ModemClassC2Eii
                0x0000578c       0x28 .pio\build\uno_r4_wifi\lib7b7\libWiFiS3.a(Modem.cpp.o)
 .text.exit._GLOBAL__sub_D__ZN10ModemClassC2Eii
                0x000057b4        0xc .pio\build\uno_r4_wifi\lib7b7\libWiFiS3.a(Modem.cpp.o)
 .text._ZN10ControllerC2EPKcS1_
                0x000057c0       0xa8 .pio\build\uno_r4_wifi\lib74e\libController.a(Controller.cpp.o)
                0x000057c0                Controller::Controller(char const*, char const*)
                0x000057c0                Controller::Controller(char const*, char const*)
 .text._ZN10Controller14registerButtonEPKcPFvvE
                0x00005868       0x32 .pio\build\uno_r4_wifi\lib74e\libController.a(Controller.cpp.o)
                0x00005868                Controller::registerButton(char const*, void (*)())
 .text._ZN10Controller20setFailsafeTimeoutMsEt
                0x0000589a        0x6 .pio\build\uno_r4_wifi\lib74e\libController.a(Controller.cpp.o)
                0x0000589a                Controller::setFailsafeTimeoutMs(unsigned short)
 .text._ZN10Controller14configureL298NEhhhhhh
                0x000058a0       0x2e .pio\build\uno_r4_wifi\lib74e\libController.a(Controller.cpp.o)
                0x000058a0                Controller::configureL298N(unsigned char, unsigned char, unsigned char, unsigned char, unsigned char, unsigned char)
 *fill*         0x000058ce        0x2 ff
 .text._ZN10Controller20wifiSSIDExistsNearbyEv
                0x000058d0       0x50 .pio\build\uno_r4_wifi\lib74e\libController.a(Controller.cpp.o)
                0x000058d0                Controller::wifiSSIDExistsNearby()
 .text._ZNK10Controller15printWiFiStatusEv
                0x00005920       0x6c .pio\build\uno_r4_wifi\lib74e\libController.a(Controller.cpp.o)
                0x00005920                Controller::printWiFiStatus() const
 .text._ZN10Controller14setMotorMinPWMEh
                0x0000598c        0x6 .pio\build\uno_r4_wifi\lib74e\libController.a(Controller.cpp.o)
                0x0000598c                Controller::setMotorMinPWM(unsigned char)
 *fill*         0x00005992        0x2 ff
 .text._ZN10Controller15readRequestLineER10WiFiClient
                0x00005994       0x64 .pio\build\uno_r4_wifi\lib74e\libController.a(Controller.cpp.o)
                0x00005994                Controller::readRequestLine(WiFiClient&)
 .text._ZN10Controller10sendHttpOkER10WiFiClientPKcRKN7arduino6StringE
                0x000059f8       0x5c .pio\build\uno_r4_wifi\lib74e\libController.a(Controller.cpp.o)
                0x000059f8                Controller::sendHttpOk(WiFiClient&, char const*, arduino::String const&)
 .text._ZN10Controller16sendHttpNotFoundER10WiFiClient
                0x00005a54       0x64 .pio\build\uno_r4_wifi\lib74e\libController.a(Controller.cpp.o)
                0x00005a54                Controller::sendHttpNotFound(WiFiClient&)
 .text._ZN10Controller15extractQueryIntERKN7arduino6StringEPKcRi
                0x00005ab8       0xe0 .pio\build\uno_r4_wifi\lib74e\libController.a(Controller.cpp.o)
                0x00005ab8                Controller::extractQueryInt(arduino::String const&, char const*, int&)
 .text._ZN10Controller12handleHealthER10WiFiClient
                0x00005b98       0x30 .pio\build\uno_r4_wifi\lib74e\libController.a(Controller.cpp.o)
                0x00005b98                Controller::handleHealth(WiFiClient&)
 .text._ZN10Controller16handleControlMsgER10WiFiClientRKN7arduino6StringE
                0x00005bc8       0xac .pio\build\uno_r4_wifi\lib74e\libController.a(Controller.cpp.o)
                0x00005bc8                Controller::handleControlMsg(WiFiClient&, arduino::String const&)
 .text._ZN10Controller9handleBtnER10WiFiClientRKN7arduino6StringE
                0x00005c74       0xa8 .pio\build\uno_r4_wifi\lib74e\libController.a(Controller.cpp.o)
                0x00005c74                Controller::handleBtn(WiFiClient&, arduino::String const&)
 .text._ZN10Controller15enableStatusLEDEh
                0x00005d1c       0x22 .pio\build\uno_r4_wifi\lib74e\libController.a(Controller.cpp.o)
                0x00005d1c                Controller::enableStatusLED(unsigned char)
 .text._ZN10Controller11setLedStateENS_8LedStateE
                0x00005d3e       0x1e .pio\build\uno_r4_wifi\lib74e\libController.a(Controller.cpp.o)
                0x00005d3e                Controller::setLedState(Controller::LedState)
 .text._ZN10Controller15setLedStateHoldENS_8LedStateEt
                0x00005d5c       0x1e .pio\build\uno_r4_wifi\lib74e\libController.a(Controller.cpp.o)
                0x00005d5c                Controller::setLedStateHold(Controller::LedState, unsigned short)
 *fill*         0x00005d7a        0x2 ff
 .text._ZN10Controller11handleDriveER10WiFiClientRKN7arduino6StringE
                0x00005d7c       0xe4 .pio\build\uno_r4_wifi\lib74e\libController.a(Controller.cpp.o)
                0x00005d7c                Controller::handleDrive(WiFiClient&, arduino::String const&)
 .text._ZN10Controller16setLedStateForceENS_8LedStateE
                0x00005e60       0x1c .pio\build\uno_r4_wifi\lib74e\libController.a(Controller.cpp.o)
                0x00005e60                Controller::setLedStateForce(Controller::LedState)
 .text._ZN10Controller15updateStatusLEDEv
                0x00005e7c       0x62 .pio\build\uno_r4_wifi\lib74e\libController.a(Controller.cpp.o)
                0x00005e7c                Controller::updateStatusLED()
 *fill*         0x00005ede        0x2 ff
 .text._ZN10Controller10handleRootER10WiFiClient
                0x00005ee0      0x8dc .pio\build\uno_r4_wifi\lib74e\libController.a(Controller.cpp.o)
                0x00005ee0                Controller::handleRoot(WiFiClient&)
 .text._ZN10Controller17motorInitSafeStopEv
                0x000067bc       0x44 .pio\build\uno_r4_wifi\lib74e\libController.a(Controller.cpp.o)
                0x000067bc                Controller::motorInitSafeStop()
 .text._ZN10Controller10speedToCmdEaRbRh
                0x00006800       0x30 .pio\build\uno_r4_wifi\lib74e\libController.a(Controller.cpp.o)
                0x00006800                Controller::speedToCmd(signed char, bool&, unsigned char&)
 .text._ZN10Controller11setMotorOneEhhha
                0x00006830       0x78 .pio\build\uno_r4_wifi\lib74e\libController.a(Controller.cpp.o)
                0x00006830                Controller::setMotorOne(unsigned char, unsigned char, unsigned char, signed char)
 .text._ZN10Controller11debugMotorsEaa
                0x000068a8       0xf4 .pio\build\uno_r4_wifi\lib74e\libController.a(Controller.cpp.o)
                0x000068a8                Controller::debugMotors(signed char, signed char)
 .text._ZN10Controller10motorApplyEaa
                0x0000699c       0x38 .pio\build\uno_r4_wifi\lib74e\libController.a(Controller.cpp.o)
                0x0000699c                Controller::motorApply(signed char, signed char)
 .text._ZN10Controller23applySmoothingAndNotifyEv
                0x000069d4       0xb8 .pio\build\uno_r4_wifi\lib74e\libController.a(Controller.cpp.o)
                0x000069d4                Controller::applySmoothingAndNotify()
 .text._ZN10Controller14registerSliderEPKciiiPFviE
                0x00006a8c       0x34 .pio\build\uno_r4_wifi\lib74e\libController.a(Controller.cpp.o)
                0x00006a8c                Controller::registerSlider(char const*, int, int, int, void (*)(int))
 .text._ZN10Controller12handleSliderER10WiFiClientRKN7arduino6StringE
                0x00006ac0       0x9c .pio\build\uno_r4_wifi\lib74e\libController.a(Controller.cpp.o)
                0x00006ac0                Controller::handleSlider(WiFiClient&, arduino::String const&)
 .text._ZN10Controller12handleClientER10WiFiClient
                0x00006b5c      0x184 .pio\build\uno_r4_wifi\lib74e\libController.a(Controller.cpp.o)
                0x00006b5c                Controller::handleClient(WiFiClient&)
 .text._ZN10Controller7beginAPEb
                0x00006ce0      0x174 .pio\build\uno_r4_wifi\lib74e\libController.a(Controller.cpp.o)
                0x00006ce0                Controller::beginAP(bool)
 .text._ZN10Controller6updateEv
                0x00006e54       0x6e .pio\build\uno_r4_wifi\lib74e\libController.a(Controller.cpp.o)
                0x00006e54                Controller::update()
 .text.startup.main
                0x00006ec2        0xa .pio\build\uno_r4_wifi\libFrameworkArduinoVariant.a(main.c.o)
                0x00006ec2                main
 .text._ZN4UARTcvbEv
                0x00006ecc        0x4 .pio\build\uno_r4_wifi\libFrameworkArduino.a(Serial.cpp.o)
                0x00006ecc                UART::operator bool()
 .text._ZN4UART5beginEm
                0x00006ed0        0xa .pio\build\uno_r4_wifi\libFrameworkArduino.a(Serial.cpp.o)
                0x00006ed0                UART::begin(unsigned long)
 .text._ZN4UART5flushEv
                0x00006eda        0xa .pio\build\uno_r4_wifi\libFrameworkArduino.a(Serial.cpp.o)
                0x00006eda                UART::flush()
 .text._ZN4UART4peekEv
                0x00006ee4       0x18 .pio\build\uno_r4_wifi\libFrameworkArduino.a(Serial.cpp.o)
                0x00006ee4                UART::peek()
 .text._ZN4UART5writeEh
                0x00006efc       0x34 .pio\build\uno_r4_wifi\libFrameworkArduino.a(Serial.cpp.o)
                0x00006efc                UART::write(unsigned char)
 .text._ZN4UART3endEv
                0x00006f30       0x22 .pio\build\uno_r4_wifi\libFrameworkArduino.a(Serial.cpp.o)
                0x00006f30                UART::end()
 .text._ZN4UART9availableEv
                0x00006f52       0x32 .pio\build\uno_r4_wifi\libFrameworkArduino.a(Serial.cpp.o)
                0x00006f52                UART::available()
 .text._ZN4UART15WrapperCallbackEP20st_uart_callback_arg
                0x00006f84       0x90 .pio\build\uno_r4_wifi\libFrameworkArduino.a(Serial.cpp.o)
                0x00006f84                UART::WrapperCallback(st_uart_callback_arg*)
 .text._ZN4UART4readEv
                0x00007014       0x5c .pio\build\uno_r4_wifi\libFrameworkArduino.a(Serial.cpp.o)
                0x00007014                UART::read()
 .text._ZN4UARTC2Eiiii
                0x00007070       0x78 .pio\build\uno_r4_wifi\libFrameworkArduino.a(Serial.cpp.o)
                0x00007070                UART::UART(int, int, int, int)
                0x00007070                UART::UART(int, int, int, int)
 .text._ZN4UART13setUpUartIrqsER11st_uart_cfg
                0x000070e8       0x14 .pio\build\uno_r4_wifi\libFrameworkArduino.a(Serial.cpp.o)
                0x000070e8                UART::setUpUartIrqs(st_uart_cfg&)
 .text._ZN4UART5writeEPhj
                0x000070fc       0x2e .pio\build\uno_r4_wifi\libFrameworkArduino.a(Serial.cpp.o)
                0x000070fc                UART::write(unsigned char*, unsigned int)
 *fill*         0x0000712a        0x2 ff
 .text._ZN4UART8cfg_pinsEi
                0x0000712c       0xe8 .pio\build\uno_r4_wifi\libFrameworkArduino.a(Serial.cpp.o)
                0x0000712c                UART::cfg_pins(int)
 .text._ZN4UART5beginEmt
                0x00007214      0x1a8 .pio\build\uno_r4_wifi\libFrameworkArduino.a(Serial.cpp.o)
                0x00007214                UART::begin(unsigned long, unsigned short)
 .text._ZN4UART9write_rawEPhj
                0x000073bc       0x1e .pio\build\uno_r4_wifi\libFrameworkArduino.a(Serial.cpp.o)
                0x000073bc                UART::write_raw(unsigned char*, unsigned int)
 *fill*         0x000073da        0x2 ff
 .text.startup._GLOBAL__sub_I__UART1_
                0x000073dc       0x1c .pio\build\uno_r4_wifi\libFrameworkArduino.a(SerialObj1.cpp.o)
 .text.startup._GLOBAL__sub_I__UART3_
                0x000073f8       0x1c .pio\build\uno_r4_wifi\libFrameworkArduino.a(SerialObj3.cpp.o)
 .text._ZL13readAllGroupAP13ADC_Container
                0x00007414       0x2c .pio\build\uno_r4_wifi\libFrameworkArduino.a(analog.cpp.o)
 .text._ZL11ADC_irq_cbkP20st_adc_callback_args
                0x00007440       0x58 .pio\build\uno_r4_wifi\libFrameworkArduino.a(analog.cpp.o)
 .text._ZL10adcConvertP13ADC_Containert
                0x00007498       0xa4 .pio\build\uno_r4_wifi\libFrameworkArduino.a(analog.cpp.o)
 .text._ZL21get_ADC_container_ptrlRt.constprop.4
                0x0000753c       0x38 .pio\build\uno_r4_wifi\libFrameworkArduino.a(analog.cpp.o)
 .text._ZN13ADC_ContainerC2EhPFvP20st_adc_callback_argsEPv
                0x00007574       0x6e .pio\build\uno_r4_wifi\libFrameworkArduino.a(analog.cpp.o)
                0x00007574                ADC_Container::ADC_Container(unsigned char, void (*)(st_adc_callback_args*), void*)
                0x00007574                ADC_Container::ADC_Container(unsigned char, void (*)(st_adc_callback_args*), void*)
 .text._ZN13ADC_ContainerD2Ev
                0x000075e2       0x12 .pio\build\uno_r4_wifi\libFrameworkArduino.a(analog.cpp.o)
                0x000075e2                ADC_Container::~ADC_Container()
                0x000075e2                ADC_Container::~ADC_Container()
 .text.analogRead
                0x000075f4       0x3c .pio\build\uno_r4_wifi\libFrameworkArduino.a(analog.cpp.o)
                0x000075f4                analogRead
 .text.analogReference
                0x00007630       0x5c .pio\build\uno_r4_wifi\libFrameworkArduino.a(analog.cpp.o)
                0x00007630                analogReference
 *fill*         0x0000768c        0x4 ff
 .text._Z15analogReferencev
                0x00007690      0x10c .pio\build\uno_r4_wifi\libFrameworkArduino.a(analog.cpp.o)
                0x00007690                analogReference()
 .text._Z21analogWriteResolutionv
                0x0000779c        0xc .pio\build\uno_r4_wifi\libFrameworkArduino.a(analog.cpp.o)
                0x0000779c                analogWriteResolution()
 .text.analogWrite
                0x000077a8      0x120 .pio\build\uno_r4_wifi\libFrameworkArduino.a(analog.cpp.o)
                0x000077a8                analogWrite
 .text._Z23__get_timer_for_channeli
                0x000078c8       0x2c .pio\build\uno_r4_wifi\libFrameworkArduino.a(analog.cpp.o)
                0x000078c8                __get_timer_for_channel(int)
 .text.startup._GLOBAL__sub_I__ZN13ADC_ContainerC2EhPFvP20st_adc_callback_argsEPv
                0x000078f4       0x4c .pio\build\uno_r4_wifi\libFrameworkArduino.a(analog.cpp.o)
 .text.exit._GLOBAL__sub_D__ZN13ADC_ContainerC2EhPFvP20st_adc_callback_argsEPv
                0x00007940       0x1c .pio\build\uno_r4_wifi\libFrameworkArduino.a(analog.cpp.o)
 .text._Z3maplllll
                0x0000795c       0x14 .pio\build\uno_r4_wifi\libFrameworkArduino.a(Common.cpp.o)
                0x0000795c                map(long, long, long, long, long)
 .text._ZNK7arduino9IPAddress7printToERNS_5PrintE
                0x00007970      0x17c .pio\build\uno_r4_wifi\libFrameworkArduino.a(IPAddress.cpp.o)
                0x00007970                arduino::IPAddress::printTo(arduino::Print&) const
 .text._ZN7arduino9IPAddressC2ENS_6IPTypeE
                0x00007aec       0x1c .pio\build\uno_r4_wifi\libFrameworkArduino.a(IPAddress.cpp.o)
                0x00007aec                arduino::IPAddress::IPAddress(arduino::IPType)
                0x00007aec                arduino::IPAddress::IPAddress(arduino::IPType)
 .text._ZN7arduino9IPAddressC2Ev
                0x00007b08        0xe .pio\build\uno_r4_wifi\libFrameworkArduino.a(IPAddress.cpp.o)
                0x00007b08                arduino::IPAddress::IPAddress()
                0x00007b08                arduino::IPAddress::IPAddress()
 *fill*         0x00007b16        0x2 ff
 .text._ZN7arduino9IPAddressC2Ehhhh
                0x00007b18       0x30 .pio\build\uno_r4_wifi\libFrameworkArduino.a(IPAddress.cpp.o)
                0x00007b18                arduino::IPAddress::IPAddress(unsigned char, unsigned char, unsigned char, unsigned char)
                0x00007b18                arduino::IPAddress::IPAddress(unsigned char, unsigned char, unsigned char, unsigned char)
 .text._ZNK7arduino9IPAddress9toString4Ev
                0x00007b48       0x34 .pio\build\uno_r4_wifi\libFrameworkArduino.a(IPAddress.cpp.o)
                0x00007b48                arduino::IPAddress::toString4() const
 .text._ZNK7arduino9IPAddress9toString6Ev
                0x00007b7c       0x60 .pio\build\uno_r4_wifi\libFrameworkArduino.a(IPAddress.cpp.o)
                0x00007b7c                arduino::IPAddress::toString6() const
 .text._ZNK7arduino9IPAddress8toStringEv
                0x00007bdc       0x16 .pio\build\uno_r4_wifi\libFrameworkArduino.a(IPAddress.cpp.o)
                0x00007bdc                arduino::IPAddress::toString() const
 .text._ZN7arduino9IPAddress11fromString4EPKc
                0x00007bf2       0x70 .pio\build\uno_r4_wifi\libFrameworkArduino.a(IPAddress.cpp.o)
                0x00007bf2                arduino::IPAddress::fromString4(char const*)
 .text._ZN7arduino9IPAddress11fromString6EPKc
                0x00007c62       0xfa .pio\build\uno_r4_wifi\libFrameworkArduino.a(IPAddress.cpp.o)
                0x00007c62                arduino::IPAddress::fromString6(char const*)
 .text._ZN7arduino9IPAddress10fromStringEPKc
                0x00007d5c       0x1a .pio\build\uno_r4_wifi\libFrameworkArduino.a(IPAddress.cpp.o)
                0x00007d5c                arduino::IPAddress::fromString(char const*)
 .text._ZN7arduino9IPAddressixEi
                0x00007d76        0xe .pio\build\uno_r4_wifi\libFrameworkArduino.a(IPAddress.cpp.o)
                0x00007d76                arduino::IPAddress::operator[](int)
 .text.startup._GLOBAL__sub_I__ZN7arduino9IPAddressC2Ev
                0x00007d84       0x28 .pio\build\uno_r4_wifi\libFrameworkArduino.a(IPAddress.cpp.o)
 .text._ZN7arduino5Print5writeEPKhj
                0x00007dac       0x2c .pio\build\uno_r4_wifi\libFrameworkArduino.a(Print.cpp.o)
                0x00007dac                arduino::Print::write(unsigned char const*, unsigned int)
 .text._ZN7arduino5Print5writeEPKc.part.2
                0x00007dd8       0x1e .pio\build\uno_r4_wifi\libFrameworkArduino.a(Print.cpp.o)
 .text._ZN7arduino5Print5writeEPKc
                0x00007df6        0xa .pio\build\uno_r4_wifi\libFrameworkArduino.a(Print.cpp.o)
                0x00007df6                arduino::Print::write(char const*)
 .text._ZN7arduino5Print5printERKNS_6StringE
                0x00007e00        0xa .pio\build\uno_r4_wifi\libFrameworkArduino.a(Print.cpp.o)
                0x00007e00                arduino::Print::print(arduino::String const&)
 .text._ZN7arduino5Print5printEPKc
                0x00007e0a        0x8 .pio\build\uno_r4_wifi\libFrameworkArduino.a(Print.cpp.o)
                0x00007e0a                arduino::Print::print(char const*)
 .text._ZN7arduino5Print5printEc
                0x00007e12        0x8 .pio\build\uno_r4_wifi\libFrameworkArduino.a(Print.cpp.o)
                0x00007e12                arduino::Print::print(char)
 .text._ZN7arduino5Print5printERKNS_9PrintableE
                0x00007e1a        0xc .pio\build\uno_r4_wifi\libFrameworkArduino.a(Print.cpp.o)
                0x00007e1a                arduino::Print::print(arduino::Printable const&)
 *fill*         0x00007e26        0x2 ff
 .text._ZN7arduino5Print7printlnEv
                0x00007e28        0xc .pio\build\uno_r4_wifi\libFrameworkArduino.a(Print.cpp.o)
                0x00007e28                arduino::Print::println()
 .text._ZN7arduino5Print7printlnEPKc
                0x00007e34       0x14 .pio\build\uno_r4_wifi\libFrameworkArduino.a(Print.cpp.o)
                0x00007e34                arduino::Print::println(char const*)
 .text._ZN7arduino5Print7printlnERKNS_9PrintableE
                0x00007e48       0x14 .pio\build\uno_r4_wifi\libFrameworkArduino.a(Print.cpp.o)
                0x00007e48                arduino::Print::println(arduino::Printable const&)
 .text._ZN7arduino5Print11printNumberEmh
                0x00007e5c       0x3c .pio\build\uno_r4_wifi\libFrameworkArduino.a(Print.cpp.o)
                0x00007e5c                arduino::Print::printNumber(unsigned long, unsigned char)
 .text._ZN7arduino5Print5printEli
                0x00007e98       0x44 .pio\build\uno_r4_wifi\libFrameworkArduino.a(Print.cpp.o)
                0x00007e98                arduino::Print::print(long, int)
 .text._ZN7arduino5Print5printEii
                0x00007edc        0x4 .pio\build\uno_r4_wifi\libFrameworkArduino.a(Print.cpp.o)
                0x00007edc                arduino::Print::print(int, int)
 .text._ZN7arduino5Print7printlnEii
                0x00007ee0       0x14 .pio\build\uno_r4_wifi\libFrameworkArduino.a(Print.cpp.o)
                0x00007ee0                arduino::Print::println(int, int)
 .text._ZN7arduino5Print5printEmi
                0x00007ef4       0x1a .pio\build\uno_r4_wifi\libFrameworkArduino.a(Print.cpp.o)
                0x00007ef4                arduino::Print::print(unsigned long, int)
 .text._ZN7arduino5Print5printEhi
                0x00007f0e        0x4 .pio\build\uno_r4_wifi\libFrameworkArduino.a(Print.cpp.o)
                0x00007f0e                arduino::Print::print(unsigned char, int)
 .text._ZN7arduino5Print7printlnEhi
                0x00007f12       0x14 .pio\build\uno_r4_wifi\libFrameworkArduino.a(Print.cpp.o)
                0x00007f12                arduino::Print::println(unsigned char, int)
 .text._ZN7arduino5Print5printEji
                0x00007f26        0x4 .pio\build\uno_r4_wifi\libFrameworkArduino.a(Print.cpp.o)
                0x00007f26                arduino::Print::print(unsigned int, int)
 .text._ZN7arduino5Print7printlnEji
                0x00007f2a       0x14 .pio\build\uno_r4_wifi\libFrameworkArduino.a(Print.cpp.o)
                0x00007f2a                arduino::Print::println(unsigned int, int)
 .text._ZN7arduino6Stream9timedReadEv
                0x00007f3e       0x2a .pio\build\uno_r4_wifi\libFrameworkArduino.a(Stream.cpp.o)
                0x00007f3e                arduino::Stream::timedRead()
 .text._ZN7arduino6Stream10setTimeoutEm
                0x00007f68        0x4 .pio\build\uno_r4_wifi\libFrameworkArduino.a(Stream.cpp.o)
                0x00007f68                arduino::Stream::setTimeout(unsigned long)
 .text._ZN7arduino6Stream15readStringUntilEc
                0x00007f6c       0x30 .pio\build\uno_r4_wifi\libFrameworkArduino.a(Stream.cpp.o)
                0x00007f6c                arduino::Stream::readStringUntil(char)
 .text._ZN7arduino6StringC2EOS0_
                0x00007f9c       0x16 .pio\build\uno_r4_wifi\libFrameworkArduino.a(String.cpp.o)
                0x00007f9c                arduino::String::String(arduino::String&&)
                0x00007f9c                arduino::String::String(arduino::String&&)
 .text._ZN7arduino6StringD2Ev
                0x00007fb2       0x10 .pio\build\uno_r4_wifi\libFrameworkArduino.a(String.cpp.o)
                0x00007fb2                arduino::String::~String()
                0x00007fb2                arduino::String::~String()
 .text._ZN7arduino6String10invalidateEv
                0x00007fc2       0x16 .pio\build\uno_r4_wifi\libFrameworkArduino.a(String.cpp.o)
                0x00007fc2                arduino::String::invalidate()
 .text._ZN7arduino6String12changeBufferEj
                0x00007fd8       0x18 .pio\build\uno_r4_wifi\libFrameworkArduino.a(String.cpp.o)
                0x00007fd8                arduino::String::changeBuffer(unsigned int)
 .text._ZN7arduino6String7reserveEj
                0x00007ff0       0x28 .pio\build\uno_r4_wifi\libFrameworkArduino.a(String.cpp.o)
                0x00007ff0                arduino::String::reserve(unsigned int)
 .text._ZN7arduino6String4copyEPKcj
                0x00008018       0x30 .pio\build\uno_r4_wifi\libFrameworkArduino.a(String.cpp.o)
                0x00008018                arduino::String::copy(char const*, unsigned int)
 .text._ZN7arduino6StringC2EPKc
                0x00008048       0x24 .pio\build\uno_r4_wifi\libFrameworkArduino.a(String.cpp.o)
                0x00008048                arduino::String::String(char const*)
                0x00008048                arduino::String::String(char const*)
 .text._ZN7arduino6StringaSEPKc.part.4
                0x0000806c       0x1a .pio\build\uno_r4_wifi\libFrameworkArduino.a(String.cpp.o)
 .text._ZN7arduino6StringC2Ehh
                0x00008086       0x22 .pio\build\uno_r4_wifi\libFrameworkArduino.a(String.cpp.o)
                0x00008086                arduino::String::String(unsigned char, unsigned char)
                0x00008086                arduino::String::String(unsigned char, unsigned char)
 .text._ZN7arduino6StringaSERKS0_
                0x000080a8       0x1e .pio\build\uno_r4_wifi\libFrameworkArduino.a(String.cpp.o)
                0x000080a8                arduino::String::operator=(arduino::String const&)
 .text._ZN7arduino6StringC2ERKS0_
                0x000080c6       0x14 .pio\build\uno_r4_wifi\libFrameworkArduino.a(String.cpp.o)
                0x000080c6                arduino::String::String(arduino::String const&)
                0x000080c6                arduino::String::String(arduino::String const&)
 .text._ZN7arduino6StringaSEPKc
                0x000080da       0x14 .pio\build\uno_r4_wifi\libFrameworkArduino.a(String.cpp.o)
                0x000080da                arduino::String::operator=(char const*)
 .text._ZN7arduino6String6concatEPKcj
                0x000080ee       0x42 .pio\build\uno_r4_wifi\libFrameworkArduino.a(String.cpp.o)
                0x000080ee                arduino::String::concat(char const*, unsigned int)
 .text._ZN7arduino6String6concatERKS0_
                0x00008130        0x8 .pio\build\uno_r4_wifi\libFrameworkArduino.a(String.cpp.o)
                0x00008130                arduino::String::concat(arduino::String const&)
 .text._ZN7arduino6String6concatEPKc.part.6
                0x00008138       0x1a .pio\build\uno_r4_wifi\libFrameworkArduino.a(String.cpp.o)
 .text._ZN7arduino6String6concatEPKc
                0x00008152        0xa .pio\build\uno_r4_wifi\libFrameworkArduino.a(String.cpp.o)
                0x00008152                arduino::String::concat(char const*)
 .text._ZN7arduino6String6concatEc
                0x0000815c       0x16 .pio\build\uno_r4_wifi\libFrameworkArduino.a(String.cpp.o)
                0x0000815c                arduino::String::concat(char)
 .text._ZN7arduino6String6concatEh
                0x00008172       0x1a .pio\build\uno_r4_wifi\libFrameworkArduino.a(String.cpp.o)
                0x00008172                arduino::String::concat(unsigned char)
 .text._ZN7arduino6String6concatEi
                0x0000818c       0x1a .pio\build\uno_r4_wifi\libFrameworkArduino.a(String.cpp.o)
                0x0000818c                arduino::String::concat(int)
 .text._ZN7arduinoplERKNS_15StringSumHelperERKNS_6StringE
                0x000081a6       0x18 .pio\build\uno_r4_wifi\libFrameworkArduino.a(String.cpp.o)
                0x000081a6                arduino::operator+(arduino::StringSumHelper const&, arduino::String const&)
 .text._ZN7arduinoplERKNS_15StringSumHelperEPKc
                0x000081be       0x1a .pio\build\uno_r4_wifi\libFrameworkArduino.a(String.cpp.o)
                0x000081be                arduino::operator+(arduino::StringSumHelper const&, char const*)
 .text._ZNK7arduino6String9compareToEPKc
                0x000081d8       0x2a .pio\build\uno_r4_wifi\libFrameworkArduino.a(String.cpp.o)
                0x000081d8                arduino::String::compareTo(char const*) const
 .text._ZNK7arduino6String6equalsEPKc
                0x00008202       0x28 .pio\build\uno_r4_wifi\libFrameworkArduino.a(String.cpp.o)
                0x00008202                arduino::String::equals(char const*) const
 .text._ZNK7arduino6String10startsWithERKS0_j
                0x0000822a       0x2c .pio\build\uno_r4_wifi\libFrameworkArduino.a(String.cpp.o)
                0x0000822a                arduino::String::startsWith(arduino::String const&, unsigned int) const
 .text._ZNK7arduino6String10startsWithERKS0_
                0x00008256       0x12 .pio\build\uno_r4_wifi\libFrameworkArduino.a(String.cpp.o)
                0x00008256                arduino::String::startsWith(arduino::String const&) const
 .text._ZNK7arduino6String7indexOfEcj
                0x00008268       0x22 .pio\build\uno_r4_wifi\libFrameworkArduino.a(String.cpp.o)
                0x00008268                arduino::String::indexOf(char, unsigned int) const
 .text._ZNK7arduino6String7indexOfEc
                0x0000828a        0x6 .pio\build\uno_r4_wifi\libFrameworkArduino.a(String.cpp.o)
                0x0000828a                arduino::String::indexOf(char) const
 .text._ZNK7arduino6String7indexOfERKS0_j
                0x00008290       0x24 .pio\build\uno_r4_wifi\libFrameworkArduino.a(String.cpp.o)
                0x00008290                arduino::String::indexOf(arduino::String const&, unsigned int) const
 .text._ZNK7arduino6String7indexOfERKS0_
                0x000082b4        0x6 .pio\build\uno_r4_wifi\libFrameworkArduino.a(String.cpp.o)
                0x000082b4                arduino::String::indexOf(arduino::String const&) const
 .text._ZNK7arduino6String11lastIndexOfERKS0_j
                0x000082ba       0x48 .pio\build\uno_r4_wifi\libFrameworkArduino.a(String.cpp.o)
                0x000082ba                arduino::String::lastIndexOf(arduino::String const&, unsigned int) const
 *fill*         0x00008302        0x2 ff
 .text._ZNK7arduino6String9substringEjj
                0x00008304       0x40 .pio\build\uno_r4_wifi\libFrameworkArduino.a(String.cpp.o)
                0x00008304                arduino::String::substring(unsigned int, unsigned int) const
 .text._ZN7arduino6String7replaceERKS0_S2_
                0x00008344      0x110 .pio\build\uno_r4_wifi\libFrameworkArduino.a(String.cpp.o)
                0x00008344                arduino::String::replace(arduino::String const&, arduino::String const&)
 .text._ZN7arduino6String4trimEv
                0x00008454       0x52 .pio\build\uno_r4_wifi\libFrameworkArduino.a(String.cpp.o)
                0x00008454                arduino::String::trim()
 .text._ZNK7arduino6String5toIntEv
                0x000084a6        0xa .pio\build\uno_r4_wifi\libFrameworkArduino.a(String.cpp.o)
                0x000084a6                arduino::String::toInt() const
 .text._ZN4CDacC2Eh
                0x000084b0       0x6c .pio\build\uno_r4_wifi\libFrameworkArduino.a(dac.cpp.o)
                0x000084b0                CDac::CDac(unsigned char)
                0x000084b0                CDac::CDac(unsigned char)
 .text._ZN4CDac11analogWriteEi
                0x0000851c       0x88 .pio\build\uno_r4_wifi\libFrameworkArduino.a(dac.cpp.o)
                0x0000851c                CDac::analogWrite(int)
 .text.startup._GLOBAL__sub_I__ZN4CDacC2Eh
                0x000085a4        0xc .pio\build\uno_r4_wifi\libFrameworkArduino.a(dac.cpp.o)
 .text.pinMode  0x000085b0       0x30 .pio\build\uno_r4_wifi\libFrameworkArduino.a(digital.cpp.o)
                0x000085b0                pinMode
 .text.digitalWrite
                0x000085e0       0x18 .pio\build\uno_r4_wifi\libFrameworkArduino.a(digital.cpp.o)
                0x000085e0                digitalWrite
 .text.ltoa     0x000085f8       0x70 .pio\build\uno_r4_wifi\libFrameworkArduino.a(itoa.c.o)
                0x000085f8                ltoa
 .text.itoa     0x00008668        0x4 .pio\build\uno_r4_wifi\libFrameworkArduino.a(itoa.c.o)
                0x00008668                itoa
 .text.ultoa    0x0000866c       0x52 .pio\build\uno_r4_wifi\libFrameworkArduino.a(itoa.c.o)
                0x0000866c                ultoa
 .text.utoa     0x000086be        0x4 .pio\build\uno_r4_wifi\libFrameworkArduino.a(itoa.c.o)
                0x000086be                utoa
 *fill*         0x000086c2        0x2 ff
 .text.R_BSP_PinAccessEnable
                0x000086c4       0x2c .pio\build\uno_r4_wifi\libFrameworkArduino.a(main.cpp.o)
 .text.start_freertos_on_header_inclusion
                0x000086f0        0x2 .pio\build\uno_r4_wifi\libFrameworkArduino.a(main.cpp.o)
                0x000086f0                start_freertos_on_header_inclusion
 .text.early_start_freertos_on_header_inclusion
                0x000086f2        0x2 .pio\build\uno_r4_wifi\libFrameworkArduino.a(main.cpp.o)
                0x000086f2                early_start_freertos_on_header_inclusion
 .text._Z12arduino_mainv
                0x000086f4       0x94 .pio\build\uno_r4_wifi\libFrameworkArduino.a(main.cpp.o)
                0x000086f4                arduino_main()
 .text._write   0x00008788        0xc .pio\build\uno_r4_wifi\libFrameworkArduino.a(main.cpp.o)
                0x00008788                _write
 .text.hal_entry
                0x00008794        0x6 .pio\build\uno_r4_wifi\libFrameworkArduino.a(main.cpp.o)
                0x00008794                hal_entry
 .text.atexit   0x0000879a        0x4 .pio\build\uno_r4_wifi\libFrameworkArduino.a(main.cpp.o)
                0x0000879a                atexit
 *fill*         0x0000879e        0x2 ff
 .text._Z13pinPeripheral19e_bsp_io_port_pin_tm
                0x000087a0       0x10 .pio\build\uno_r4_wifi\libFrameworkArduino.a(pinDefinitions.cpp.o)
                0x000087a0                pinPeripheral(e_bsp_io_port_pin_t, unsigned long)
 .text._ZN6PwmOutC2Ei
                0x000087b0       0x14 .pio\build\uno_r4_wifi\libFrameworkArduino.a(pwm.cpp.o)
                0x000087b0                PwmOut::PwmOut(int)
                0x000087b0                PwmOut::PwmOut(int)
 .text._ZN6PwmOutD2Ev
                0x000087c4        0xe .pio\build\uno_r4_wifi\libFrameworkArduino.a(pwm.cpp.o)
                0x000087c4                PwmOut::~PwmOut()
                0x000087c4                PwmOut::~PwmOut()
 *fill*         0x000087d2        0x2 ff
 .text._ZN6PwmOut7cfg_pinEi
                0x000087d4       0x74 .pio\build\uno_r4_wifi\libFrameworkArduino.a(pwm.cpp.o)
                0x000087d4                PwmOut::cfg_pin(int)
 .text._ZN6PwmOut5beginEv
                0x00008848       0x28 .pio\build\uno_r4_wifi\libFrameworkArduino.a(pwm.cpp.o)
                0x00008848                PwmOut::begin()
 .text._ZN6PwmOut14pulseWidth_rawEi
                0x00008870        0x8 .pio\build\uno_r4_wifi\libFrameworkArduino.a(pwm.cpp.o)
                0x00008870                PwmOut::pulseWidth_raw(int)
 .text._ZN6PwmOut10pulse_percEf
                0x00008878       0x40 .pio\build\uno_r4_wifi\libFrameworkArduino.a(pwm.cpp.o)
                0x00008878                PwmOut::pulse_perc(float)
 .text._ZN6PwmOut3endEv
                0x000088b8       0x10 .pio\build\uno_r4_wifi\libFrameworkArduino.a(pwm.cpp.o)
                0x000088b8                PwmOut::end()
 .text._ZL21timer_micros_callbackP22st_timer_callback_args
                0x000088c8       0x10 .pio\build\uno_r4_wifi\libFrameworkArduino.a(time.cpp.o)
 .text.delayMicroseconds
                0x000088d8        0x6 .pio\build\uno_r4_wifi\libFrameworkArduino.a(time.cpp.o)
                0x000088d8                delayMicroseconds
 .text.yield    0x000088de        0x2 .pio\build\uno_r4_wifi\libFrameworkArduino.a(time.cpp.o)
                0x000088de                yield
 .text.delay    0x000088e0       0x1c .pio\build\uno_r4_wifi\libFrameworkArduino.a(time.cpp.o)
                0x000088e0                delay
 .text._Z8startAgtv
                0x000088fc       0x6c .pio\build\uno_r4_wifi\libFrameworkArduino.a(time.cpp.o)
                0x000088fc                startAgt()
 .text.millis   0x00008968        0xc .pio\build\uno_r4_wifi\libFrameworkArduino.a(time.cpp.o)
                0x00008968                millis
 .text.startup._GLOBAL__sub_I_delayMicroseconds
                0x00008974        0xc .pio\build\uno_r4_wifi\libFrameworkArduino.a(time.cpp.o)
 .text.exit._GLOBAL__sub_D_delayMicroseconds
                0x00008980        0xc .pio\build\uno_r4_wifi\libFrameworkArduino.a(time.cpp.o)
 .text._Z10getPinCfgsh11PinCfgReq_t
                0x0000898c       0xe0 .pio\build\uno_r4_wifi\libFrameworkArduino.a(variant_helper.cpp.o)
                0x0000898c                getPinCfgs(unsigned char, PinCfgReq_t)
 .text.R_FSP_SystemClockHzGet
                0x00008a6c       0x24 .pio\build\uno_r4_wifi\libFrameworkArduino.a(FspTimer.cpp.o)
 .text._ZN8FspTimer17set_period_countsEhfm.part.2
                0x00008a90      0x158 .pio\build\uno_r4_wifi\libFrameworkArduino.a(FspTimer.cpp.o)
 .text._ZN8FspTimerC2Ev
                0x00008be8       0x18 .pio\build\uno_r4_wifi\libFrameworkArduino.a(FspTimer.cpp.o)
                0x00008be8                FspTimer::FspTimer()
                0x00008be8                FspTimer::FspTimer()
 .text._ZN8FspTimer5beginE12e_timer_modehhmm18e_timer_source_divPFvP22st_timer_callback_argsEPv
                0x00008c00      0x16c .pio\build\uno_r4_wifi\libFrameworkArduino.a(FspTimer.cpp.o)
                0x00008c00                FspTimer::begin(e_timer_mode, unsigned char, unsigned char, unsigned long, unsigned long, e_timer_source_div, void (*)(st_timer_callback_args*), void*)
 .text._ZN8FspTimer17set_period_countsEhfm
                0x00008d6c       0xd8 .pio\build\uno_r4_wifi\libFrameworkArduino.a(FspTimer.cpp.o)
                0x00008d6c                FspTimer::set_period_counts(unsigned char, float, unsigned long)
 .text._ZN8FspTimer5beginE12e_timer_modehhffPFvP22st_timer_callback_argsEPv
                0x00008e44       0xb8 .pio\build\uno_r4_wifi\libFrameworkArduino.a(FspTimer.cpp.o)
                0x00008e44                FspTimer::begin(e_timer_mode, unsigned char, unsigned char, float, float, void (*)(st_timer_callback_args*), void*)
 .text._ZN8FspTimer18enable_pwm_channelE17TimerPWMChannel_t
                0x00008efc       0x36 .pio\build\uno_r4_wifi\libFrameworkArduino.a(FspTimer.cpp.o)
                0x00008efc                FspTimer::enable_pwm_channel(TimerPWMChannel_t)
 .text._ZN8FspTimer14get_period_rawEv
                0x00008f32       0x2c .pio\build\uno_r4_wifi\libFrameworkArduino.a(FspTimer.cpp.o)
                0x00008f32                FspTimer::get_period_raw()
 .text._ZN8FspTimer20add_pwm_extended_cfgEv
                0x00008f5e       0x38 .pio\build\uno_r4_wifi\libFrameworkArduino.a(FspTimer.cpp.o)
                0x00008f5e                FspTimer::add_pwm_extended_cfg()
 .text._ZN8FspTimer4openEv
                0x00008f96       0x4e .pio\build\uno_r4_wifi\libFrameworkArduino.a(FspTimer.cpp.o)
                0x00008f96                FspTimer::open()
 .text._ZN8FspTimer5startEv
                0x00008fe4       0x2e .pio\build\uno_r4_wifi\libFrameworkArduino.a(FspTimer.cpp.o)
                0x00008fe4                FspTimer::start()
 *fill*         0x00009012        0x2 ff
 .text._ZN8FspTimer9begin_pwmEhh17TimerPWMChannel_t
                0x00009014       0x60 .pio\build\uno_r4_wifi\libFrameworkArduino.a(FspTimer.cpp.o)
                0x00009014                FspTimer::begin_pwm(unsigned char, unsigned char, TimerPWMChannel_t)
 .text._ZN8FspTimer14set_duty_cycleEm17TimerPWMChannel_t
                0x00009074       0x3c .pio\build\uno_r4_wifi\libFrameworkArduino.a(FspTimer.cpp.o)
                0x00009074                FspTimer::set_duty_cycle(unsigned long, TimerPWMChannel_t)
 .text._ZN8FspTimer5closeEv
                0x000090b0       0x2e .pio\build\uno_r4_wifi\libFrameworkArduino.a(FspTimer.cpp.o)
                0x000090b0                FspTimer::close()
 *fill*         0x000090de        0x2 ff
 .text._ZN8FspTimer3endEv
                0x000090e0       0x48 .pio\build\uno_r4_wifi\libFrameworkArduino.a(FspTimer.cpp.o)
                0x000090e0                FspTimer::end()
 .text._ZN8FspTimerD2Ev
                0x00009128        0xc .pio\build\uno_r4_wifi\libFrameworkArduino.a(FspTimer.cpp.o)
                0x00009128                FspTimer::~FspTimer()
                0x00009128                FspTimer::~FspTimer()
 .text._ZN8FspTimer15get_cfg_for_irqEv
                0x00009134       0x14 .pio\build\uno_r4_wifi\libFrameworkArduino.a(FspTimer.cpp.o)
                0x00009134                FspTimer::get_cfg_for_irq()
 .text._ZN8FspTimer9is_openedEv
                0x00009148       0x18 .pio\build\uno_r4_wifi\libFrameworkArduino.a(FspTimer.cpp.o)
                0x00009148                FspTimer::is_opened()
 .text._ZN8FspTimer18setup_overflow_irqEhPFvvE
                0x00009160       0x4e .pio\build\uno_r4_wifi\libFrameworkArduino.a(FspTimer.cpp.o)
                0x00009160                FspTimer::setup_overflow_irq(unsigned char, void (*)())
 *fill*         0x000091ae        0x2 ff
 .text.__NVIC_SetPriority
                0x000091b0       0x28 .pio\build\uno_r4_wifi\libFrameworkArduino.a(IRQManager.cpp.o)
 .text.R_BSP_IrqEnable
                0x000091d8       0x34 .pio\build\uno_r4_wifi\libFrameworkArduino.a(IRQManager.cpp.o)
 .text.R_BSP_IrqDisable
                0x0000920c       0x24 .pio\build\uno_r4_wifi\libFrameworkArduino.a(IRQManager.cpp.o)
 .text.__tcf_0  0x00009230        0x2 .pio\build\uno_r4_wifi\libFrameworkArduino.a(IRQManager.cpp.o)
 *fill*         0x00009232        0x2 ff
 .text._ZN10IRQManager11getInstanceEv
                0x00009234       0x38 .pio\build\uno_r4_wifi\libFrameworkArduino.a(IRQManager.cpp.o)
                0x00009234                IRQManager::getInstance()
 .text._ZN10IRQManager18set_ext_link_eventEii
                0x0000926c       0xc8 .pio\build\uno_r4_wifi\libFrameworkArduino.a(IRQManager.cpp.o)
                0x0000926c                IRQManager::set_ext_link_event(int, int)
 .text._ZN10IRQManager23set_gpt_over_link_eventEii
                0x00009334       0x70 .pio\build\uno_r4_wifi\libFrameworkArduino.a(IRQManager.cpp.o)
                0x00009334                IRQManager::set_gpt_over_link_event(int, int)
 .text._ZN10IRQManager18set_agt_link_eventEii
                0x000093a4       0x28 .pio\build\uno_r4_wifi\libFrameworkArduino.a(IRQManager.cpp.o)
                0x000093a4                IRQManager::set_agt_link_event(int, int)
 .text._ZN10IRQManager16addTimerOverflowER5timerPFvvE
                0x000093cc       0x80 .pio\build\uno_r4_wifi\libFrameworkArduino.a(IRQManager.cpp.o)
                0x000093cc                IRQManager::addTimerOverflow(timer&, void (*)())
 .text._ZN10IRQManager21set_iic_tx_link_eventEii
                0x0000944c       0x20 .pio\build\uno_r4_wifi\libFrameworkArduino.a(IRQManager.cpp.o)
                0x0000944c                IRQManager::set_iic_tx_link_event(int, int)
 .text._ZN10IRQManager21set_iic_rx_link_eventEii
                0x0000946c       0x20 .pio\build\uno_r4_wifi\libFrameworkArduino.a(IRQManager.cpp.o)
                0x0000946c                IRQManager::set_iic_rx_link_event(int, int)
 .text._ZN10IRQManager22set_iic_tei_link_eventEii
                0x0000948c       0x20 .pio\build\uno_r4_wifi\libFrameworkArduino.a(IRQManager.cpp.o)
                0x0000948c                IRQManager::set_iic_tei_link_event(int, int)
 .text._ZN10IRQManager22set_iic_eri_link_eventEii
                0x000094ac       0x20 .pio\build\uno_r4_wifi\libFrameworkArduino.a(IRQManager.cpp.o)
                0x000094ac                IRQManager::set_iic_eri_link_event(int, int)
 .text._ZN10IRQManager21set_sci_tx_link_eventEii
                0x000094cc       0x38 .pio\build\uno_r4_wifi\libFrameworkArduino.a(IRQManager.cpp.o)
                0x000094cc                IRQManager::set_sci_tx_link_event(int, int)
 .text._ZN10IRQManager21set_sci_rx_link_eventEii
                0x00009504       0x38 .pio\build\uno_r4_wifi\libFrameworkArduino.a(IRQManager.cpp.o)
                0x00009504                IRQManager::set_sci_rx_link_event(int, int)
 .text._ZN10IRQManager22set_sci_tei_link_eventEii
                0x0000953c       0x38 .pio\build\uno_r4_wifi\libFrameworkArduino.a(IRQManager.cpp.o)
                0x0000953c                IRQManager::set_sci_tei_link_event(int, int)
 .text._ZN10IRQManager22set_sci_eri_link_eventEii
                0x00009574       0x38 .pio\build\uno_r4_wifi\libFrameworkArduino.a(IRQManager.cpp.o)
                0x00009574                IRQManager::set_sci_eri_link_event(int, int)
 .text._ZN10IRQManager21set_spi_tx_link_eventEii
                0x000095ac       0x20 .pio\build\uno_r4_wifi\libFrameworkArduino.a(IRQManager.cpp.o)
                0x000095ac                IRQManager::set_spi_tx_link_event(int, int)
 .text._ZN10IRQManager21set_spi_rx_link_eventEii
                0x000095cc       0x20 .pio\build\uno_r4_wifi\libFrameworkArduino.a(IRQManager.cpp.o)
                0x000095cc                IRQManager::set_spi_rx_link_event(int, int)
 .text._ZN10IRQManager22set_spi_tei_link_eventEii
                0x000095ec       0x20 .pio\build\uno_r4_wifi\libFrameworkArduino.a(IRQManager.cpp.o)
                0x000095ec                IRQManager::set_spi_tei_link_event(int, int)
 .text._ZN10IRQManager22set_spi_eri_link_eventEii
                0x0000960c       0x20 .pio\build\uno_r4_wifi\libFrameworkArduino.a(IRQManager.cpp.o)
                0x0000960c                IRQManager::set_spi_eri_link_event(int, int)
 .text._ZN10IRQManager13addPeripheralE12Peripheral_tPv
                0x0000962c      0x904 .pio\build\uno_r4_wifi\libFrameworkArduino.a(IRQManager.cpp.o)
                0x0000962c                IRQManager::addPeripheral(Peripheral_t, void*)
 .text.dump_stack
                0x00009f30       0x7c .pio\build\uno_r4_wifi\libFrameworkArduino.a(cm_backtrace.c.o)
 .text.cm_backtrace_init
                0x00009fac       0x74 .pio\build\uno_r4_wifi\libFrameworkArduino.a(cm_backtrace.c.o)
                0x00009fac                cm_backtrace_init
 .text.cm_backtrace_firmware_info
                0x0000a020       0x2c .pio\build\uno_r4_wifi\libFrameworkArduino.a(cm_backtrace.c.o)
                0x0000a020                cm_backtrace_firmware_info
 .text.cm_backtrace_call_stack
                0x0000a04c       0xe4 .pio\build\uno_r4_wifi\libFrameworkArduino.a(cm_backtrace.c.o)
                0x0000a04c                cm_backtrace_call_stack
 .text.print_call_stack
                0x0000a130       0x94 .pio\build\uno_r4_wifi\libFrameworkArduino.a(cm_backtrace.c.o)
 .text.cm_backtrace_fault
                0x0000a1c4      0x470 .pio\build\uno_r4_wifi\libFrameworkArduino.a(cm_backtrace.c.o)
                0x0000a1c4                cm_backtrace_fault
 .text.Stacktrace_Handler
                0x0000a634        0xa .pio\build\uno_r4_wifi\libFrameworkArduino.a(cortex_handlers.c.o)
                0x0000a634                Stacktrace_Handler
 *fill*         0x0000a63e        0x2 ff
 .text.r_spi_call_callback
                0x0000a640       0x40 C:\Users\Alex\.platformio\packages\framework-arduinorenesas-uno\variants\UNOWIFIR4\libs\libfsp.a(r_spi.o)
 .text.spi_rxi_isr
                0x0000a680       0x9c C:\Users\Alex\.platformio\packages\framework-arduinorenesas-uno\variants\UNOWIFIR4\libs\libfsp.a(r_spi.o)
                0x0000a680                spi_rxi_isr
 .text.spi_txi_isr
                0x0000a71c       0xd8 C:\Users\Alex\.platformio\packages\framework-arduinorenesas-uno\variants\UNOWIFIR4\libs\libfsp.a(r_spi.o)
                0x0000a71c                spi_txi_isr
 .text.spi_tei_isr
                0x0000a7f4       0xe0 C:\Users\Alex\.platformio\packages\framework-arduinorenesas-uno\variants\UNOWIFIR4\libs\libfsp.a(r_spi.o)
                0x0000a7f4                spi_tei_isr
 .text.spi_eri_isr
                0x0000a8d4       0xdc C:\Users\Alex\.platformio\packages\framework-arduinorenesas-uno\variants\UNOWIFIR4\libs\libfsp.a(r_spi.o)
                0x0000a8d4                spi_eri_isr
 .text.R_SCI_UART_Write
                0x0000a9b0       0xb0 C:\Users\Alex\.platformio\packages\framework-arduinorenesas-uno\variants\UNOWIFIR4\libs\libfsp.a(r_sci_uart.o)
                0x0000a9b0                R_SCI_UART_Write
 .text.R_SCI_UART_BaudSet
                0x0000aa60       0x44 C:\Users\Alex\.platformio\packages\framework-arduinorenesas-uno\variants\UNOWIFIR4\libs\libfsp.a(r_sci_uart.o)
                0x0000aa60                R_SCI_UART_BaudSet
 .text.R_SCI_UART_Close
                0x0000aaa4       0xd8 C:\Users\Alex\.platformio\packages\framework-arduinorenesas-uno\variants\UNOWIFIR4\libs\libfsp.a(r_sci_uart.o)
                0x0000aaa4                R_SCI_UART_Close
 .text.r_sci_uart_call_callback
                0x0000ab7c       0x44 C:\Users\Alex\.platformio\packages\framework-arduinorenesas-uno\variants\UNOWIFIR4\libs\libfsp.a(r_sci_uart.o)
 .text.r_sci_uart_transfer_configure.isra.0
                0x0000abc0       0x38 C:\Users\Alex\.platformio\packages\framework-arduinorenesas-uno\variants\UNOWIFIR4\libs\libfsp.a(r_sci_uart.o)
 .text.R_SCI_UART_Open
                0x0000abf8      0x448 C:\Users\Alex\.platformio\packages\framework-arduinorenesas-uno\variants\UNOWIFIR4\libs\libfsp.a(r_sci_uart.o)
                0x0000abf8                R_SCI_UART_Open
 .text.R_SCI_UART_BaudCalculate
                0x0000b040      0x184 C:\Users\Alex\.platformio\packages\framework-arduinorenesas-uno\variants\UNOWIFIR4\libs\libfsp.a(r_sci_uart.o)
                0x0000b040                R_SCI_UART_BaudCalculate
 .text.sci_uart_txi_isr
                0x0000b1c4       0xec C:\Users\Alex\.platformio\packages\framework-arduinorenesas-uno\variants\UNOWIFIR4\libs\libfsp.a(r_sci_uart.o)
                0x0000b1c4                sci_uart_txi_isr
 .text.sci_uart_rxi_isr
                0x0000b2b0      0x184 C:\Users\Alex\.platformio\packages\framework-arduinorenesas-uno\variants\UNOWIFIR4\libs\libfsp.a(r_sci_uart.o)
                0x0000b2b0                sci_uart_rxi_isr
 .text.sci_uart_tei_isr
                0x0000b434       0x40 C:\Users\Alex\.platformio\packages\framework-arduinorenesas-uno\variants\UNOWIFIR4\libs\libfsp.a(r_sci_uart.o)
                0x0000b434                sci_uart_tei_isr
 .text.sci_uart_eri_isr
                0x0000b474       0x78 C:\Users\Alex\.platformio\packages\framework-arduinorenesas-uno\variants\UNOWIFIR4\libs\libfsp.a(r_sci_uart.o)
                0x0000b474                sci_uart_eri_isr
 .text.r_sci_spi_call_callback
                0x0000b4ec       0x40 C:\Users\Alex\.platformio\packages\framework-arduinorenesas-uno\variants\UNOWIFIR4\libs\libfsp.a(r_sci_spi.o)
 .text.sci_spi_txi_isr
                0x0000b52c       0x68 C:\Users\Alex\.platformio\packages\framework-arduinorenesas-uno\variants\UNOWIFIR4\libs\libfsp.a(r_sci_spi.o)
                0x0000b52c                sci_spi_txi_isr
 .text.sci_spi_rxi_isr
                0x0000b594       0x74 C:\Users\Alex\.platformio\packages\framework-arduinorenesas-uno\variants\UNOWIFIR4\libs\libfsp.a(r_sci_spi.o)
                0x0000b594                sci_spi_rxi_isr
 .text.sci_spi_tei_isr
                0x0000b608       0x3c C:\Users\Alex\.platformio\packages\framework-arduinorenesas-uno\variants\UNOWIFIR4\libs\libfsp.a(r_sci_spi.o)
                0x0000b608                sci_spi_tei_isr
 .text.sci_spi_eri_isr
                0x0000b644       0x44 C:\Users\Alex\.platformio\packages\framework-arduinorenesas-uno\variants\UNOWIFIR4\libs\libfsp.a(r_sci_spi.o)
                0x0000b644                sci_spi_eri_isr
 .text.sci_i2c_enable_transfer_support_tx
                0x0000b688       0x34 C:\Users\Alex\.platformio\packages\framework-arduinorenesas-uno\variants\UNOWIFIR4\libs\libfsp.a(r_sci_i2c.o)
 .text.sci_i2c_notify
                0x0000b6bc       0x64 C:\Users\Alex\.platformio\packages\framework-arduinorenesas-uno\variants\UNOWIFIR4\libs\libfsp.a(r_sci_i2c.o)
                0x0000b6bc                sci_i2c_notify
 .text.sci_i2c_rxi_isr
                0x0000b720       0x20 C:\Users\Alex\.platformio\packages\framework-arduinorenesas-uno\variants\UNOWIFIR4\libs\libfsp.a(r_sci_i2c.o)
                0x0000b720                sci_i2c_rxi_isr
 .text.sci_i2c_txi_isr
                0x0000b740      0x198 C:\Users\Alex\.platformio\packages\framework-arduinorenesas-uno\variants\UNOWIFIR4\libs\libfsp.a(r_sci_i2c.o)
                0x0000b740                sci_i2c_txi_isr
 .text.sci_i2c_tei_isr
                0x0000b8d8       0xf0 C:\Users\Alex\.platformio\packages\framework-arduinorenesas-uno\variants\UNOWIFIR4\libs\libfsp.a(r_sci_i2c.o)
                0x0000b8d8                sci_i2c_tei_isr
 .text.rtc_alarm_periodic_isr
                0x0000b9c8       0x68 C:\Users\Alex\.platformio\packages\framework-arduinorenesas-uno\variants\UNOWIFIR4\libs\libfsp.a(r_rtc.o)
                0x0000b9c8                rtc_alarm_periodic_isr
 .text.rtc_carry_isr
                0x0000ba30       0x2c C:\Users\Alex\.platformio\packages\framework-arduinorenesas-uno\variants\UNOWIFIR4\libs\libfsp.a(r_rtc.o)
                0x0000ba30                rtc_carry_isr
 .text.R_IOPORT_PinWrite
                0x0000ba5c       0x20 C:\Users\Alex\.platformio\packages\framework-arduinorenesas-uno\variants\UNOWIFIR4\libs\libfsp.a(r_ioport.o)
                0x0000ba5c                R_IOPORT_PinWrite
 .text.bsp_vbatt_init
                0x0000ba7c       0xac C:\Users\Alex\.platformio\packages\framework-arduinorenesas-uno\variants\UNOWIFIR4\libs\libfsp.a(r_ioport.o)
 .text.R_IOPORT_PinCfg
                0x0000bb28       0xa8 C:\Users\Alex\.platformio\packages\framework-arduinorenesas-uno\variants\UNOWIFIR4\libs\libfsp.a(r_ioport.o)
                0x0000bb28                R_IOPORT_PinCfg
 .text.r_iic_slave_call_callback
                0x0000bbd0       0x3c C:\Users\Alex\.platformio\packages\framework-arduinorenesas-uno\variants\UNOWIFIR4\libs\libfsp.a(r_iic_slave.o)
 .text.iic_slave_initiate_transaction
                0x0000bc0c       0x74 C:\Users\Alex\.platformio\packages\framework-arduinorenesas-uno\variants\UNOWIFIR4\libs\libfsp.a(r_iic_slave.o)
 .text.iic_slave_rxi_isr
                0x0000bc80      0x12c C:\Users\Alex\.platformio\packages\framework-arduinorenesas-uno\variants\UNOWIFIR4\libs\libfsp.a(r_iic_slave.o)
                0x0000bc80                iic_slave_rxi_isr
 .text.iic_slave_txi_isr
                0x0000bdac       0xa8 C:\Users\Alex\.platformio\packages\framework-arduinorenesas-uno\variants\UNOWIFIR4\libs\libfsp.a(r_iic_slave.o)
                0x0000bdac                iic_slave_txi_isr
 .text.iic_slave_tei_isr
                0x0000be54       0x94 C:\Users\Alex\.platformio\packages\framework-arduinorenesas-uno\variants\UNOWIFIR4\libs\libfsp.a(r_iic_slave.o)
                0x0000be54                iic_slave_tei_isr
 .text.iic_slave_eri_isr
                0x0000bee8      0x10c C:\Users\Alex\.platformio\packages\framework-arduinorenesas-uno\variants\UNOWIFIR4\libs\libfsp.a(r_iic_slave.o)
                0x0000bee8                iic_slave_eri_isr
 .text.iic_master_notify
                0x0000bff4       0x3c C:\Users\Alex\.platformio\packages\framework-arduinorenesas-uno\variants\UNOWIFIR4\libs\libfsp.a(r_iic_master.o)
 .text.iic_master_open_hw_master
                0x0000c030      0x184 C:\Users\Alex\.platformio\packages\framework-arduinorenesas-uno\variants\UNOWIFIR4\libs\libfsp.a(r_iic_master.o)
 .text.iic_master_rxi_isr
                0x0000c1b4      0x13c C:\Users\Alex\.platformio\packages\framework-arduinorenesas-uno\variants\UNOWIFIR4\libs\libfsp.a(r_iic_master.o)
                0x0000c1b4                iic_master_rxi_isr
 .text.iic_master_txi_isr
                0x0000c2f0       0xec C:\Users\Alex\.platformio\packages\framework-arduinorenesas-uno\variants\UNOWIFIR4\libs\libfsp.a(r_iic_master.o)
                0x0000c2f0                iic_master_txi_isr
 .text.iic_master_tei_isr
                0x0000c3dc       0xc4 C:\Users\Alex\.platformio\packages\framework-arduinorenesas-uno\variants\UNOWIFIR4\libs\libfsp.a(r_iic_master.o)
                0x0000c3dc                iic_master_tei_isr
 .text.iic_master_eri_isr
                0x0000c4a0      0x140 C:\Users\Alex\.platformio\packages\framework-arduinorenesas-uno\variants\UNOWIFIR4\libs\libfsp.a(r_iic_master.o)
                0x0000c4a0                iic_master_eri_isr
 .text.r_icu_isr
                0x0000c5e0       0x6c C:\Users\Alex\.platformio\packages\framework-arduinorenesas-uno\variants\UNOWIFIR4\libs\libfsp.a(r_icu.o)
                0x0000c5e0                r_icu_isr
 .text.R_GPT_Start
                0x0000c64c        0xc C:\Users\Alex\.platformio\packages\framework-arduinorenesas-uno\variants\UNOWIFIR4\libs\libfsp.a(r_gpt.o)
                0x0000c64c                R_GPT_Start
 .text.R_GPT_Enable
                0x0000c658       0x30 C:\Users\Alex\.platformio\packages\framework-arduinorenesas-uno\variants\UNOWIFIR4\libs\libfsp.a(r_gpt.o)
                0x0000c658                R_GPT_Enable
 .text.r_gpt_enable_irq
                0x0000c688       0x5c C:\Users\Alex\.platformio\packages\framework-arduinorenesas-uno\variants\UNOWIFIR4\libs\libfsp.a(r_gpt.o)
 .text.r_gpt_call_callback
                0x0000c6e4       0x3c C:\Users\Alex\.platformio\packages\framework-arduinorenesas-uno\variants\UNOWIFIR4\libs\libfsp.a(r_gpt.o)
 .text.R_GPT_InfoGet
                0x0000c720       0x44 C:\Users\Alex\.platformio\packages\framework-arduinorenesas-uno\variants\UNOWIFIR4\libs\libfsp.a(r_gpt.o)
                0x0000c720                R_GPT_InfoGet
 .text.gpt_calculate_duty_cycle.isra.0
                0x0000c764       0x78 C:\Users\Alex\.platformio\packages\framework-arduinorenesas-uno\variants\UNOWIFIR4\libs\libfsp.a(r_gpt.o)
 .text.R_GPT_DutyCycleSet
                0x0000c7dc       0xc0 C:\Users\Alex\.platformio\packages\framework-arduinorenesas-uno\variants\UNOWIFIR4\libs\libfsp.a(r_gpt.o)
                0x0000c7dc                R_GPT_DutyCycleSet
 .text.R_GPT_Open
                0x0000c89c      0x264 C:\Users\Alex\.platformio\packages\framework-arduinorenesas-uno\variants\UNOWIFIR4\libs\libfsp.a(r_gpt.o)
                0x0000c89c                R_GPT_Open
 .text.R_GPT_Close
                0x0000cb00       0xd4 C:\Users\Alex\.platformio\packages\framework-arduinorenesas-uno\variants\UNOWIFIR4\libs\libfsp.a(r_gpt.o)
                0x0000cb00                R_GPT_Close
 .text.gpt_counter_overflow_isr
                0x0000cbd4       0x78 C:\Users\Alex\.platformio\packages\framework-arduinorenesas-uno\variants\UNOWIFIR4\libs\libfsp.a(r_gpt.o)
                0x0000cbd4                gpt_counter_overflow_isr
 .text.R_DAC_Open
                0x0000cc4c       0x88 C:\Users\Alex\.platformio\packages\framework-arduinorenesas-uno\variants\UNOWIFIR4\libs\libfsp.a(r_dac.o)
                0x0000cc4c                R_DAC_Open
 .text.R_DAC_Write
                0x0000ccd4        0xc C:\Users\Alex\.platformio\packages\framework-arduinorenesas-uno\variants\UNOWIFIR4\libs\libfsp.a(r_dac.o)
                0x0000ccd4                R_DAC_Write
 .text.R_DAC_Start
                0x0000cce0       0x30 C:\Users\Alex\.platformio\packages\framework-arduinorenesas-uno\variants\UNOWIFIR4\libs\libfsp.a(r_dac.o)
                0x0000cce0                R_DAC_Start
 .text.R_DAC_Stop
                0x0000cd10       0x34 C:\Users\Alex\.platformio\packages\framework-arduinorenesas-uno\variants\UNOWIFIR4\libs\libfsp.a(r_dac.o)
                0x0000cd10                R_DAC_Stop
 .text.R_DAC_Close
                0x0000cd44       0x40 C:\Users\Alex\.platformio\packages\framework-arduinorenesas-uno\variants\UNOWIFIR4\libs\libfsp.a(r_dac.o)
                0x0000cd44                R_DAC_Close
 .text.r_can_call_callback
                0x0000cd84       0x68 C:\Users\Alex\.platformio\packages\framework-arduinorenesas-uno\variants\UNOWIFIR4\libs\libfsp.a(r_can.o)
 .text.can_error_isr
                0x0000cdec       0xd4 C:\Users\Alex\.platformio\packages\framework-arduinorenesas-uno\variants\UNOWIFIR4\libs\libfsp.a(r_can.o)
                0x0000cdec                can_error_isr
 .text.can_rx_isr
                0x0000cec0      0x118 C:\Users\Alex\.platformio\packages\framework-arduinorenesas-uno\variants\UNOWIFIR4\libs\libfsp.a(r_can.o)
                0x0000cec0                can_rx_isr
 .text.can_tx_isr
                0x0000cfd8       0xa0 C:\Users\Alex\.platformio\packages\framework-arduinorenesas-uno\variants\UNOWIFIR4\libs\libfsp.a(r_can.o)
                0x0000cfd8                can_tx_isr
 .text.R_AGT_Start
                0x0000d078       0x38 C:\Users\Alex\.platformio\packages\framework-arduinorenesas-uno\variants\UNOWIFIR4\libs\libfsp.a(r_agt.o)
                0x0000d078                R_AGT_Start
 .text.R_AGT_Enable
                0x0000d0b0       0x14 C:\Users\Alex\.platformio\packages\framework-arduinorenesas-uno\variants\UNOWIFIR4\libs\libfsp.a(r_agt.o)
                0x0000d0b0                R_AGT_Enable
 .text.R_AGT_DutyCycleSet
                0x0000d0c4        0x4 C:\Users\Alex\.platformio\packages\framework-arduinorenesas-uno\variants\UNOWIFIR4\libs\libfsp.a(r_agt.o)
                0x0000d0c4                R_AGT_DutyCycleSet
 .text.R_AGT_Close
                0x0000d0c8       0x84 C:\Users\Alex\.platformio\packages\framework-arduinorenesas-uno\variants\UNOWIFIR4\libs\libfsp.a(r_agt.o)
                0x0000d0c8                R_AGT_Close
 .text.R_AGT_Open
                0x0000d14c      0x118 C:\Users\Alex\.platformio\packages\framework-arduinorenesas-uno\variants\UNOWIFIR4\libs\libfsp.a(r_agt.o)
                0x0000d14c                R_AGT_Open
 .text.R_AGT_InfoGet
                0x0000d264       0xcc C:\Users\Alex\.platformio\packages\framework-arduinorenesas-uno\variants\UNOWIFIR4\libs\libfsp.a(r_agt.o)
                0x0000d264                R_AGT_InfoGet
 .text.agt_int_isr
                0x0000d330       0x88 C:\Users\Alex\.platformio\packages\framework-arduinorenesas-uno\variants\UNOWIFIR4\libs\libfsp.a(r_agt.o)
                0x0000d330                agt_int_isr
 .text.R_ADC_ScanStart
                0x0000d3b8        0xc C:\Users\Alex\.platformio\packages\framework-arduinorenesas-uno\variants\UNOWIFIR4\libs\libfsp.a(r_adc.o)
                0x0000d3b8                R_ADC_ScanStart
 .text.R_ADC_StatusGet
                0x0000d3c4       0x10 C:\Users\Alex\.platformio\packages\framework-arduinorenesas-uno\variants\UNOWIFIR4\libs\libfsp.a(r_adc.o)
                0x0000d3c4                R_ADC_StatusGet
 .text.R_ADC_Read
                0x0000d3d4       0x10 C:\Users\Alex\.platformio\packages\framework-arduinorenesas-uno\variants\UNOWIFIR4\libs\libfsp.a(r_adc.o)
                0x0000d3d4                R_ADC_Read
 .text.R_ADC_ScanCfg
                0x0000d3e4      0x1a0 C:\Users\Alex\.platformio\packages\framework-arduinorenesas-uno\variants\UNOWIFIR4\libs\libfsp.a(r_adc.o)
                0x0000d3e4                R_ADC_ScanCfg
 .text.R_ADC_Open
                0x0000d584      0x240 C:\Users\Alex\.platformio\packages\framework-arduinorenesas-uno\variants\UNOWIFIR4\libs\libfsp.a(r_adc.o)
                0x0000d584                R_ADC_Open
 .text.R_ADC_Close
                0x0000d7c4       0xfc C:\Users\Alex\.platformio\packages\framework-arduinorenesas-uno\variants\UNOWIFIR4\libs\libfsp.a(r_adc.o)
                0x0000d7c4                R_ADC_Close
 .text.bsp_prv_software_delay_loop
                0x0000d8c0        0xc C:\Users\Alex\.platformio\packages\framework-arduinorenesas-uno\variants\UNOWIFIR4\libs\libfsp.a(bsp_delay.o)
                0x0000d8c0                bsp_prv_software_delay_loop
 .text.R_BSP_SoftwareDelay
                0x0000d8cc       0x5c C:\Users\Alex\.platformio\packages\framework-arduinorenesas-uno\variants\UNOWIFIR4\libs\libfsp.a(bsp_delay.o)
                0x0000d8cc                R_BSP_SoftwareDelay
 .text.bsp_irq_cfg
                0x0000d928       0x2c C:\Users\Alex\.platformio\packages\framework-arduinorenesas-uno\variants\UNOWIFIR4\libs\libfsp.a(bsp_irq.o)
                0x0000d928                bsp_irq_cfg
 .text.R_BSP_RegisterProtectEnable
                0x0000d954       0x60 C:\Users\Alex\.platformio\packages\framework-arduinorenesas-uno\variants\UNOWIFIR4\libs\libfsp.a(bsp_register_protection.o)
                0x0000d954                R_BSP_RegisterProtectEnable
 .text.R_BSP_RegisterProtectDisable
                0x0000d9b4       0x54 C:\Users\Alex\.platformio\packages\framework-arduinorenesas-uno\variants\UNOWIFIR4\libs\libfsp.a(bsp_register_protection.o)
                0x0000d9b4                R_BSP_RegisterProtectDisable
 .text.Default_Handler
                0x0000da08        0x4 C:\Users\Alex\.platformio\packages\framework-arduinorenesas-uno\variants\UNOWIFIR4\libs\libfsp.a(startup.o)
                0x0000da08                DebugMon_Handler
                0x0000da08                HardFault_Handler
                0x0000da08                SysTick_Handler
                0x0000da08                PendSV_Handler
                0x0000da08                UsageFault_Handler
                0x0000da08                SecureFault_Handler
                0x0000da08                Default_Handler
                0x0000da08                MemManage_Handler
                0x0000da08                SVC_Handler
                0x0000da08                BusFault_Handler
 .text.Reset_Handler
                0x0000da0c        0xc C:\Users\Alex\.platformio\packages\framework-arduinorenesas-uno\variants\UNOWIFIR4\libs\libfsp.a(startup.o)
                0x0000da0c                Reset_Handler
 .text.R_BSP_WarmStart
                0x0000da18        0x4 C:\Users\Alex\.platformio\packages\framework-arduinorenesas-uno\variants\UNOWIFIR4\libs\libfsp.a(system.o)
                0x0000da18                R_BSP_WarmStart
 .text.SystemInit
                0x0000da1c      0x15c C:\Users\Alex\.platformio\packages\framework-arduinorenesas-uno\variants\UNOWIFIR4\libs\libfsp.a(system.o)
                0x0000da1c                SystemInit
 .text.SystemCoreClockUpdate
                0x0000db78       0x28 C:\Users\Alex\.platformio\packages\framework-arduinorenesas-uno\variants\UNOWIFIR4\libs\libfsp.a(bsp_clocks.o)
                0x0000db78                SystemCoreClockUpdate
 .text.bsp_clock_init
                0x0000dba0      0x12c C:\Users\Alex\.platformio\packages\framework-arduinorenesas-uno\variants\UNOWIFIR4\libs\libfsp.a(bsp_clocks.o)
                0x0000dba0                bsp_clock_init
 .text.bsp_init_internal
                0x0000dccc        0x4 C:\Users\Alex\.platformio\packages\framework-arduinorenesas-uno\variants\UNOWIFIR4\libs\libfsp.a(bsp_common.o)
                0x0000dccc                bsp_init_internal
                0x0000dccc                bsp_init
 .text.NMI_Handler
                0x0000dcd0       0x38 C:\Users\Alex\.platformio\packages\framework-arduinorenesas-uno\variants\UNOWIFIR4\libs\libfsp.a(bsp_group_irq.o)
                0x0000dcd0                NMI_Handler
 .text._Znwj    0x0000dd08       0x22 c:/users/alex/.platformio/packages/toolchain-gccarmnoneeabi/bin/../lib/gcc/arm-none-eabi/7.2.1/../../../../arm-none-eabi/lib/thumb/v7e-m/fpv4-sp/hard\libstdc++_nano.a(new_op.o)
                0x0000dd08                operator new(unsigned int)
 .text.__cxa_guard_acquire
                0x0000dd2a       0x18 c:/users/alex/.platformio/packages/toolchain-gccarmnoneeabi/bin/../lib/gcc/arm-none-eabi/7.2.1/../../../../arm-none-eabi/lib/thumb/v7e-m/fpv4-sp/hard\libstdc++_nano.a(guard.o)
                0x0000dd2a                __cxa_guard_acquire
 .text.__cxa_guard_release
                0x0000dd42        0x6 c:/users/alex/.platformio/packages/toolchain-gccarmnoneeabi/bin/../lib/gcc/arm-none-eabi/7.2.1/../../../../arm-none-eabi/lib/thumb/v7e-m/fpv4-sp/hard\libstdc++_nano.a(guard.o)
                0x0000dd42                __cxa_guard_release
 .text._ZdlPv   0x0000dd48        0x4 c:/users/alex/.platformio/packages/toolchain-gccarmnoneeabi/bin/../lib/gcc/arm-none-eabi/7.2.1/../../../../arm-none-eabi/lib/thumb/v7e-m/fpv4-sp/hard\libstdc++_nano.a(del_op.o)
                0x0000dd48                operator delete(void*)
 .text._ZSt15get_new_handlerv
                0x0000dd4c       0x10 c:/users/alex/.platformio/packages/toolchain-gccarmnoneeabi/bin/../lib/gcc/arm-none-eabi/7.2.1/../../../../arm-none-eabi/lib/thumb/v7e-m/fpv4-sp/hard\libstdc++_nano.a(new_handler.o)
                0x0000dd4c                std::get_new_handler()
 .text._ZdlPvj  0x0000dd5c        0x4 c:/users/alex/.platformio/packages/toolchain-gccarmnoneeabi/bin/../lib/gcc/arm-none-eabi/7.2.1/../../../../arm-none-eabi/lib/thumb/v7e-m/fpv4-sp/hard\libstdc++_nano.a(del_ops.o)
                0x0000dd5c                operator delete(void*, unsigned int)
 .text._ZSt19__throw_logic_errorPKc
                0x0000dd60        0x6 c:/users/alex/.platformio/packages/toolchain-gccarmnoneeabi/bin/../lib/gcc/arm-none-eabi/7.2.1/../../../../arm-none-eabi/lib/thumb/v7e-m/fpv4-sp/hard\libstdc++_nano.a(functexcept.o)
                0x0000dd60                std::__throw_logic_error(char const*)
 .text._ZSt24__throw_invalid_argumentPKc
                0x0000dd66        0x6 c:/users/alex/.platformio/packages/toolchain-gccarmnoneeabi/bin/../lib/gcc/arm-none-eabi/7.2.1/../../../../arm-none-eabi/lib/thumb/v7e-m/fpv4-sp/hard\libstdc++_nano.a(functexcept.o)
                0x0000dd66                std::__throw_invalid_argument(char const*)
 .text._ZSt20__throw_length_errorPKc
                0x0000dd6c        0x6 c:/users/alex/.platformio/packages/toolchain-gccarmnoneeabi/bin/../lib/gcc/arm-none-eabi/7.2.1/../../../../arm-none-eabi/lib/thumb/v7e-m/fpv4-sp/hard\libstdc++_nano.a(functexcept.o)
                0x0000dd6c                std::__throw_length_error(char const*)
 .text._ZSt20__throw_out_of_rangePKc
                0x0000dd72        0x6 c:/users/alex/.platformio/packages/toolchain-gccarmnoneeabi/bin/../lib/gcc/arm-none-eabi/7.2.1/../../../../arm-none-eabi/lib/thumb/v7e-m/fpv4-sp/hard\libstdc++_nano.a(functexcept.o)
                0x0000dd72                std::__throw_out_of_range(char const*)
 .text          0x0000dd78      0x378 c:/users/alex/.platformio/packages/toolchain-gccarmnoneeabi/bin/../lib/gcc/arm-none-eabi/7.2.1/thumb/v7e-m/fpv4-sp/hard\libgcc.a(_arm_addsubdf3.o)