Archive member included to satisfy reference by file (symbol)

.pio/build/uno_r4_wifi/lib7a0/libWiFiS3.a(WiFiClient.cpp.o)
                              .pio/build/uno_r4_wifi/src/main.cpp.o (WiFiClient::~WiFiClient())
.pio/build/uno_r4_wifi/lib7a0/libWiFiS3.a(WiFiServer.cpp.o)
                              .pio/build/uno_r4_wifi/src/main.cpp.o (vtable for WiFiServer)
.pio/build/uno_r4_wifi/lib7a0/libWiFiS3.a(Modem.cpp.o)
                              .pio/build/uno_r4_wifi/lib7a0/libWiFiS3.a(WiFiClient.cpp.o) (ModemClass::write_nowait(std::__cxx11::basic_string<char, std::char_traits<char>, std::allocator<char> > const&, std::__cxx11::basic_string<char, std::char_traits<char>, std::allocator<char> >&, char const*, ...))
.pio/build/uno_r4_wifi/lib990/libController.a(Controller.cpp.o)
                              .pio/build/uno_r4_wifi/src/main.cpp.o (Controller::Controller(char const*, char const*))
.pio/build/uno_r4_wifi/libFrameworkArduinoVariant.a(main.c.o)
                              /Users/yanavassilyev/.platformio/packages/toolchain-gccarmnoneeabi/bin/../lib/gcc/arm-none-eabi/7.2.1/../../../../arm-none-eabi/lib/thumb/v7e-m/fpv4-sp/hard/crt0.o (main)
.pio/build/uno_r4_wifi/libFrameworkArduino.a(Serial.cpp.o)
                              .pio/build/uno_r4_wifi/src/main.cpp.o (UART::begin(unsigned long))
.pio/build/uno_r4_wifi/libFrameworkArduino.a(SerialObj1.cpp.o)
                              .pio/build/uno_r4_wifi/src/main.cpp.o (_UART1_)
.pio/build/uno_r4_wifi/libFrameworkArduino.a(SerialObj3.cpp.o)
                              .pio/build/uno_r4_wifi/lib7a0/libWiFiS3.a(Modem.cpp.o) (_UART3_)
.pio/build/uno_r4_wifi/libFrameworkArduino.a(analog.cpp.o)
                              .pio/build/uno_r4_wifi/src/main.cpp.o (analogWrite)
.pio/build/uno_r4_wifi/libFrameworkArduino.a(Common.cpp.o)
                              .pio/build/uno_r4_wifi/src/main.cpp.o (map(long, long, long, long, long))
.pio/build/uno_r4_wifi/libFrameworkArduino.a(IPAddress.cpp.o)
                              .pio/build/uno_r4_wifi/lib7a0/libWiFiS3.a(WiFiClient.cpp.o) (arduino::IPAddress::IPAddress())
.pio/build/uno_r4_wifi/libFrameworkArduino.a(Print.cpp.o)
                              .pio/build/uno_r4_wifi/libFrameworkArduino.a(Serial.cpp.o) (arduino::Print::write(unsigned char const*, unsigned int))
.pio/build/uno_r4_wifi/libFrameworkArduino.a(Stream.cpp.o)
                              .pio/build/uno_r4_wifi/lib990/libController.a(Controller.cpp.o) (arduino::Stream::setTimeout(unsigned long))
.pio/build/uno_r4_wifi/libFrameworkArduino.a(String.cpp.o)
                              .pio/build/uno_r4_wifi/lib990/libController.a(Controller.cpp.o) (arduino::String::String(arduino::String&&))
.pio/build/uno_r4_wifi/libFrameworkArduino.a(dac.cpp.o)
                              .pio/build/uno_r4_wifi/libFrameworkArduino.a(analog.cpp.o) (CDac::analogWrite(int))
.pio/build/uno_r4_wifi/libFrameworkArduino.a(digital.cpp.o)
                              .pio/build/uno_r4_wifi/src/main.cpp.o (pinMode)
.pio/build/uno_r4_wifi/libFrameworkArduino.a(itoa.c.o)
                              .pio/build/uno_r4_wifi/libFrameworkArduino.a(String.cpp.o) (dtostrf)
.pio/build/uno_r4_wifi/libFrameworkArduino.a(main.cpp.o)
                              .pio/build/uno_r4_wifi/libFrameworkArduinoVariant.a(main.c.o) (hal_entry)
.pio/build/uno_r4_wifi/libFrameworkArduino.a(pinDefinitions.cpp.o)
                              .pio/build/uno_r4_wifi/libFrameworkArduino.a(analog.cpp.o) (pinPeripheral(e_bsp_io_port_pin_t, unsigned long))
.pio/build/uno_r4_wifi/libFrameworkArduino.a(pwm.cpp.o)
                              .pio/build/uno_r4_wifi/libFrameworkArduino.a(analog.cpp.o) (PwmOut::PwmOut(int))
.pio/build/uno_r4_wifi/libFrameworkArduino.a(time.cpp.o)
                              .pio/build/uno_r4_wifi/libFrameworkArduino.a(analog.cpp.o) (delayMicroseconds)
.pio/build/uno_r4_wifi/libFrameworkArduino.a(variant_helper.cpp.o)
                              .pio/build/uno_r4_wifi/libFrameworkArduino.a(Serial.cpp.o) (getPinCfgs(unsigned char, PinCfgReq_t))
.pio/build/uno_r4_wifi/libFrameworkArduino.a(vector_table.c.o)
                              .pio/build/uno_r4_wifi/libFrameworkArduino.a(main.cpp.o) (g_vector_table)
.pio/build/uno_r4_wifi/libFrameworkArduino.a(FspTimer.cpp.o)
                              .pio/build/uno_r4_wifi/libFrameworkArduino.a(pwm.cpp.o) (FspTimer::FspTimer())
.pio/build/uno_r4_wifi/libFrameworkArduino.a(IRQManager.cpp.o)
                              .pio/build/uno_r4_wifi/libFrameworkArduino.a(Serial.cpp.o) (IRQManager::getInstance())
.pio/build/uno_r4_wifi/libFrameworkArduino.a(cm_backtrace.c.o)
                              .pio/build/uno_r4_wifi/libFrameworkArduino.a(main.cpp.o) (cm_backtrace_init)
.pio/build/uno_r4_wifi/libFrameworkArduino.a(cortex_handlers.c.o)
                              .pio/build/uno_r4_wifi/libFrameworkArduino.a(main.cpp.o) (Stacktrace_Handler)
[...]
Memory Configuration

Name             Origin             Length             Attributes
FLASH            0x0000000000004000 0x000000000003c000 xr
RAM              0x0000000020000000 0x0000000000008000 xrw
DATA_FLASH       0x0000000040100000 0x0000000000002000 xr
OPTION_SETTING   0x0000000000000000 0x0000000000000000 r
OPTION_SETTING_S 0x0000000000000000 0x0000000000000000 r
ID_CODE          0x0000000001010018 0x0000000000000020 xr
*default*        0x0000000000000000 0xffffffffffffffff

Linker script and memory map

LOAD /Users/yanavassilyev/.platformio/packages/toolchain-gccarmnoneeabi/bin/../lib/gcc/arm-none-eabi/7.2.1/thumb/v7e-m/fpv4-sp/hard/crti.o
LOAD /Users/yanavassilyev/.platformio/packages/toolchain-gccarmnoneeabi/bin/../lib/gcc/arm-none-eabi/7.2.1/thumb/v7e-m/fpv4-sp/hard/crtbegin.o
LOAD /Users/yanavassilyev/.platformio/packages/toolchain-gccarmnoneeabi/bin/../lib/gcc/arm-none-eabi/7.2.1/../../../../arm-none-eabi/lib/thumb/v7e-m/fpv4-sp/hard/crt0.o
LOAD .pio/build/uno_r4_wifi/src/main.cpp.o
START GROUP
LOAD .pio/build/uno_r4_wifi/lib7a0/libWiFiS3.a
LOAD .pio/build/uno_r4_wifi/lib990/libController.a
LOAD .pio/build/uno_r4_wifi/libFrameworkArduinoVariant.a
LOAD .pio/build/uno_r4_wifi/libFrameworkArduino.a
LOAD /Users/yanavassilyev/.platformio/packages/framework-arduinorenesas-uno/variants/UNOWIFIR4/libs/libfsp.a
LOAD /Users/yanavassilyev/.platformio/packages/toolchain-gccarmnoneeabi/bin/../lib/gcc/arm-none-eabi/7.2.1/../../../../arm-none-eabi/lib/thumb/v7e-m/fpv4-sp/hard/libstdc++_nano.a
LOAD /Users/yanavassilyev/.platformio/packages/toolchain-gccarmnoneeabi/bin/../lib/gcc/arm-none-eabi/7.2.1/../../../../arm-none-eabi/lib/thumb/v7e-m/fpv4-sp/hard/libsupc++_nano.a
LOAD /Users/yanavassilyev/.platformio/packages/toolchain-gccarmnoneeabi/bin/../lib/gcc/arm-none-eabi/7.2.1/thumb/v7e-m/fpv4-sp/hard/libgcc.a
LOAD /Users/yanavassilyev/.platformio/packages/toolchain-gccarmnoneeabi/bin/../lib/gcc/arm-none-eabi/7.2.1/../../../../arm-none-eabi/lib/thumb/v7e-m/fpv4-sp/hard/libnosys.a
END GROUP
LOAD /Users/yanavassilyev/.platformio/packages/toolchain-gccarmnoneeabi/bin/../lib/gcc/arm-none-eabi/7.2.1/../../../../arm-none-eabi/lib/thumb/v7e-m/fpv4-sp/hard/libstdc++_nano.a
LOAD /Users/yanavassilyev/.platformio/packages/toolchain-gccarmnoneeabi/bin/../lib/gcc/arm-none-eabi/7.2.1/../../../../arm-none-eabi/lib/thumb/v7e-m/fpv4-sp/hard/libm.a
LOAD /Users/yanavassilyev/.platformio/packages/toolchain-gccarmnoneeabi/bin/../lib/gcc/arm-none-eabi/7.2.1/../../../../arm-none-eabi/lib/thumb/v7e-m/fpv4-sp/hard/libc_nano.a
START GROUP
LOAD /Users/yanavassilyev/.platformio/packages/toolchain-gccarmnoneeabi/bin/../lib/gcc/arm-none-eabi/7.2.1/thumb/v7e-m/fpv4-sp/hard/libgcc.a
LOAD /Users/yanavassilyev/.platformio/packages/toolchain-gccarmnoneeabi/bin/../lib/gcc/arm-none-eabi/7.2.1/../../../../arm-none-eabi/lib/thumb/v7e-m/fpv4-sp/hard/libc_nano.a
END GROUP
START GROUP
LOAD /Users/yanavassilyev/.platformio/packages/toolchain-gccarmnoneeabi/bin/../lib/gcc/arm-none-eabi/7.2.1/thumb/v7e-m/fpv4-sp/hard/libgcc.a
LOAD /Users/yanavassilyev/.platformio/packages/toolchain-gccarmnoneeabi/bin/../lib/gcc/arm-none-eabi/7.2.1/../../../../arm-none-eabi/lib/thumb/v7e-m/fpv4-sp/hard/libc_nano.a
LOAD /Users/yanavassilyev/.platformio/packages/toolchain-gccarmnoneeabi/bin/../lib/gcc/arm-none-eabi/7.2.1/../../../../arm-none-eabi/lib/thumb/v7e-m/fpv4-sp/hard/libnosys.a
END GROUP
START GROUP
LOAD /Users/yanavassilyev/.platformio/packages/toolchain-gccarmnoneeabi/bin/../lib/gcc/arm-none-eabi/7.2.1/thumb/v7e-m/fpv4-sp/hard/libgcc.a
LOAD /Users/yanavassilyev/.platformio/packages/toolchain-gccarmnoneeabi/bin/../lib/gcc/arm-none-eabi/7.2.1/../../../../arm-none-eabi/lib/thumb/v7e-m/fpv4-sp/hard/libc_nano.a
LOAD /Users/yanavassilyev/.platformio/packages/toolchain-gccarmnoneeabi/bin/../lib/gcc/arm-none-eabi/7.2.1/../../../../arm-none-eabi/lib/thumb/v7e-m/fpv4-sp/hard/libnosys.a
END GROUP
LOAD /Users/yanavassilyev/.platformio/packages/toolchain-gccarmnoneeabi/bin/../lib/gcc/arm-none-eabi/7.2.1/thumb/v7e-m/fpv4-sp/hard/crtend.o
LOAD /Users/yanavassilyev/.platformio/packages/toolchain-gccarmnoneeabi/bin/../lib/gcc/arm-none-eabi/7.2.1/thumb/v7e-m/fpv4-sp/hard/crtn.o
                0x0000000020000000                RAM_START = 0x20000000
                0x0000000000008000                RAM_LENGTH = 0x8000
                0x0000000000000000                FLASH_START = 0x0
                0x0000000000040000                FLASH_LENGTH = 0x40000
                0x0000000040100000                DATA_FLASH_START = 0x40100000
                0x0000000000002000                DATA_FLASH_LENGTH = 0x2000
                0x0000000000000000                OPTION_SETTING_START = 0x0
                0x0000000000000000                OPTION_SETTING_LENGTH = 0x0
                0x0000000000000000                OPTION_SETTING_S_START = 0x0
                0x0000000000000000                OPTION_SETTING_S_LENGTH = 0x0
                0x0000000001010018                ID_CODE_START = 0x1010018
                0x0000000000000020                ID_CODE_LENGTH = 0x20
                0x0000000090000000                SDRAM_START = 0x90000000
                0x0000000000000000                SDRAM_LENGTH = 0x0
                0x0000000060000000                QSPI_FLASH_START = 0x60000000
                0x0000000000000000                QSPI_FLASH_LENGTH = 0x0
                0x0000000068000000                OSPI_DEVICE_0_START = 0x68000000
                0x0000000000000000                OSPI_DEVICE_0_LENGTH = 0x0
                0x0000000070000000                OSPI_DEVICE_1_START = 0x70000000
                0x0000000000000000                OSPI_DEVICE_1_LENGTH = 0x0
                0x0000000000004000                FLASH_IMAGE_START = 0x4000
                0x0000000000000100                VECTOR_TABLE_LENGTH = 0x100
                0x0000000000000400                BSP_CFG_STACK_MAIN_BYTES = 0x400
START GROUP
LOAD /Users/yanavassilyev/.platformio/packages/toolchain-gccarmnoneeabi/bin/../lib/gcc/arm-none-eabi/7.2.1/thumb/v7e-m/fpv4-sp/hard/libgcc.a
LOAD /Users/yanavassilyev/.platformio/packages/toolchain-gccarmnoneeabi/bin/../lib/gcc/arm-none-eabi/7.2.1/../../../../arm-none-eabi/lib/thumb/v7e-m/fpv4-sp/hard/libc.a
LOAD /Users/yanavassilyev/.platformio/packages/toolchain-gccarmnoneeabi/bin/../lib/gcc/arm-none-eabi/7.2.1/../../../../arm-none-eabi/lib/thumb/v7e-m/fpv4-sp/hard/libm.a
LOAD /Users/yanavassilyev/.platformio/packages/toolchain-gccarmnoneeabi/bin/../lib/gcc/arm-none-eabi/7.2.1/../../../../arm-none-eabi/lib/thumb/v7e-m/fpv4-sp/hard/libnosys.a
END GROUP

.text           0x0000000000004000    0x1249c
                0x0000000000000000                __tz_FLASH_S = ABSOLUTE (FLASH_START)
                0x0000000000004000                __ROM_Start = .
 *(.sketch_boot)
                0x0000000000004000                . = ALIGN (0x800)
 *(.fixed_vectors*)
 .fixed_vectors
                0x0000000000004000       0x40 /Users/yanavassilyev/.platformio/packages/framework-arduinorenesas-uno/variants/UNOWIFIR4/libs/libfsp.a(startup.o)
                0x0000000000004000                __Vectors
 *(.application_vectors*)
 .application_vectors
                0x0000000000004040       0x80 .pio/build/uno_r4_wifi/libFrameworkArduino.a(vector_table.c.o)
                0x0000000000004040                g_vector_table
                0x00000000000040c0                __Vectors_End = .
 *(.text*)
 .text          0x00000000000040c0       0x40 /Users/yanavassilyev/.platformio/packages/toolchain-gccarmnoneeabi/bin/../lib/gcc/arm-none-eabi/7.2.1/thumb/v7e-m/fpv4-sp/hard/crtbegin.o
 .text._Z8onDegreei
                0x0000000000004100       0x2c .pio/build/uno_r4_wifi/src/main.cpp.o
                0x0000000000004100                onDegree(int)
 .text._Z17motorThreeReleasev
                0x000000000000412c       0x20 .pio/build/uno_r4_wifi/src/main.cpp.o
                0x000000000000412c                motorThreeRelease()
 .text._Z18motorThreePullbackv
                0x000000000000414c       0xf0 .pio/build/uno_r4_wifi/src/main.cpp.o
                0x000000000000414c                motorThreePullback()
 .text._Z9presetOnev
                0x000000000000423c       0x18 .pio/build/uno_r4_wifi/src/main.cpp.o
                0x000000000000423c                presetOne()
 .text._Z9presetTwov
                0x0000000000004254       0x18 .pio/build/uno_r4_wifi/src/main.cpp.o
                0x0000000000004254                presetTwo()
 .text._Z11presetThreev
                0x000000000000426c       0x18 .pio/build/uno_r4_wifi/src/main.cpp.o
                0x000000000000426c                presetThree()
 .text._Z10presetFourv
                0x0000000000004284       0x18 .pio/build/uno_r4_wifi/src/main.cpp.o
                0x0000000000004284                presetFour()
 .text._Z10presetFivev
                0x000000000000429c       0x18 .pio/build/uno_r4_wifi/src/main.cpp.o
                0x000000000000429c                presetFive()
 .text._Z16rollManualSignedi.part.0
                0x00000000000042b4      0x118 .pio/build/uno_r4_wifi/src/main.cpp.o
 .text._Z8rollFwd5v
                0x00000000000043cc        0x6 .pio/build/uno_r4_wifi/src/main.cpp.o
                0x00000000000043cc                rollFwd5()
 .text._Z9rollFwd15v
                0x00000000000043d2        0x6 .pio/build/uno_r4_wifi/src/main.cpp.o
                0x00000000000043d2                rollFwd15()
 .text._Z9rollFwd25v
                0x00000000000043d8        0x6 .pio/build/uno_r4_wifi/src/main.cpp.o
                0x00000000000043d8                rollFwd25()
 .text._Z9rollFwd50v
                0x00000000000043de        0x6 .pio/build/uno_r4_wifi/src/main.cpp.o
                0x00000000000043de                rollFwd50()
 .text._Z8rollBwd5v
                0x00000000000043e4        0x8 .pio/build/uno_r4_wifi/src/main.cpp.o
                0x00000000000043e4                rollBwd5()
 .text._Z9rollBwd15v
                0x00000000000043ec        0x8 .pio/build/uno_r4_wifi/src/main.cpp.o
                0x00000000000043ec                rollBwd15()
 .text._Z9rollBwd25v
                0x00000000000043f4        0x8 .pio/build/uno_r4_wifi/src/main.cpp.o
                0x00000000000043f4                rollBwd25()
 .text._Z9rollBwd50v
                0x00000000000043fc        0x8 .pio/build/uno_r4_wifi/src/main.cpp.o
                0x00000000000043fc                rollBwd50()
 .text._Z12rotateManuals.part.3
                0x0000000000004404       0xf8 .pio/build/uno_r4_wifi/src/main.cpp.o
 .text._Z9rotateR90v
                0x00000000000044fc        0x6 .pio/build/uno_r4_wifi/src/main.cpp.o
                0x00000000000044fc                rotateR90()
 .text._Z9rotateR45v
                0x0000000000004502        0x6 .pio/build/uno_r4_wifi/src/main.cpp.o
                0x0000000000004502                rotateR45()
 .text._Z9rotateR15v
                0x0000000000004508        0x6 .pio/build/uno_r4_wifi/src/main.cpp.o
                0x0000000000004508                rotateR15()
 .text._Z8rotateR5v
                0x000000000000450e        0x6 .pio/build/uno_r4_wifi/src/main.cpp.o
                0x000000000000450e                rotateR5()
 .text._Z9rotateL90v
                0x0000000000004514        0x8 .pio/build/uno_r4_wifi/src/main.cpp.o
                0x0000000000004514                rotateL90()
 .text._Z9rotateL45v
                0x000000000000451c        0x8 .pio/build/uno_r4_wifi/src/main.cpp.o
                0x000000000000451c                rotateL45()
 .text._Z9rotateL15v
                0x0000000000004524        0x8 .pio/build/uno_r4_wifi/src/main.cpp.o
                0x0000000000004524                rotateL15()
 .text._Z8rotateL5v
                0x000000000000452c        0x8 .pio/build/uno_r4_wifi/src/main.cpp.o
                0x000000000000452c                rotateL5()
 .text._Z14MotorThreeInitv
                0x0000000000004534       0x1e .pio/build/uno_r4_wifi/src/main.cpp.o
                0x0000000000004534                MotorThreeInit()
 *fill*         0x0000000000004552        0x2 ff
 .text._Z10stopMotorsv
                0x0000000000004554       0x48 .pio/build/uno_r4_wifi/src/main.cpp.o
                0x0000000000004554                stopMotors()
 .text._Z10abortRoutev
                0x000000000000459c       0x24 .pio/build/uno_r4_wifi/src/main.cpp.o
                0x000000000000459c                abortRoute()
 .text._Z19delayWithAbortCheckt
                0x00000000000045c0       0x4c .pio/build/uno_r4_wifi/src/main.cpp.o
                0x00000000000045c0                delayWithAbortCheck(unsigned short)
 .text._Z6rotates.part.1
                0x000000000000460c      0x100 .pio/build/uno_r4_wifi/src/main.cpp.o
 .text._Z11rollForwardf
                0x000000000000470c       0xfc .pio/build/uno_r4_wifi/src/main.cpp.o
                0x000000000000470c                rollForward(float)
 .text._Z12executeRoutev
                0x0000000000004808       0xe8 .pio/build/uno_r4_wifi/src/main.cpp.o
                0x0000000000004808                executeRoute()
 .text.loop     0x00000000000048f0        0xc .pio/build/uno_r4_wifi/src/main.cpp.o
                0x00000000000048f0                loop
 .text.startup._GLOBAL__sub_I_controller
                0x00000000000048fc       0x18 .pio/build/uno_r4_wifi/src/main.cpp.o
 .text.exit._GLOBAL__sub_D_controller
                0x0000000000004914       0x34 .pio/build/uno_r4_wifi/src/main.cpp.o
 .text.setup    0x0000000000004948      0x238 .pio/build/uno_r4_wifi/src/main.cpp.o
                0x0000000000004948                setup
 .text._ZN7arduino5Print17availableForWriteEv
                0x0000000000004b80        0x4 .pio/build/uno_r4_wifi/lib7a0/libWiFiS3.a(WiFiClient.cpp.o)
                0x0000000000004b80                arduino::Print::availableForWrite()
 .text._ZN10WiFiClientcvbEv
                0x0000000000004b84        0xa .pio/build/uno_r4_wifi/lib7a0/libWiFiS3.a(WiFiClient.cpp.o)
                0x0000000000004b84                WiFiClient::operator bool()
 .text._ZN10WiFiClientneERKS_
                0x0000000000004b8e       0x10 .pio/build/uno_r4_wifi/lib7a0/libWiFiS3.a(WiFiClient.cpp.o)
                0x0000000000004b8e                WiFiClient::operator!=(WiFiClient const&)
 .text._ZN10WiFiClient5writeEh
                0x0000000000004b9e       0x16 .pio/build/uno_r4_wifi/lib7a0/libWiFiS3.a(WiFiClient.cpp.o)
                0x0000000000004b9e                WiFiClient::write(unsigned char)
 .text._ZN10WiFiClient4readEv
                0x0000000000004bb4       0x20 .pio/build/uno_r4_wifi/lib7a0/libWiFiS3.a(WiFiClient.cpp.o)
                0x0000000000004bb4                WiFiClient::read()
 .text._ZN10WiFiClienteqERKS_
                0x0000000000004bd4        0xc .pio/build/uno_r4_wifi/lib7a0/libWiFiS3.a(WiFiClient.cpp.o)
                0x0000000000004bd4                WiFiClient::operator==(WiFiClient const&)
 .text._ZNSt15_Sp_counted_ptrIPN7arduino10FifoBufferIhLm1024EEELN9__gnu_cxx12_Lock_policyE0EED2Ev
                0x0000000000004be0        0x2 .pio/build/uno_r4_wifi/lib7a0/libWiFiS3.a(WiFiClient.cpp.o)
                0x0000000000004be0                std::_Sp_counted_ptr<arduino::FifoBuffer<unsigned char, 1024ul>*, (__gnu_cxx::_Lock_policy)0>::~_Sp_counted_ptr()
                0x0000000000004be0                std::_Sp_counted_ptr<arduino::FifoBuffer<unsigned char, 1024ul>*, (__gnu_cxx::_Lock_policy)0>::~_Sp_counted_ptr()
 .text._ZNSt15_Sp_counted_ptrIPN7arduino10FifoBufferIhLm1024EEELN9__gnu_cxx12_Lock_policyE0EE14_M_get_deleterERKSt9type_info
                0x0000000000004be2        0x4 .pio/build/uno_r4_wifi/lib7a0/libWiFiS3.a(WiFiClient.cpp.o)
                0x0000000000004be2                std::_Sp_counted_ptr<arduino::FifoBuffer<unsigned char, 1024ul>*, (__gnu_cxx::_Lock_policy)0>::_M_get_deleter(std::type_info const&)
 .text._ZNSt15_Sp_counted_ptrIPN7arduino10FifoBufferIhLm1024EEELN9__gnu_cxx12_Lock_policyE0EE10_M_disposeEv
                0x0000000000004be6        0xa .pio/build/uno_r4_wifi/lib7a0/libWiFiS3.a(WiFiClient.cpp.o)
                0x0000000000004be6                std::_Sp_counted_ptr<arduino::FifoBuffer<unsigned char, 1024ul>*, (__gnu_cxx::_Lock_policy)0>::_M_dispose()
 .text._ZNSt15_Sp_counted_ptrIPN7arduino10FifoBufferIhLm1024EEELN9__gnu_cxx12_Lock_policyE0EED0Ev
                0x0000000000004bf0        0xe .pio/build/uno_r4_wifi/lib7a0/libWiFiS3.a(WiFiClient.cpp.o)
                0x0000000000004bf0                std::_Sp_counted_ptr<arduino::FifoBuffer<unsigned char, 1024ul>*, (__gnu_cxx::_Lock_policy)0>::~_Sp_counted_ptr()
 .text._ZNSt15_Sp_counted_ptrIPN7arduino10FifoBufferIhLm1024EEELN9__gnu_cxx12_Lock_policyE0EE10_M_destroyEv
                0x0000000000004bfe        0x8 .pio/build/uno_r4_wifi/lib7a0/libWiFiS3.a(WiFiClient.cpp.o)
                0x0000000000004bfe                std::_Sp_counted_ptr<arduino::FifoBuffer<unsigned char, 1024ul>*, (__gnu_cxx::_Lock_policy)0>::_M_destroy()
 .text._ZN10WiFiClient7connectEN7arduino9IPAddressEt
                0x0000000000004c06       0x26 .pio/build/uno_r4_wifi/lib7a0/libWiFiS3.a(WiFiClient.cpp.o)
                0x0000000000004c06                WiFiClient::connect(arduino::IPAddress, unsigned short)
 .text._ZNSt16_Sp_counted_baseILN9__gnu_cxx12_Lock_policyE0EE10_M_releaseEv.part.6
                0x0000000000004c2c       0x20 .pio/build/uno_r4_wifi/lib7a0/libWiFiS3.a(WiFiClient.cpp.o)
 .text._ZNSt7__cxx1112basic_stringIcSt11char_traitsIcESaIcEEC2EPKcRKS3_.constprop.43
                0x0000000000004c4c       0x54 .pio/build/uno_r4_wifi/lib7a0/libWiFiS3.a(WiFiClient.cpp.o)
 .text._ZN7__GuardD2Ev
                0x0000000000004ca0        0xc .pio/build/uno_r4_wifi/lib7a0/libWiFiS3.a(WiFiClient.cpp.o)
                0x0000000000004ca0                __Guard::~__Guard()
                0x0000000000004ca0                __Guard::~__Guard()
 .text._ZN7arduino10FifoBufferIhLm1024EE9availableEv.isra.7
                0x0000000000004cac       0x2c .pio/build/uno_r4_wifi/lib7a0/libWiFiS3.a(WiFiClient.cpp.o)
 .text._ZN7arduino10FifoBufferIhLm1024EE9nextIndexEm.isra.14
                0x0000000000004cd8       0x2e .pio/build/uno_r4_wifi/lib7a0/libWiFiS3.a(WiFiClient.cpp.o)
 *fill*         0x0000000000004d06        0x2 ff
 .text._ZN10WiFiClientC2ERKS_
                0x0000000000004d08       0x30 .pio/build/uno_r4_wifi/lib7a0/libWiFiS3.a(WiFiClient.cpp.o)
                0x0000000000004d08                WiFiClient::WiFiClient(WiFiClient const&)
                0x0000000000004d08                WiFiClient::WiFiClient(WiFiClient const&)
 .text._ZNSt14__shared_countILN9__gnu_cxx12_Lock_policyE0EED2Ev
                0x0000000000004d38       0x18 .pio/build/uno_r4_wifi/lib7a0/libWiFiS3.a(WiFiClient.cpp.o)
                0x0000000000004d38                std::__shared_count<(__gnu_cxx::_Lock_policy)0>::~__shared_count()
                0x0000000000004d38                std::__shared_count<(__gnu_cxx::_Lock_policy)0>::~__shared_count()
 .text._ZN10WiFiClientD2Ev
                0x0000000000004d50       0x18 .pio/build/uno_r4_wifi/lib7a0/libWiFiS3.a(WiFiClient.cpp.o)
                0x0000000000004d50                WiFiClient::~WiFiClient()
                0x0000000000004d50                WiFiClient::~WiFiClient()
 .text._ZNSt7__cxx1112basic_stringIcSt11char_traitsIcESaIcEE10_M_disposeEv
                0x0000000000004d68       0x10 .pio/build/uno_r4_wifi/lib7a0/libWiFiS3.a(WiFiClient.cpp.o)
                0x0000000000004d68                std::__cxx11::basic_string<char, std::char_traits<char>, std::allocator<char> >::_M_dispose()
 .text._ZN10WiFiClient9getSocketEv
                0x0000000000004d78       0x80 .pio/build/uno_r4_wifi/lib7a0/libWiFiS3.a(WiFiClient.cpp.o)
                0x0000000000004d78                WiFiClient::getSocket()
 .text._ZN10WiFiClient7connectEPKct
                0x0000000000004df8       0xb0 .pio/build/uno_r4_wifi/lib7a0/libWiFiS3.a(WiFiClient.cpp.o)
                0x0000000000004df8                WiFiClient::connect(char const*, unsigned short)
 .text._ZN10WiFiClient5writeEPKhj
                0x0000000000004ea8       0x80 .pio/build/uno_r4_wifi/lib7a0/libWiFiS3.a(WiFiClient.cpp.o)
                0x0000000000004ea8                WiFiClient::write(unsigned char const*, unsigned int)
 .text._ZN10WiFiClient9availableEv
                0x0000000000004f28       0x98 .pio/build/uno_r4_wifi/lib7a0/libWiFiS3.a(WiFiClient.cpp.o)
                0x0000000000004f28                WiFiClient::available()
 .text._ZN10WiFiClient5_readEv
                0x0000000000004fc0      0x138 .pio/build/uno_r4_wifi/lib7a0/libWiFiS3.a(WiFiClient.cpp.o)
                0x0000000000004fc0                WiFiClient::_read()
 .text._ZN10WiFiClient14read_if_neededEj
                0x00000000000050f8       0x22 .pio/build/uno_r4_wifi/lib7a0/libWiFiS3.a(WiFiClient.cpp.o)
                0x00000000000050f8                WiFiClient::read_if_needed(unsigned int)
 .text._ZN10WiFiClient4readEPhj
                0x000000000000511a       0x88 .pio/build/uno_r4_wifi/lib7a0/libWiFiS3.a(WiFiClient.cpp.o)
                0x000000000000511a                WiFiClient::read(unsigned char*, unsigned int)
 .text._ZN10WiFiClient4peekEv
                0x00000000000051a2       0x2c .pio/build/uno_r4_wifi/lib7a0/libWiFiS3.a(WiFiClient.cpp.o)
                0x00000000000051a2                WiFiClient::peek()
 *fill*         0x00000000000051ce        0x2 ff
 .text._ZN10WiFiClient5flushEv
                0x00000000000051d0       0x60 .pio/build/uno_r4_wifi/lib7a0/libWiFiS3.a(WiFiClient.cpp.o)
                0x00000000000051d0                WiFiClient::flush()
 .text._ZN10WiFiClient4stopEv
                0x0000000000005230       0x78 .pio/build/uno_r4_wifi/lib7a0/libWiFiS3.a(WiFiClient.cpp.o)
                0x0000000000005230                WiFiClient::stop()
 .text._ZN10WiFiClient9connectedEv
                0x00000000000052a8       0x80 .pio/build/uno_r4_wifi/lib7a0/libWiFiS3.a(WiFiClient.cpp.o)
                0x00000000000052a8                WiFiClient::connected()
 .text._ZN10WiFiClient8remoteIPEv
                0x0000000000005328       0xa8 .pio/build/uno_r4_wifi/lib7a0/libWiFiS3.a(WiFiClient.cpp.o)
                0x0000000000005328                WiFiClient::remoteIP()
 .text._ZN10WiFiClient10remotePortEv
                0x00000000000053d0       0x74 .pio/build/uno_r4_wifi/lib7a0/libWiFiS3.a(WiFiClient.cpp.o)
                0x00000000000053d0                WiFiClient::remotePort()
 .text._ZNSt12__shared_ptrIN7arduino10FifoBufferIhLm1024EEELN9__gnu_cxx12_Lock_policyE0EEaSEOS5_
                0x0000000000005444       0x28 .pio/build/uno_r4_wifi/lib7a0/libWiFiS3.a(WiFiClient.cpp.o)
                0x0000000000005444                std::__shared_ptr<arduino::FifoBuffer<unsigned char, 1024ul>, (__gnu_cxx::_Lock_policy)0>::operator=(std::__shared_ptr<arduino::FifoBuffer<unsigned char, 1024ul>, (__gnu_cxx::_Lock_policy)0>&&)
 .text._ZN10WiFiClientC2Ev
                0x000000000000546c       0x74 .pio/build/uno_r4_wifi/lib7a0/libWiFiS3.a(WiFiClient.cpp.o)
                0x000000000000546c                WiFiClient::WiFiClient()
                0x000000000000546c                WiFiClient::WiFiClient()
 .text._ZN10WiFiClientC2Ei
                0x00000000000054e0       0x70 .pio/build/uno_r4_wifi/lib7a0/libWiFiS3.a(WiFiClient.cpp.o)
                0x00000000000054e0                WiFiClient::WiFiClient(int)
                0x00000000000054e0                WiFiClient::WiFiClient(int)
 .text._ZN7arduino5Print5flushEv
                0x0000000000005550        0x2 .pio/build/uno_r4_wifi/lib7a0/libWiFiS3.a(WiFiServer.cpp.o)
                0x0000000000005550                arduino::Print::flush()
 .text._ZN10WiFiServerneERKS_
                0x0000000000005552       0x10 .pio/build/uno_r4_wifi/lib7a0/libWiFiS3.a(WiFiServer.cpp.o)
                0x0000000000005552                WiFiServer::operator!=(WiFiServer const&)
 .text._ZN10WiFiServer5writeEh
                0x0000000000005562       0x16 .pio/build/uno_r4_wifi/lib7a0/libWiFiS3.a(WiFiServer.cpp.o)
                0x0000000000005562                WiFiServer::write(unsigned char)
 .text._ZN10WiFiServereqERKS_
                0x0000000000005578        0xc .pio/build/uno_r4_wifi/lib7a0/libWiFiS3.a(WiFiServer.cpp.o)
                0x0000000000005578                WiFiServer::operator==(WiFiServer const&)
 .text._ZN10WiFiServerC2Ei
                0x0000000000005584       0x24 .pio/build/uno_r4_wifi/lib7a0/libWiFiS3.a(WiFiServer.cpp.o)
                0x0000000000005584                WiFiServer::WiFiServer(int)
                0x0000000000005584                WiFiServer::WiFiServer(int)
 .text._ZNSt7__cxx1112basic_stringIcSt11char_traitsIcESaIcEEC2EPKcRKS3_
                0x00000000000055a8       0x54 .pio/build/uno_r4_wifi/lib7a0/libWiFiS3.a(WiFiServer.cpp.o)
                0x00000000000055a8                std::__cxx11::basic_string<char, std::char_traits<char>, std::allocator<char> >::basic_string(char const*, std::allocator<char> const&)
                0x00000000000055a8                std::__cxx11::basic_string<char, std::char_traits<char>, std::allocator<char> >::basic_string(char const*, std::allocator<char> const&)
 .text._ZN10WiFiServer9availableEv
                0x00000000000055fc       0xf4 .pio/build/uno_r4_wifi/lib7a0/libWiFiS3.a(WiFiServer.cpp.o)
                0x00000000000055fc                WiFiServer::available()
 .text._ZN10WiFiServer5beginEi
                0x00000000000056f0       0x70 .pio/build/uno_r4_wifi/lib7a0/libWiFiS3.a(WiFiServer.cpp.o)
                0x00000000000056f0                WiFiServer::begin(int)
 .text._ZN10WiFiServer5beginEv
                0x0000000000005760        0x6 .pio/build/uno_r4_wifi/lib7a0/libWiFiS3.a(WiFiServer.cpp.o)
                0x0000000000005760                WiFiServer::begin()
 *fill*         0x0000000000005766        0x2 ff
 .text._ZN10WiFiServer5writeEPKhj
                0x0000000000005768       0x84 .pio/build/uno_r4_wifi/lib7a0/libWiFiS3.a(WiFiServer.cpp.o)
                0x0000000000005768                WiFiServer::write(unsigned char const*, unsigned int)
 .text._ZNSt7__cxx1112basic_stringIcSt11char_traitsIcESaIcEE9_M_createERjj.isra.21
                0x00000000000057ec       0x34 .pio/build/uno_r4_wifi/lib7a0/libWiFiS3.a(Modem.cpp.o)
 .text._ZN10ModemClassD2Ev
                0x0000000000005820       0x18 .pio/build/uno_r4_wifi/lib7a0/libWiFiS3.a(Modem.cpp.o)
                0x0000000000005820                ModemClass::~ModemClass()
                0x0000000000005820                ModemClass::~ModemClass()
 .text._ZN10ModemClass12write_nowaitERKNSt7__cxx1112basic_stringIcSt11char_traitsIcESaIcEEERS5_PKcz
                0x0000000000005838       0x6c .pio/build/uno_r4_wifi/lib7a0/libWiFiS3.a(Modem.cpp.o)
                0x0000000000005838                ModemClass::write_nowait(std::__cxx11::basic_string<char, std::char_traits<char>, std::allocator<char> > const&, std::__cxx11::basic_string<char, std::char_traits<char>, std::allocator<char> >&, char const*, ...)
 .text._ZNKSt7__cxx1112basic_stringIcSt11char_traitsIcESaIcEE7compareEPKc
                0x00000000000058a4       0x28 .pio/build/uno_r4_wifi/lib7a0/libWiFiS3.a(Modem.cpp.o)
                0x00000000000058a4                std::__cxx11::basic_string<char, std::char_traits<char>, std::allocator<char> >::compare(char const*) const
 .text._ZNSt7__cxx1112basic_stringIcSt11char_traitsIcESaIcEE7_S_copyEPcPKcj
                0x00000000000058cc       0x1a .pio/build/uno_r4_wifi/lib7a0/libWiFiS3.a(Modem.cpp.o)
                0x00000000000058cc                std::__cxx11::basic_string<char, std::char_traits<char>, std::allocator<char> >::_S_copy(char*, char const*, unsigned int)
 .text._ZNSt7__cxx1112basic_stringIcSt11char_traitsIcESaIcEE9_M_mutateEjjPKcj
                0x00000000000058e6       0x7e .pio/build/uno_r4_wifi/lib7a0/libWiFiS3.a(Modem.cpp.o)
                0x00000000000058e6                std::__cxx11::basic_string<char, std::char_traits<char>, std::allocator<char> >::_M_mutate(unsigned int, unsigned int, char const*, unsigned int)
 .text._ZNSt7__cxx1112basic_stringIcSt11char_traitsIcESaIcEE9push_backEc
                0x0000000000005964       0x3e .pio/build/uno_r4_wifi/lib7a0/libWiFiS3.a(Modem.cpp.o)
                0x0000000000005964                std::__cxx11::basic_string<char, std::char_traits<char>, std::allocator<char> >::push_back(char)
 .text._ZNSt7__cxx1112basic_stringIcSt11char_traitsIcESaIcEE7_S_moveEPcPKcj
                0x00000000000059a2       0x1a .pio/build/uno_r4_wifi/lib7a0/libWiFiS3.a(Modem.cpp.o)
                0x00000000000059a2                std::__cxx11::basic_string<char, std::char_traits<char>, std::allocator<char> >::_S_move(char*, char const*, unsigned int)
 .text._ZNSt7__cxx1112basic_stringIcSt11char_traitsIcESaIcEE10_M_replaceEjjPKcj
                0x00000000000059bc       0xfc .pio/build/uno_r4_wifi/lib7a0/libWiFiS3.a(Modem.cpp.o)
                0x00000000000059bc                std::__cxx11::basic_string<char, std::char_traits<char>, std::allocator<char> >::_M_replace(unsigned int, unsigned int, char const*, unsigned int)
 .text._ZNSt7__cxx1112basic_stringIcSt11char_traitsIcESaIcEEaSEPKc
                0x0000000000005ab8       0x1e .pio/build/uno_r4_wifi/lib7a0/libWiFiS3.a(Modem.cpp.o)
                0x0000000000005ab8                std::__cxx11::basic_string<char, std::char_traits<char>, std::allocator<char> >::operator=(char const*)
 *fill*         0x0000000000005ad6        0x2 ff
 .text._ZN10ModemClass8buf_readERKNSt7__cxx1112basic_stringIcSt11char_traitsIcESaIcEEERS5_
                0x0000000000005ad8      0x338 .pio/build/uno_r4_wifi/lib7a0/libWiFiS3.a(Modem.cpp.o)
                0x0000000000005ad8                ModemClass::buf_read(std::__cxx11::basic_string<char, std::char_traits<char>, std::allocator<char> > const&, std::__cxx11::basic_string<char, std::char_traits<char>, std::allocator<char> >&)
 .text._ZN10ModemClass11passthroughEPKhj
                0x0000000000005e10       0xa0 .pio/build/uno_r4_wifi/lib7a0/libWiFiS3.a(Modem.cpp.o)
                0x0000000000005e10                ModemClass::passthrough(unsigned char const*, unsigned int)
 .text._ZN10ModemClass5writeERKNSt7__cxx1112basic_stringIcSt11char_traitsIcESaIcEEERS5_PKcz
                0x0000000000005eb0       0xdc .pio/build/uno_r4_wifi/lib7a0/libWiFiS3.a(Modem.cpp.o)
                0x0000000000005eb0                ModemClass::write(std::__cxx11::basic_string<char, std::char_traits<char>, std::allocator<char> > const&, std::__cxx11::basic_string<char, std::char_traits<char>, std::allocator<char> >&, char const*, ...)
 .text._ZN10ModemClass5beginEii
                0x0000000000005f8c       0x94 .pio/build/uno_r4_wifi/lib7a0/libWiFiS3.a(Modem.cpp.o)
                0x0000000000005f8c                ModemClass::begin(int, int)
 .text.startup._GLOBAL__sub_I__ZN10ModemClassC2Eii
                0x0000000000006020       0x28 .pio/build/uno_r4_wifi/lib7a0/libWiFiS3.a(Modem.cpp.o)
 .text.exit._GLOBAL__sub_D__ZN10ModemClassC2Eii
                0x0000000000006048        0xc .pio/build/uno_r4_wifi/lib7a0/libWiFiS3.a(Modem.cpp.o)
 .text._ZN10ControllerC2EPKcS1_
                0x0000000000006054       0xa8 .pio/build/uno_r4_wifi/lib990/libController.a(Controller.cpp.o)
                0x0000000000006054                Controller::Controller(char const*, char const*)
                0x0000000000006054                Controller::Controller(char const*, char const*)
 .text._ZN10Controller14registerButtonEPKcPFvvE
                0x00000000000060fc       0x32 .pio/build/uno_r4_wifi/lib990/libController.a(Controller.cpp.o)
                0x00000000000060fc                Controller::registerButton(char const*, void (*)())
 .text._ZN10Controller20setFailsafeTimeoutMsEt
                0x000000000000612e        0x6 .pio/build/uno_r4_wifi/lib990/libController.a(Controller.cpp.o)
                0x000000000000612e                Controller::setFailsafeTimeoutMs(unsigned short)
 .text._ZN10Controller14configureL298NEhhhhhh
                0x0000000000006134       0x2e .pio/build/uno_r4_wifi/lib990/libController.a(Controller.cpp.o)
                0x0000000000006134                Controller::configureL298N(unsigned char, unsigned char, unsigned char, unsigned char, unsigned char, unsigned char)
 *fill*         0x0000000000006162        0x2 ff
 .text._ZN10Controller20wifiSSIDExistsNearbyEv
                0x0000000000006164       0x50 .pio/build/uno_r4_wifi/lib990/libController.a(Controller.cpp.o)
                0x0000000000006164                Controller::wifiSSIDExistsNearby()
 .text._ZNK10Controller15printWiFiStatusEv
                0x00000000000061b4       0x6c .pio/build/uno_r4_wifi/lib990/libController.a(Controller.cpp.o)
                0x00000000000061b4                Controller::printWiFiStatus() const
 .text._ZN10Controller14setMotorMinPWMEh
                0x0000000000006220        0x6 .pio/build/uno_r4_wifi/lib990/libController.a(Controller.cpp.o)
                0x0000000000006220                Controller::setMotorMinPWM(unsigned char)
 *fill*         0x0000000000006226        0x2 ff
 .text._ZN10Controller15readRequestLineER10WiFiClient
                0x0000000000006228       0x64 .pio/build/uno_r4_wifi/lib990/libController.a(Controller.cpp.o)
                0x0000000000006228                Controller::readRequestLine(WiFiClient&)
 .text._ZN10Controller10sendHttpOkER10WiFiClientPKcRKN7arduino6StringE
                0x000000000000628c       0x5c .pio/build/uno_r4_wifi/lib990/libController.a(Controller.cpp.o)
                0x000000000000628c                Controller::sendHttpOk(WiFiClient&, char const*, arduino::String const&)
 .text._ZN10Controller16sendHttpNotFoundER10WiFiClient
                0x00000000000062e8       0x64 .pio/build/uno_r4_wifi/lib990/libController.a(Controller.cpp.o)
                0x00000000000062e8                Controller::sendHttpNotFound(WiFiClient&)
 .text._ZN10Controller15extractQueryIntERKN7arduino6StringEPKcRi
                0x000000000000634c       0xe0 .pio/build/uno_r4_wifi/lib990/libController.a(Controller.cpp.o)
                0x000000000000634c                Controller::extractQueryInt(arduino::String const&, char const*, int&)
 .text._ZN10Controller12handleHealthER10WiFiClient
                0x000000000000642c       0x30 .pio/build/uno_r4_wifi/lib990/libController.a(Controller.cpp.o)
                0x000000000000642c                Controller::handleHealth(WiFiClient&)
 .text._ZN10Controller16handleControlMsgER10WiFiClientRKN7arduino6StringE
                0x000000000000645c       0xac .pio/build/uno_r4_wifi/lib990/libController.a(Controller.cpp.o)
                0x000000000000645c                Controller::handleControlMsg(WiFiClient&, arduino::String const&)
 .text._ZN10Controller9handleBtnER10WiFiClientRKN7arduino6StringE
                0x0000000000006508       0xa8 .pio/build/uno_r4_wifi/lib990/libController.a(Controller.cpp.o)
                0x0000000000006508                Controller::handleBtn(WiFiClient&, arduino::String const&)
 .text._ZN10Controller15enableStatusLEDEh
                0x00000000000065b0       0x22 .pio/build/uno_r4_wifi/lib990/libController.a(Controller.cpp.o)
                0x00000000000065b0                Controller::enableStatusLED(unsigned char)
 .text._ZN10Controller11setLedStateENS_8LedStateE
                0x00000000000065d2       0x1e .pio/build/uno_r4_wifi/lib990/libController.a(Controller.cpp.o)
                0x00000000000065d2                Controller::setLedState(Controller::LedState)
 .text._ZN10Controller15setLedStateHoldENS_8LedStateEt
                0x00000000000065f0       0x1e .pio/build/uno_r4_wifi/lib990/libController.a(Controller.cpp.o)
                0x00000000000065f0                Controller::setLedStateHold(Controller::LedState, unsigned short)
 *fill*         0x000000000000660e        0x2 ff
 .text._ZN10Controller11handleDriveER10WiFiClientRKN7arduino6StringE
                0x0000000000006610       0xe4 .pio/build/uno_r4_wifi/lib990/libController.a(Controller.cpp.o)
                0x0000000000006610                Controller::handleDrive(WiFiClient&, arduino::String const&)
 .text._ZN10Controller16setLedStateForceENS_8LedStateE
                0x00000000000066f4       0x1c .pio/build/uno_r4_wifi/lib990/libController.a(Controller.cpp.o)
                0x00000000000066f4                Controller::setLedStateForce(Controller::LedState)
 .text._ZN10Controller15updateStatusLEDEv
                0x0000000000006710       0x62 .pio/build/uno_r4_wifi/lib990/libController.a(Controller.cpp.o)
                0x0000000000006710                Controller::updateStatusLED()
 *fill*         0x0000000000006772        0x2 ff
 .text._ZN10Controller10handleRootER10WiFiClient
                0x0000000000006774      0x8dc .pio/build/uno_r4_wifi/lib990/libController.a(Controller.cpp.o)
                0x0000000000006774                Controller::handleRoot(WiFiClient&)
 .text._ZN10Controller17motorInitSafeStopEv
                0x0000000000007050       0x44 .pio/build/uno_r4_wifi/lib990/libController.a(Controller.cpp.o)
                0x0000000000007050                Controller::motorInitSafeStop()
 .text._ZN10Controller10speedToCmdEaRbRh
                0x0000000000007094       0x30 .pio/build/uno_r4_wifi/lib990/libController.a(Controller.cpp.o)
                0x0000000000007094                Controller::speedToCmd(signed char, bool&, unsigned char&)
 .text._ZN10Controller11setMotorOneEhhha
                0x00000000000070c4       0x78 .pio/build/uno_r4_wifi/lib990/libController.a(Controller.cpp.o)
                0x00000000000070c4                Controller::setMotorOne(unsigned char, unsigned char, unsigned char, signed char)
 .text._ZN10Controller11debugMotorsEaa
                0x000000000000713c       0xf4 .pio/build/uno_r4_wifi/lib990/libController.a(Controller.cpp.o)
                0x000000000000713c                Controller::debugMotors(signed char, signed char)
 .text._ZN10Controller10motorApplyEaa
                0x0000000000007230       0x38 .pio/build/uno_r4_wifi/lib990/libController.a(Controller.cpp.o)
                0x0000000000007230                Controller::motorApply(signed char, signed char)
 .text._ZN10Controller23applySmoothingAndNotifyEv
                0x0000000000007268       0xb8 .pio/build/uno_r4_wifi/lib990/libController.a(Controller.cpp.o)
                0x0000000000007268                Controller::applySmoothingAndNotify()
 .text._ZN10Controller14registerSliderEPKciiiPFviE
                0x0000000000007320       0x34 .pio/build/uno_r4_wifi/lib990/libController.a(Controller.cpp.o)
                0x0000000000007320                Controller::registerSlider(char const*, int, int, int, void (*)(int))
 .text._ZN10Controller12handleSliderER10WiFiClientRKN7arduino6StringE
                0x0000000000007354       0x9c .pio/build/uno_r4_wifi/lib990/libController.a(Controller.cpp.o)
                0x0000000000007354                Controller::handleSlider(WiFiClient&, arduino::String const&)
 .text._ZN10Controller12handleClientER10WiFiClient
                0x00000000000073f0      0x184 .pio/build/uno_r4_wifi/lib990/libController.a(Controller.cpp.o)
                0x00000000000073f0                Controller::handleClient(WiFiClient&)
 .text._ZN10Controller7beginAPEb
                0x0000000000007574      0x174 .pio/build/uno_r4_wifi/lib990/libController.a(Controller.cpp.o)
                0x0000000000007574                Controller::beginAP(bool)
 .text._ZN10Controller6updateEv
                0x00000000000076e8       0x6e .pio/build/uno_r4_wifi/lib990/libController.a(Controller.cpp.o)
                0x00000000000076e8                Controller::update()
 .text.startup.main
                0x0000000000007756        0xa .pio/build/uno_r4_wifi/libFrameworkArduinoVariant.a(main.c.o)
                0x0000000000007756                main
 .text._ZN4UARTcvbEv
                0x0000000000007760        0x4 .pio/build/uno_r4_wifi/libFrameworkArduino.a(Serial.cpp.o)
                0x0000000000007760                UART::operator bool()
 .text._ZN4UART5beginEm
                0x0000000000007764        0xa .pio/build/uno_r4_wifi/libFrameworkArduino.a(Serial.cpp.o)
                0x0000000000007764                UART::begin(unsigned long)
 .text._ZN4UART5flushEv
                0x000000000000776e        0xa .pio/build/uno_r4_wifi/libFrameworkArduino.a(Serial.cpp.o)
                0x000000000000776e                UART::flush()
 .text._ZN4UART4peekEv
                0x0000000000007778       0x18 .pio/build/uno_r4_wifi/libFrameworkArduino.a(Serial.cpp.o)
                0x0000000000007778                UART::peek()
 .text._ZN4UART5writeEh
                0x0000000000007790       0x34 .pio/build/uno_r4_wifi/libFrameworkArduino.a(Serial.cpp.o)
                0x0000000000007790                UART::write(unsigned char)
 .text._ZN4UART3endEv
                0x00000000000077c4       0x22 .pio/build/uno_r4_wifi/libFrameworkArduino.a(Serial.cpp.o)
                0x00000000000077c4                UART::end()
 .text._ZN4UART9availableEv
                0x00000000000077e6       0x32 .pio/build/uno_r4_wifi/libFrameworkArduino.a(Serial.cpp.o)
                0x00000000000077e6                UART::available()
 .text._ZN4UART15WrapperCallbackEP20st_uart_callback_arg
                0x0000000000007818       0x90 .pio/build/uno_r4_wifi/libFrameworkArduino.a(Serial.cpp.o)
                0x0000000000007818                UART::WrapperCallback(st_uart_callback_arg*)
 .text._ZN4UART4readEv
                0x00000000000078a8       0x5c .pio/build/uno_r4_wifi/libFrameworkArduino.a(Serial.cpp.o)
                0x00000000000078a8                UART::read()
 .text._ZN4UARTC2Eiiii
                0x0000000000007904       0x78 .pio/build/uno_r4_wifi/libFrameworkArduino.a(Serial.cpp.o)
                0x0000000000007904                UART::UART(int, int, int, int)
                0x0000000000007904                UART::UART(int, int, int, int)
 .text._ZN4UART13setUpUartIrqsER11st_uart_cfg
                0x000000000000797c       0x14 .pio/build/uno_r4_wifi/libFrameworkArduino.a(Serial.cpp.o)
                0x000000000000797c                UART::setUpUartIrqs(st_uart_cfg&)
 .text._ZN4UART5writeEPhj
                0x0000000000007990       0x2e .pio/build/uno_r4_wifi/libFrameworkArduino.a(Serial.cpp.o)
                0x0000000000007990                UART::write(unsigned char*, unsigned int)
 *fill*         0x00000000000079be        0x2 ff
 .text._ZN4UART8cfg_pinsEi
                0x00000000000079c0       0xe8 .pio/build/uno_r4_wifi/libFrameworkArduino.a(Serial.cpp.o)
                0x00000000000079c0                UART::cfg_pins(int)
 .text._ZN4UART5beginEmt
                0x0000000000007aa8      0x1a8 .pio/build/uno_r4_wifi/libFrameworkArduino.a(Serial.cpp.o)
                0x0000000000007aa8                UART::begin(unsigned long, unsigned short)
 .text._ZN4UART9write_rawEPhj
                0x0000000000007c50       0x1e .pio/build/uno_r4_wifi/libFrameworkArduino.a(Serial.cpp.o)
                0x0000000000007c50                UART::write_raw(unsigned char*, unsigned int)
 *fill*         0x0000000000007c6e        0x2 ff
 .text.startup._GLOBAL__sub_I__UART1_
                0x0000000000007c70       0x1c .pio/build/uno_r4_wifi/libFrameworkArduino.a(SerialObj1.cpp.o)
 .text.startup._GLOBAL__sub_I__UART3_
                0x0000000000007c8c       0x1c .pio/build/uno_r4_wifi/libFrameworkArduino.a(SerialObj3.cpp.o)
 .text._ZL13readAllGroupAP13ADC_Container
                0x0000000000007ca8       0x2c .pio/build/uno_r4_wifi/libFrameworkArduino.a(analog.cpp.o)
 .text._ZL11ADC_irq_cbkP20st_adc_callback_args
                0x0000000000007cd4       0x58 .pio/build/uno_r4_wifi/libFrameworkArduino.a(analog.cpp.o)
 .text._ZL10adcConvertP13ADC_Containert
                0x0000000000007d2c       0xa4 .pio/build/uno_r4_wifi/libFrameworkArduino.a(analog.cpp.o)
 .text._ZL21get_ADC_container_ptrlRt.constprop.4
                0x0000000000007dd0       0x38 .pio/build/uno_r4_wifi/libFrameworkArduino.a(analog.cpp.o)
 .text._ZN13ADC_ContainerC2EhPFvP20st_adc_callback_argsEPv
                0x0000000000007e08       0x6e .pio/build/uno_r4_wifi/libFrameworkArduino.a(analog.cpp.o)
                0x0000000000007e08                ADC_Container::ADC_Container(unsigned char, void (*)(st_adc_callback_args*), void*)
                0x0000000000007e08                ADC_Container::ADC_Container(unsigned char, void (*)(st_adc_callback_args*), void*)
 .text._ZN13ADC_ContainerD2Ev
                0x0000000000007e76       0x12 .pio/build/uno_r4_wifi/libFrameworkArduino.a(analog.cpp.o)
                0x0000000000007e76                ADC_Container::~ADC_Container()
                0x0000000000007e76                ADC_Container::~ADC_Container()
 .text.analogRead
                0x0000000000007e88       0x3c .pio/build/uno_r4_wifi/libFrameworkArduino.a(analog.cpp.o)
                0x0000000000007e88                analogRead
 .text.analogReference
                0x0000000000007ec4       0x5c .pio/build/uno_r4_wifi/libFrameworkArduino.a(analog.cpp.o)
                0x0000000000007ec4                analogReference
 .text._Z15analogReferencev
                0x0000000000007f20      0x10c .pio/build/uno_r4_wifi/libFrameworkArduino.a(analog.cpp.o)
                0x0000000000007f20                analogReference()
 .text._Z21analogWriteResolutionv
                0x000000000000802c        0xc .pio/build/uno_r4_wifi/libFrameworkArduino.a(analog.cpp.o)
                0x000000000000802c                analogWriteResolution()
 .text.analogWrite
                0x0000000000008038      0x120 .pio/build/uno_r4_wifi/libFrameworkArduino.a(analog.cpp.o)
                0x0000000000008038                analogWrite
 .text._Z23__get_timer_for_channeli
                0x0000000000008158       0x2c .pio/build/uno_r4_wifi/libFrameworkArduino.a(analog.cpp.o)
                0x0000000000008158                __get_timer_for_channel(int)
 .text.startup._GLOBAL__sub_I__ZN13ADC_ContainerC2EhPFvP20st_adc_callback_argsEPv
                0x0000000000008184       0x4c .pio/build/uno_r4_wifi/libFrameworkArduino.a(analog.cpp.o)
 .text.exit._GLOBAL__sub_D__ZN13ADC_ContainerC2EhPFvP20st_adc_callback_argsEPv
                0x00000000000081d0       0x1c .pio/build/uno_r4_wifi/libFrameworkArduino.a(analog.cpp.o)
 .text._Z3maplllll
                0x00000000000081ec       0x14 .pio/build/uno_r4_wifi/libFrameworkArduino.a(Common.cpp.o)
                0x00000000000081ec                map(long, long, long, long, long)
 .text._ZNK7arduino9IPAddress7printToERNS_5PrintE
                0x0000000000008200      0x17c .pio/build/uno_r4_wifi/libFrameworkArduino.a(IPAddress.cpp.o)
                0x0000000000008200                arduino::IPAddress::printTo(arduino::Print&) const
 .text._ZN7arduino9IPAddressC2ENS_6IPTypeE
                0x000000000000837c       0x1c .pio/build/uno_r4_wifi/libFrameworkArduino.a(IPAddress.cpp.o)
                0x000000000000837c                arduino::IPAddress::IPAddress(arduino::IPType)
                0x000000000000837c                arduino::IPAddress::IPAddress(arduino::IPType)
 .text._ZN7arduino9IPAddressC2Ev
                0x0000000000008398        0xe .pio/build/uno_r4_wifi/libFrameworkArduino.a(IPAddress.cpp.o)
                0x0000000000008398                arduino::IPAddress::IPAddress()
                0x0000000000008398                arduino::IPAddress::IPAddress()
 *fill*         0x00000000000083a6        0x2 ff
 .text._ZN7arduino9IPAddressC2Ehhhh
                0x00000000000083a8       0x30 .pio/build/uno_r4_wifi/libFrameworkArduino.a(IPAddress.cpp.o)
                0x00000000000083a8                arduino::IPAddress::IPAddress(unsigned char, unsigned char, unsigned char, unsigned char)
                0x00000000000083a8                arduino::IPAddress::IPAddress(unsigned char, unsigned char, unsigned char, unsigned char)
 .text._ZNK7arduino9IPAddress9toString4Ev
                0x00000000000083d8       0x34 .pio/build/uno_r4_wifi/libFrameworkArduino.a(IPAddress.cpp.o)
                0x00000000000083d8                arduino::IPAddress::toString4() const
 .text._ZNK7arduino9IPAddress9toString6Ev
                0x000000000000840c       0x60 .pio/build/uno_r4_wifi/libFrameworkArduino.a(IPAddress.cpp.o)
                0x000000000000840c                arduino::IPAddress::toString6() const
 .text._ZNK7arduino9IPAddress8toStringEv
                0x000000000000846c       0x16 .pio/build/uno_r4_wifi/libFrameworkArduino.a(IPAddress.cpp.o)
                0x000000000000846c                arduino::IPAddress::toString() const
 .text._ZN7arduino9IPAddress11fromString4EPKc
                0x0000000000008482       0x70 .pio/build/uno_r4_wifi/libFrameworkArduino.a(IPAddress.cpp.o)
                0x0000000000008482                arduino::IPAddress::fromString4(char const*)
 .text._ZN7arduino9IPAddress11fromString6EPKc
                0x00000000000084f2       0xfa .pio/build/uno_r4_wifi/libFrameworkArduino.a(IPAddress.cpp.o)
                0x00000000000084f2                arduino::IPAddress::fromString6(char const*)
 .text._ZN7arduino9IPAddress10fromStringEPKc
                0x00000000000085ec       0x1a .pio/build/uno_r4_wifi/libFrameworkArduino.a(IPAddress.cpp.o)
                0x00000000000085ec                arduino::IPAddress::fromString(char const*)
 .text._ZN7arduino9IPAddressixEi
                0x0000000000008606        0xe .pio/build/uno_r4_wifi/libFrameworkArduino.a(IPAddress.cpp.o)
                0x0000000000008606                arduino::IPAddress::operator[](int)
 .text.startup._GLOBAL__sub_I__ZN7arduino9IPAddressC2Ev
                0x0000000000008614       0x28 .pio/build/uno_r4_wifi/libFrameworkArduino.a(IPAddress.cpp.o)
 .text._ZN7arduino5Print5writeEPKhj
                0x000000000000863c       0x2c .pio/build/uno_r4_wifi/libFrameworkArduino.a(Print.cpp.o)
                0x000000000000863c                arduino::Print::write(unsigned char const*, unsigned int)
 .text._ZN7arduino5Print5writeEPKc.part.2
                0x0000000000008668       0x1e .pio/build/uno_r4_wifi/libFrameworkArduino.a(Print.cpp.o)
 .text._ZN7arduino5Print5writeEPKc
                0x0000000000008686        0xa .pio/build/uno_r4_wifi/libFrameworkArduino.a(Print.cpp.o)
                0x0000000000008686                arduino::Print::write(char const*)
 .text._ZN7arduino5Print5printERKNS_6StringE
                0x0000000000008690        0xa .pio/build/uno_r4_wifi/libFrameworkArduino.a(Print.cpp.o)
                0x0000000000008690                arduino::Print::print(arduino::String const&)
 .text._ZN7arduino5Print5printEPKc
                0x000000000000869a        0x8 .pio/build/uno_r4_wifi/libFrameworkArduino.a(Print.cpp.o)
                0x000000000000869a                arduino::Print::print(char const*)
 .text._ZN7arduino5Print5printEc
                0x00000000000086a2        0x8 .pio/build/uno_r4_wifi/libFrameworkArduino.a(Print.cpp.o)
                0x00000000000086a2                arduino::Print::print(char)
 .text._ZN7arduino5Print5printERKNS_9PrintableE
                0x00000000000086aa        0xc .pio/build/uno_r4_wifi/libFrameworkArduino.a(Print.cpp.o)
                0x00000000000086aa                arduino::Print::print(arduino::Printable const&)
 *fill*         0x00000000000086b6        0x2 ff
 .text._ZN7arduino5Print7printlnEv
                0x00000000000086b8        0xc .pio/build/uno_r4_wifi/libFrameworkArduino.a(Print.cpp.o)
                0x00000000000086b8                arduino::Print::println()
 .text._ZN7arduino5Print7printlnEPKc
                0x00000000000086c4       0x14 .pio/build/uno_r4_wifi/libFrameworkArduino.a(Print.cpp.o)
                0x00000000000086c4                arduino::Print::println(char const*)
 .text._ZN7arduino5Print7printlnERKNS_9PrintableE
                0x00000000000086d8       0x14 .pio/build/uno_r4_wifi/libFrameworkArduino.a(Print.cpp.o)
                0x00000000000086d8                arduino::Print::println(arduino::Printable const&)
 .text._ZN7arduino5Print11printNumberEmh
                0x00000000000086ec       0x3c .pio/build/uno_r4_wifi/libFrameworkArduino.a(Print.cpp.o)
                0x00000000000086ec                arduino::Print::printNumber(unsigned long, unsigned char)
 .text._ZN7arduino5Print5printEli
                0x0000000000008728       0x44 .pio/build/uno_r4_wifi/libFrameworkArduino.a(Print.cpp.o)
                0x0000000000008728                arduino::Print::print(long, int)
 .text._ZN7arduino5Print5printEii
                0x000000000000876c        0x4 .pio/build/uno_r4_wifi/libFrameworkArduino.a(Print.cpp.o)
                0x000000000000876c                arduino::Print::print(int, int)
 .text._ZN7arduino5Print7printlnEii
                0x0000000000008770       0x14 .pio/build/uno_r4_wifi/libFrameworkArduino.a(Print.cpp.o)
                0x0000000000008770                arduino::Print::println(int, int)
 .text._ZN7arduino5Print5printEmi
                0x0000000000008784       0x1a .pio/build/uno_r4_wifi/libFrameworkArduino.a(Print.cpp.o)
                0x0000000000008784                arduino::Print::print(unsigned long, int)
 .text._ZN7arduino5Print5printEhi
                0x000000000000879e        0x4 .pio/build/uno_r4_wifi/libFrameworkArduino.a(Print.cpp.o)
                0x000000000000879e                arduino::Print::print(unsigned char, int)
 .text._ZN7arduino5Print7printlnEhi
                0x00000000000087a2       0x14 .pio/build/uno_r4_wifi/libFrameworkArduino.a(Print.cpp.o)
                0x00000000000087a2                arduino::Print::println(unsigned char, int)
 .text._ZN7arduino5Print5printEji
                0x00000000000087b6        0x4 .pio/build/uno_r4_wifi/libFrameworkArduino.a(Print.cpp.o)
                0x00000000000087b6                arduino::Print::print(unsigned int, int)
 .text._ZN7arduino5Print7printlnEji
                0x00000000000087ba       0x14 .pio/build/uno_r4_wifi/libFrameworkArduino.a(Print.cpp.o)
                0x00000000000087ba                arduino::Print::println(unsigned int, int)
 *fill*         0x00000000000087ce        0x2 ff
 .text._ZN7arduino5Print10printFloatEdi
                0x00000000000087d0      0x17c .pio/build/uno_r4_wifi/libFrameworkArduino.a(Print.cpp.o)
                0x00000000000087d0                arduino::Print::printFloat(double, int)
 .text._ZN7arduino5Print5printEdi
                0x000000000000894c        0x4 .pio/build/uno_r4_wifi/libFrameworkArduino.a(Print.cpp.o)
                0x000000000000894c                arduino::Print::print(double, int)
 .text._ZN7arduino6Stream9timedReadEv
                0x0000000000008950       0x2a .pio/build/uno_r4_wifi/libFrameworkArduino.a(Stream.cpp.o)
                0x0000000000008950                arduino::Stream::timedRead()
 .text._ZN7arduino6Stream10setTimeoutEm
                0x000000000000897a        0x4 .pio/build/uno_r4_wifi/libFrameworkArduino.a(Stream.cpp.o)
                0x000000000000897a                arduino::Stream::setTimeout(unsigned long)
 *fill*         0x000000000000897e        0x2 ff
 .text._ZN7arduino6Stream15readStringUntilEc
                0x0000000000008980       0x30 .pio/build/uno_r4_wifi/libFrameworkArduino.a(Stream.cpp.o)
                0x0000000000008980                arduino::Stream::readStringUntil(char)
 .text._ZN7arduino6StringC2EOS0_
                0x00000000000089b0       0x16 .pio/build/uno_r4_wifi/libFrameworkArduino.a(String.cpp.o)
                0x00000000000089b0                arduino::String::String(arduino::String&&)
                0x00000000000089b0                arduino::String::String(arduino::String&&)
 .text._ZN7arduino6StringD2Ev
                0x00000000000089c6       0x10 .pio/build/uno_r4_wifi/libFrameworkArduino.a(String.cpp.o)
                0x00000000000089c6                arduino::String::~String()
                0x00000000000089c6                arduino::String::~String()
 .text._ZN7arduino6String10invalidateEv
                0x00000000000089d6       0x16 .pio/build/uno_r4_wifi/libFrameworkArduino.a(String.cpp.o)
                0x00000000000089d6                arduino::String::invalidate()
 .text._ZN7arduino6String12changeBufferEj
                0x00000000000089ec       0x18 .pio/build/uno_r4_wifi/libFrameworkArduino.a(String.cpp.o)
                0x00000000000089ec                arduino::String::changeBuffer(unsigned int)
 .text._ZN7arduino6String7reserveEj
                0x0000000000008a04       0x28 .pio/build/uno_r4_wifi/libFrameworkArduino.a(String.cpp.o)
                0x0000000000008a04                arduino::String::reserve(unsigned int)
 .text._ZN7arduino6String4copyEPKcj
                0x0000000000008a2c       0x30 .pio/build/uno_r4_wifi/libFrameworkArduino.a(String.cpp.o)
                0x0000000000008a2c                arduino::String::copy(char const*, unsigned int)
 .text._ZN7arduino6StringC2EPKc
                0x0000000000008a5c       0x24 .pio/build/uno_r4_wifi/libFrameworkArduino.a(String.cpp.o)
                0x0000000000008a5c                arduino::String::String(char const*)
                0x0000000000008a5c                arduino::String::String(char const*)
 .text._ZN7arduino6StringaSEPKc.part.4
                0x0000000000008a80       0x1a .pio/build/uno_r4_wifi/libFrameworkArduino.a(String.cpp.o)
 .text._ZN7arduino6StringC2Ehh
                0x0000000000008a9a       0x22 .pio/build/uno_r4_wifi/libFrameworkArduino.a(String.cpp.o)
                0x0000000000008a9a                arduino::String::String(unsigned char, unsigned char)
                0x0000000000008a9a                arduino::String::String(unsigned char, unsigned char)
 .text._ZN7arduino6StringaSERKS0_
                0x0000000000008abc       0x1e .pio/build/uno_r4_wifi/libFrameworkArduino.a(String.cpp.o)
                0x0000000000008abc                arduino::String::operator=(arduino::String const&)
 .text._ZN7arduino6StringC2ERKS0_
                0x0000000000008ada       0x14 .pio/build/uno_r4_wifi/libFrameworkArduino.a(String.cpp.o)
                0x0000000000008ada                arduino::String::String(arduino::String const&)
                0x0000000000008ada                arduino::String::String(arduino::String const&)
 .text._ZN7arduino6StringaSEPKc
                0x0000000000008aee       0x14 .pio/build/uno_r4_wifi/libFrameworkArduino.a(String.cpp.o)
                0x0000000000008aee                arduino::String::operator=(char const*)
 .text._ZN7arduino6String6concatEPKcj
                0x0000000000008b02       0x42 .pio/build/uno_r4_wifi/libFrameworkArduino.a(String.cpp.o)
                0x0000000000008b02                arduino::String::concat(char const*, unsigned int)
 .text._ZN7arduino6String6concatERKS0_
                0x0000000000008b44        0x8 .pio/build/uno_r4_wifi/libFrameworkArduino.a(String.cpp.o)
                0x0000000000008b44                arduino::String::concat(arduino::String const&)
 .text._ZN7arduino6String6concatEPKc.part.6
                0x0000000000008b4c       0x1a .pio/build/uno_r4_wifi/libFrameworkArduino.a(String.cpp.o)
 .text._ZN7arduino6String6concatEPKc
                0x0000000000008b66        0xa .pio/build/uno_r4_wifi/libFrameworkArduino.a(String.cpp.o)
                0x0000000000008b66                arduino::String::concat(char const*)
 .text._ZN7arduino6String6concatEc
                0x0000000000008b70       0x16 .pio/build/uno_r4_wifi/libFrameworkArduino.a(String.cpp.o)
                0x0000000000008b70                arduino::String::concat(char)
 .text._ZN7arduino6String6concatEh
                0x0000000000008b86       0x1a .pio/build/uno_r4_wifi/libFrameworkArduino.a(String.cpp.o)
                0x0000000000008b86                arduino::String::concat(unsigned char)
 .text._ZN7arduino6String6concatEi
                0x0000000000008ba0       0x1a .pio/build/uno_r4_wifi/libFrameworkArduino.a(String.cpp.o)
                0x0000000000008ba0                arduino::String::concat(int)
 .text._ZN7arduinoplERKNS_15StringSumHelperERKNS_6StringE
                0x0000000000008bba       0x18 .pio/build/uno_r4_wifi/libFrameworkArduino.a(String.cpp.o)
                0x0000000000008bba                arduino::operator+(arduino::StringSumHelper const&, arduino::String const&)
 .text._ZN7arduinoplERKNS_15StringSumHelperEPKc
                0x0000000000008bd2       0x1a .pio/build/uno_r4_wifi/libFrameworkArduino.a(String.cpp.o)
                0x0000000000008bd2                arduino::operator+(arduino::StringSumHelper const&, char const*)
 .text._ZNK7arduino6String9compareToEPKc
                0x0000000000008bec       0x2a .pio/build/uno_r4_wifi/libFrameworkArduino.a(String.cpp.o)
                0x0000000000008bec                arduino::String::compareTo(char const*) const
 .text._ZNK7arduino6String6equalsEPKc
                0x0000000000008c16       0x28 .pio/build/uno_r4_wifi/libFrameworkArduino.a(String.cpp.o)
                0x0000000000008c16                arduino::String::equals(char const*) const
 .text._ZNK7arduino6String10startsWithERKS0_j
                0x0000000000008c3e       0x2c .pio/build/uno_r4_wifi/libFrameworkArduino.a(String.cpp.o)
                0x0000000000008c3e                arduino::String::startsWith(arduino::String const&, unsigned int) const
 .text._ZNK7arduino6String10startsWithERKS0_
                0x0000000000008c6a       0x12 .pio/build/uno_r4_wifi/libFrameworkArduino.a(String.cpp.o)
                0x0000000000008c6a                arduino::String::startsWith(arduino::String const&) const
 .text._ZNK7arduino6String7indexOfEcj
                0x0000000000008c7c       0x22 .pio/build/uno_r4_wifi/libFrameworkArduino.a(String.cpp.o)
                0x0000000000008c7c                arduino::String::indexOf(char, unsigned int) const
 .text._ZNK7arduino6String7indexOfEc
                0x0000000000008c9e        0x6 .pio/build/uno_r4_wifi/libFrameworkArduino.a(String.cpp.o)
                0x0000000000008c9e                arduino::String::indexOf(char) const
 .text._ZNK7arduino6String7indexOfERKS0_j
                0x0000000000008ca4       0x24 .pio/build/uno_r4_wifi/libFrameworkArduino.a(String.cpp.o)
                0x0000000000008ca4                arduino::String::indexOf(arduino::String const&, unsigned int) const
 .text._ZNK7arduino6String7indexOfERKS0_
                0x0000000000008cc8        0x6 .pio/build/uno_r4_wifi/libFrameworkArduino.a(String.cpp.o)
                0x0000000000008cc8                arduino::String::indexOf(arduino::String const&) const
 .text._ZNK7arduino6String11lastIndexOfERKS0_j
                0x0000000000008cce       0x48 .pio/build/uno_r4_wifi/libFrameworkArduino.a(String.cpp.o)
                0x0000000000008cce                arduino::String::lastIndexOf(arduino::String const&, unsigned int) const
 *fill*         0x0000000000008d16        0x2 ff
 .text._ZNK7arduino6String9substringEjj
                0x0000000000008d18       0x40 .pio/build/uno_r4_wifi/libFrameworkArduino.a(String.cpp.o)
                0x0000000000008d18                arduino::String::substring(unsigned int, unsigned int) const
 .text._ZN7arduino6String7replaceERKS0_S2_
                0x0000000000008d58      0x110 .pio/build/uno_r4_wifi/libFrameworkArduino.a(String.cpp.o)
                0x0000000000008d58                arduino::String::replace(arduino::String const&, arduino::String const&)
 .text._ZN7arduino6String4trimEv
                0x0000000000008e68       0x52 .pio/build/uno_r4_wifi/libFrameworkArduino.a(String.cpp.o)
                0x0000000000008e68                arduino::String::trim()
 .text._ZNK7arduino6String5toIntEv
                0x0000000000008eba        0xa .pio/build/uno_r4_wifi/libFrameworkArduino.a(String.cpp.o)
                0x0000000000008eba                arduino::String::toInt() const
 .text._ZN4CDacC2Eh
                0x0000000000008ec4       0x6c .pio/build/uno_r4_wifi/libFrameworkArduino.a(dac.cpp.o)
                0x0000000000008ec4                CDac::CDac(unsigned char)
                0x0000000000008ec4                CDac::CDac(unsigned char)
 .text._ZN4CDac11analogWriteEi
                0x0000000000008f30       0x88 .pio/build/uno_r4_wifi/libFrameworkArduino.a(dac.cpp.o)
                0x0000000000008f30                CDac::analogWrite(int)
 .text.startup._GLOBAL__sub_I__ZN4CDacC2Eh
                0x0000000000008fb8        0xc .pio/build/uno_r4_wifi/libFrameworkArduino.a(dac.cpp.o)
 .text.pinMode  0x0000000000008fc4       0x30 .pio/build/uno_r4_wifi/libFrameworkArduino.a(digital.cpp.o)
                0x0000000000008fc4                pinMode
 .text.digitalWrite
                0x0000000000008ff4       0x18 .pio/build/uno_r4_wifi/libFrameworkArduino.a(digital.cpp.o)
                0x0000000000008ff4                digitalWrite
 .text.ltoa     0x000000000000900c       0x70 .pio/build/uno_r4_wifi/libFrameworkArduino.a(itoa.c.o)
                0x000000000000900c                ltoa
 .text.itoa     0x000000000000907c        0x4 .pio/build/uno_r4_wifi/libFrameworkArduino.a(itoa.c.o)
                0x000000000000907c                itoa
 .text.ultoa    0x0000000000009080       0x52 .pio/build/uno_r4_wifi/libFrameworkArduino.a(itoa.c.o)
                0x0000000000009080                ultoa
 .text.utoa     0x00000000000090d2        0x4 .pio/build/uno_r4_wifi/libFrameworkArduino.a(itoa.c.o)
                0x00000000000090d2                utoa
 *fill*         0x00000000000090d6        0x2 ff
 .text.R_BSP_PinAccessEnable
                0x00000000000090d8       0x2c .pio/build/uno_r4_wifi/libFrameworkArduino.a(main.cpp.o)
 .text.start_freertos_on_header_inclusion
                0x0000000000009104        0x2 .pio/build/uno_r4_wifi/libFrameworkArduino.a(main.cpp.o)
                0x0000000000009104                start_freertos_on_header_inclusion
 .text.early_start_freertos_on_header_inclusion
                0x0000000000009106        0x2 .pio/build/uno_r4_wifi/libFrameworkArduino.a(main.cpp.o)
                0x0000000000009106                early_start_freertos_on_header_inclusion
 .text._Z12arduino_mainv
                0x0000000000009108       0x94 .pio/build/uno_r4_wifi/libFrameworkArduino.a(main.cpp.o)
                0x0000000000009108                arduino_main()
 .text._write   0x000000000000919c        0xc .pio/build/uno_r4_wifi/libFrameworkArduino.a(main.cpp.o)
                0x000000000000919c                _write
 .text.hal_entry
                0x00000000000091a8        0x6 .pio/build/uno_r4_wifi/libFrameworkArduino.a(main.cpp.o)
                0x00000000000091a8                hal_entry
 .text.atexit   0x00000000000091ae        0x4 .pio/build/uno_r4_wifi/libFrameworkArduino.a(main.cpp.o)
                0x00000000000091ae                atexit
 *fill*         0x00000000000091b2        0x2 ff
 .text._Z13pinPeripheral19e_bsp_io_port_pin_tm
                0x00000000000091b4       0x10 .pio/build/uno_r4_wifi/libFrameworkArduino.a(pinDefinitions.cpp.o)
                0x00000000000091b4                pinPeripheral(e_bsp_io_port_pin_t, unsigned long)
 .text._ZN6PwmOutC2Ei
                0x00000000000091c4       0x14 .pio/build/uno_r4_wifi/libFrameworkArduino.a(pwm.cpp.o)
                0x00000000000091c4                PwmOut::PwmOut(int)
                0x00000000000091c4                PwmOut::PwmOut(int)
 .text._ZN6PwmOutD2Ev
                0x00000000000091d8        0xe .pio/build/uno_r4_wifi/libFrameworkArduino.a(pwm.cpp.o)
                0x00000000000091d8                PwmOut::~PwmOut()
                0x00000000000091d8                PwmOut::~PwmOut()
 *fill*         0x00000000000091e6        0x2 ff
 .text._ZN6PwmOut7cfg_pinEi
                0x00000000000091e8       0x74 .pio/build/uno_r4_wifi/libFrameworkArduino.a(pwm.cpp.o)
                0x00000000000091e8                PwmOut::cfg_pin(int)
 .text._ZN6PwmOut5beginEv
                0x000000000000925c       0x28 .pio/build/uno_r4_wifi/libFrameworkArduino.a(pwm.cpp.o)
                0x000000000000925c                PwmOut::begin()
 .text._ZN6PwmOut14pulseWidth_rawEi
                0x0000000000009284        0x8 .pio/build/uno_r4_wifi/libFrameworkArduino.a(pwm.cpp.o)
                0x0000000000009284                PwmOut::pulseWidth_raw(int)
 .text._ZN6PwmOut10pulse_percEf
                0x000000000000928c       0x40 .pio/build/uno_r4_wifi/libFrameworkArduino.a(pwm.cpp.o)
                0x000000000000928c                PwmOut::pulse_perc(float)
 .text._ZN6PwmOut3endEv
                0x00000000000092cc       0x10 .pio/build/uno_r4_wifi/libFrameworkArduino.a(pwm.cpp.o)
                0x00000000000092cc                PwmOut::end()
 .text._ZL21timer_micros_callbackP22st_timer_callback_args
                0x00000000000092dc       0x10 .pio/build/uno_r4_wifi/libFrameworkArduino.a(time.cpp.o)
 .text.delayMicroseconds
                0x00000000000092ec        0x6 .pio/build/uno_r4_wifi/libFrameworkArduino.a(time.cpp.o)
                0x00000000000092ec                delayMicroseconds
 .text.yield    0x00000000000092f2        0x2 .pio/build/uno_r4_wifi/libFrameworkArduino.a(time.cpp.o)
                0x00000000000092f2                yield
 .text.delay    0x00000000000092f4       0x1c .pio/build/uno_r4_wifi/libFrameworkArduino.a(time.cpp.o)
                0x00000000000092f4                delay
 .text._Z8startAgtv
                0x0000000000009310       0x6c .pio/build/uno_r4_wifi/libFrameworkArduino.a(time.cpp.o)
                0x0000000000009310                startAgt()
 .text.millis   0x000000000000937c        0xc .pio/build/uno_r4_wifi/libFrameworkArduino.a(time.cpp.o)
                0x000000000000937c                millis
 .text.startup._GLOBAL__sub_I_delayMicroseconds
                0x0000000000009388        0xc .pio/build/uno_r4_wifi/libFrameworkArduino.a(time.cpp.o)
 .text.exit._GLOBAL__sub_D_delayMicroseconds
                0x0000000000009394        0xc .pio/build/uno_r4_wifi/libFrameworkArduino.a(time.cpp.o)
 .text._Z10getPinCfgsh11PinCfgReq_t
                0x00000000000093a0       0xe0 .pio/build/uno_r4_wifi/libFrameworkArduino.a(variant_helper.cpp.o)
                0x00000000000093a0                getPinCfgs(unsigned char, PinCfgReq_t)
 .text.R_FSP_SystemClockHzGet
                0x0000000000009480       0x24 .pio/build/uno_r4_wifi/libFrameworkArduino.a(FspTimer.cpp.o)
 .text._ZN8FspTimer17set_period_countsEhfm.part.2
                0x00000000000094a4      0x158 .pio/build/uno_r4_wifi/libFrameworkArduino.a(FspTimer.cpp.o)
 .text._ZN8FspTimerC2Ev
                0x00000000000095fc       0x18 .pio/build/uno_r4_wifi/libFrameworkArduino.a(FspTimer.cpp.o)
                0x00000000000095fc                FspTimer::FspTimer()
                0x00000000000095fc                FspTimer::FspTimer()
 .text._ZN8FspTimer5beginE12e_timer_modehhmm18e_timer_source_divPFvP22st_timer_callback_argsEPv
                0x0000000000009614      0x16c .pio/build/uno_r4_wifi/libFrameworkArduino.a(FspTimer.cpp.o)
                0x0000000000009614                FspTimer::begin(e_timer_mode, unsigned char, unsigned char, unsigned long, unsigned long, e_timer_source_div, void (*)(st_timer_callback_args*), void*)
 .text._ZN8FspTimer17set_period_countsEhfm
                0x0000000000009780       0xd8 .pio/build/uno_r4_wifi/libFrameworkArduino.a(FspTimer.cpp.o)
                0x0000000000009780                FspTimer::set_period_counts(unsigned char, float, unsigned long)
 .text._ZN8FspTimer5beginE12e_timer_modehhffPFvP22st_timer_callback_argsEPv
                0x0000000000009858       0xb8 .pio/build/uno_r4_wifi/libFrameworkArduino.a(FspTimer.cpp.o)
                0x0000000000009858                FspTimer::begin(e_timer_mode, unsigned char, unsigned char, float, float, void (*)(st_timer_callback_args*), void*)
 .text._ZN8FspTimer18enable_pwm_channelE17TimerPWMChannel_t
                0x0000000000009910       0x36 .pio/build/uno_r4_wifi/libFrameworkArduino.a(FspTimer.cpp.o)
                0x0000000000009910                FspTimer::enable_pwm_channel(TimerPWMChannel_t)
 .text._ZN8FspTimer14get_period_rawEv
                0x0000000000009946       0x2c .pio/build/uno_r4_wifi/libFrameworkArduino.a(FspTimer.cpp.o)
                0x0000000000009946                FspTimer::get_period_raw()
 .text._ZN8FspTimer20add_pwm_extended_cfgEv
                0x0000000000009972       0x38 .pio/build/uno_r4_wifi/libFrameworkArduino.a(FspTimer.cpp.o)
                0x0000000000009972                FspTimer::add_pwm_extended_cfg()
 .text._ZN8FspTimer4openEv
                0x00000000000099aa       0x4e .pio/build/uno_r4_wifi/libFrameworkArduino.a(FspTimer.cpp.o)
                0x00000000000099aa                FspTimer::open()
 .text._ZN8FspTimer5startEv
                0x00000000000099f8       0x2e .pio/build/uno_r4_wifi/libFrameworkArduino.a(FspTimer.cpp.o)
                0x00000000000099f8                FspTimer::start()
 *fill*         0x0000000000009a26        0x2 ff
 .text._ZN8FspTimer9begin_pwmEhh17TimerPWMChannel_t
                0x0000000000009a28       0x60 .pio/build/uno_r4_wifi/libFrameworkArduino.a(FspTimer.cpp.o)
                0x0000000000009a28                FspTimer::begin_pwm(unsigned char, unsigned char, TimerPWMChannel_t)
 .text._ZN8FspTimer14set_duty_cycleEm17TimerPWMChannel_t
                0x0000000000009a88       0x3c .pio/build/uno_r4_wifi/libFrameworkArduino.a(FspTimer.cpp.o)
                0x0000000000009a88                FspTimer::set_duty_cycle(unsigned long, TimerPWMChannel_t)
 .text._ZN8FspTimer5closeEv
                0x0000000000009ac4       0x2e .pio/build/uno_r4_wifi/libFrameworkArduino.a(FspTimer.cpp.o)
                0x0000000000009ac4                FspTimer::close()
 *fill*         0x0000000000009af2        0x2 ff
 .text._ZN8FspTimer3endEv
                0x0000000000009af4       0x48 .pio/build/uno_r4_wifi/libFrameworkArduino.a(FspTimer.cpp.o)
                0x0000000000009af4                FspTimer::end()
 .text._ZN8FspTimerD2Ev
                0x0000000000009b3c        0xc .pio/build/uno_r4_wifi/libFrameworkArduino.a(FspTimer.cpp.o)
                0x0000000000009b3c                FspTimer::~FspTimer()
                0x0000000000009b3c                FspTimer::~FspTimer()
 .text._ZN8FspTimer15get_cfg_for_irqEv
                0x0000000000009b48       0x14 .pio/build/uno_r4_wifi/libFrameworkArduino.a(FspTimer.cpp.o)
                0x0000000000009b48                FspTimer::get_cfg_for_irq()
 .text._ZN8FspTimer9is_openedEv
                0x0000000000009b5c       0x18 .pio/build/uno_r4_wifi/libFrameworkArduino.a(FspTimer.cpp.o)
                0x0000000000009b5c                FspTimer::is_opened()
 .text._ZN8FspTimer18setup_overflow_irqEhPFvvE
                0x0000000000009b74       0x4e .pio/build/uno_r4_wifi/libFrameworkArduino.a(FspTimer.cpp.o)
                0x0000000000009b74                FspTimer::setup_overflow_irq(unsigned char, void (*)())
 *fill*         0x0000000000009bc2        0x2 ff
 .text.__NVIC_SetPriority
                0x0000000000009bc4       0x28 .pio/build/uno_r4_wifi/libFrameworkArduino.a(IRQManager.cpp.o)
 .text.R_BSP_IrqEnable
                0x0000000000009bec       0x34 .pio/build/uno_r4_wifi/libFrameworkArduino.a(IRQManager.cpp.o)
 .text.R_BSP_IrqDisable
                0x0000000000009c20       0x24 .pio/build/uno_r4_wifi/libFrameworkArduino.a(IRQManager.cpp.o)
 .text.__tcf_0  0x0000000000009c44        0x2 .pio/build/uno_r4_wifi/libFrameworkArduino.a(IRQManager.cpp.o)
 *fill*         0x0000000000009c46        0x2 ff
 .text._ZN10IRQManager11getInstanceEv
                0x0000000000009c48       0x38 .pio/build/uno_r4_wifi/libFrameworkArduino.a(IRQManager.cpp.o)
                0x0000000000009c48                IRQManager::getInstance()
 .text._ZN10IRQManager18set_ext_link_eventEii
                0x0000000000009c80       0xc8 .pio/build/uno_r4_wifi/libFrameworkArduino.a(IRQManager.cpp.o)
                0x0000000000009c80                IRQManager::set_ext_link_event(int, int)
 .text._ZN10IRQManager23set_gpt_over_link_eventEii
                0x0000000000009d48       0x70 .pio/build/uno_r4_wifi/libFrameworkArduino.a(IRQManager.cpp.o)
                0x0000000000009d48                IRQManager::set_gpt_over_link_event(int, int)
 .text._ZN10IRQManager18set_agt_link_eventEii
                0x0000000000009db8       0x28 .pio/build/uno_r4_wifi/libFrameworkArduino.a(IRQManager.cpp.o)
                0x0000000000009db8                IRQManager::set_agt_link_event(int, int)
 .text._ZN10IRQManager16addTimerOverflowER5timerPFvvE
                0x0000000000009de0       0x80 .pio/build/uno_r4_wifi/libFrameworkArduino.a(IRQManager.cpp.o)
                0x0000000000009de0                IRQManager::addTimerOverflow(timer&, void (*)())
 .text._ZN10IRQManager21set_iic_tx_link_eventEii
                0x0000000000009e60       0x20 .pio/build/uno_r4_wifi/libFrameworkArduino.a(IRQManager.cpp.o)
                0x0000000000009e60                IRQManager::set_iic_tx_link_event(int, int)
 .text._ZN10IRQManager21set_iic_rx_link_eventEii
                0x0000000000009e80       0x20 .pio/build/uno_r4_wifi/libFrameworkArduino.a(IRQManager.cpp.o)
                0x0000000000009e80                IRQManager::set_iic_rx_link_event(int, int)
 .text._ZN10IRQManager22set_iic_tei_link_eventEii
                0x0000000000009ea0       0x20 .pio/build/uno_r4_wifi/libFrameworkArduino.a(IRQManager.cpp.o)
                0x0000000000009ea0                IRQManager::set_iic_tei_link_event(int, int)
 .text._ZN10IRQManager22set_iic_eri_link_eventEii
                0x0000000000009ec0       0x20 .pio/build/uno_r4_wifi/libFrameworkArduino.a(IRQManager.cpp.o)
                0x0000000000009ec0                IRQManager::set_iic_eri_link_event(int, int)
 .text._ZN10IRQManager21set_sci_tx_link_eventEii
                0x0000000000009ee0       0x38 .pio/build/uno_r4_wifi/libFrameworkArduino.a(IRQManager.cpp.o)
                0x0000000000009ee0                IRQManager::set_sci_tx_link_event(int, int)
 .text._ZN10IRQManager21set_sci_rx_link_eventEii
                0x0000000000009f18       0x38 .pio/build/uno_r4_wifi/libFrameworkArduino.a(IRQManager.cpp.o)
                0x0000000000009f18                IRQManager::set_sci_rx_link_event(int, int)
 .text._ZN10IRQManager22set_sci_tei_link_eventEii
                0x0000000000009f50       0x38 .pio/build/uno_r4_wifi/libFrameworkArduino.a(IRQManager.cpp.o)
                0x0000000000009f50                IRQManager::set_sci_tei_link_event(int, int)
 .text._ZN10IRQManager22set_sci_eri_link_eventEii
                0x0000000000009f88       0x38 .pio/build/uno_r4_wifi/libFrameworkArduino.a(IRQManager.cpp.o)
                0x0000000000009f88                IRQManager::set_sci_eri_link_event(int, int)
 .text._ZN10IRQManager21set_spi_tx_link_eventEii
                0x0000000000009fc0       0x20 .pio/build/uno_r4_wifi/libFrameworkArduino.a(IRQManager.cpp.o)
                0x0000000000009fc0                IRQManager::set_spi_tx_link_event(int, int)
 .text._ZN10IRQManager21set_spi_rx_link_eventEii
                0x0000000000009fe0       0x20 .pio/build/uno_r4_wifi/libFrameworkArduino.a(IRQManager.cpp.o)
                0x0000000000009fe0                IRQManager::set_spi_rx_link_event(int, int)
 .text._ZN10IRQManager22set_spi_tei_link_eventEii
                0x000000000000a000       0x20 .pio/build/uno_r4_wifi/libFrameworkArduino.a(IRQManager.cpp.o)
                0x000000000000a000                IRQManager::set_spi_tei_link_event(int, int)
 .text._ZN10IRQManager22set_spi_eri_link_eventEii
                0x000000000000a020       0x20 .pio/build/uno_r4_wifi/libFrameworkArduino.a(IRQManager.cpp.o)
                0x000000000000a020                IRQManager::set_spi_eri_link_event(int, int)
 .text._ZN10IRQManager13addPeripheralE12Peripheral_tPv
                0x000000000000a040      0x904 .pio/build/uno_r4_wifi/libFrameworkArduino.a(IRQManager.cpp.o)
                0x000000000000a040                IRQManager::addPeripheral(Peripheral_t, void*)
 .text.dump_stack
                0x000000000000a944       0x7c .pio/build/uno_r4_wifi/libFrameworkArduino.a(cm_backtrace.c.o)
 .text.cm_backtrace_init
                0x000000000000a9c0       0x74 .pio/build/uno_r4_wifi/libFrameworkArduino.a(cm_backtrace.c.o)
                0x000000000000a9c0                cm_backtrace_init
 .text.cm_backtrace_firmware_info
                0x000000000000aa34       0x2c .pio/build/uno_r4_wifi/libFrameworkArduino.a(cm_backtrace.c.o)
                0x000000000000aa34                cm_backtrace_firmware_info
 .text.cm_backtrace_call_stack
                0x000000000000aa60       0xe4 .pio/build/uno_r4_wifi/libFrameworkArduino.a(cm_backtrace.c.o)
                0x000000000000aa60                cm_backtrace_call_stack
 .text.print_call_stack
                0x000000000000ab44       0x94 .pio/build/uno_r4_wifi/libFrameworkArduino.a(cm_backtrace.c.o)
 .text.cm_backtrace_fault
                0x000000000000abd8      0x470 .pio/build/uno_r4_wifi/libFrameworkArduino.a(cm_backtrace.c.o)
                0x000000000000abd8                cm_backtrace_fault
 .text.Stacktrace_Handler
                0x000000000000b048        0xa .pio/build/uno_r4_wifi/libFrameworkArduino.a(cortex_handlers.c.o)
                0x000000000000b048                Stacktrace_Handler
 *fill*         0x000000000000b052        0x2 ff
 .text.r_spi_call_callback
                0x000000000000b054       0x40 /Users/yanavassilyev/.platformio/packages/framework-arduinorenesas-uno/variants/UNOWIFIR4/libs/libfsp.a(r_spi.o)
 .text.spi_rxi_isr
                0x000000000000b094       0x9c /Users/yanavassilyev/.platformio/packages/framework-arduinorenesas-uno/variants/UNOWIFIR4/libs/libfsp.a(r_spi.o)
                0x000000000000b094                spi_rxi_isr
 .text.spi_txi_isr
                0x000000000000b130       0xd8 /Users/yanavassilyev/.platformio/packages/framework-arduinorenesas-uno/variants/UNOWIFIR4/libs/libfsp.a(r_spi.o)
                0x000000000000b130                spi_txi_isr
 .text.spi_tei_isr
                0x000000000000b208       0xe0 /Users/yanavassilyev/.platformio/packages/framework-arduinorenesas-uno/variants/UNOWIFIR4/libs/libfsp.a(r_spi.o)
                0x000000000000b208                spi_tei_isr
 .text.spi_eri_isr
                0x000000000000b2e8       0xdc /Users/yanavassilyev/.platformio/packages/framework-arduinorenesas-uno/variants/UNOWIFIR4/libs/libfsp.a(r_spi.o)
                0x000000000000b2e8                spi_eri_isr
 .text.R_SCI_UART_Write
                0x000000000000b3c4       0xb0 /Users/yanavassilyev/.platformio/packages/framework-arduinorenesas-uno/variants/UNOWIFIR4/libs/libfsp.a(r_sci_uart.o)
                0x000000000000b3c4                R_SCI_UART_Write
 .text.R_SCI_UART_BaudSet
                0x000000000000b474       0x44 /Users/yanavassilyev/.platformio/packages/framework-arduinorenesas-uno/variants/UNOWIFIR4/libs/libfsp.a(r_sci_uart.o)
                0x000000000000b474                R_SCI_UART_BaudSet
 .text.R_SCI_UART_Close
                0x000000000000b4b8       0xd8 /Users/yanavassilyev/.platformio/packages/framework-arduinorenesas-uno/variants/UNOWIFIR4/libs/libfsp.a(r_sci_uart.o)
                0x000000000000b4b8                R_SCI_UART_Close
 .text.r_sci_uart_call_callback
                0x000000000000b590       0x44 /Users/yanavassilyev/.platformio/packages/framework-arduinorenesas-uno/variants/UNOWIFIR4/libs/libfsp.a(r_sci_uart.o)
 .text.r_sci_uart_transfer_configure.isra.0
                0x000000000000b5d4       0x38 /Users/yanavassilyev/.platformio/packages/framework-arduinorenesas-uno/variants/UNOWIFIR4/libs/libfsp.a(r_sci_uart.o)
 .text.R_SCI_UART_Open
                0x000000000000b60c      0x448 /Users/yanavassilyev/.platformio/packages/framework-arduinorenesas-uno/variants/UNOWIFIR4/libs/libfsp.a(r_sci_uart.o)
                0x000000000000b60c                R_SCI_UART_Open
 .text.R_SCI_UART_BaudCalculate
                0x000000000000ba54      0x184 /Users/yanavassilyev/.platformio/packages/framework-arduinorenesas-uno/variants/UNOWIFIR4/libs/libfsp.a(r_sci_uart.o)
                0x000000000000ba54                R_SCI_UART_BaudCalculate
 .text.sci_uart_txi_isr
                0x000000000000bbd8       0xec /Users/yanavassilyev/.platformio/packages/framework-arduinorenesas-uno/variants/UNOWIFIR4/libs/libfsp.a(r_sci_uart.o)
                0x000000000000bbd8                sci_uart_txi_isr
 .text.sci_uart_rxi_isr
                0x000000000000bcc4      0x184 /Users/yanavassilyev/.platformio/packages/framework-arduinorenesas-uno/variants/UNOWIFIR4/libs/libfsp.a(r_sci_uart.o)
                0x000000000000bcc4                sci_uart_rxi_isr
 .text.sci_uart_tei_isr
                0x000000000000be48       0x40 /Users/yanavassilyev/.platformio/packages/framework-arduinorenesas-uno/variants/UNOWIFIR4/libs/libfsp.a(r_sci_uart.o)
                0x000000000000be48                sci_uart_tei_isr
 .text.sci_uart_eri_isr
                0x000000000000be88       0x78 /Users/yanavassilyev/.platformio/packages/framework-arduinorenesas-uno/variants/UNOWIFIR4/libs/libfsp.a(r_sci_uart.o)
                0x000000000000be88                sci_uart_eri_isr
 .text.r_sci_spi_call_callback
                0x000000000000bf00       0x40 /Users/yanavassilyev/.platformio/packages/framework-arduinorenesas-uno/variants/UNOWIFIR4/libs/libfsp.a(r_sci_spi.o)
 .text.sci_spi_txi_isr
                0x000000000000bf40       0x68 /Users/yanavassilyev/.platformio/packages/framework-arduinorenesas-uno/variants/UNOWIFIR4/libs/libfsp.a(r_sci_spi.o)
                0x000000000000bf40                sci_spi_txi_isr
 .text.sci_spi_rxi_isr
                0x000000000000bfa8       0x74 /Users/yanavassilyev/.platformio/packages/framework-arduinorenesas-uno/variants/UNOWIFIR4/libs/libfsp.a(r_sci_spi.o)
                0x000000000000bfa8                sci_spi_rxi_isr
 .text.sci_spi_tei_isr
                0x000000000000c01c       0x3c /Users/yanavassilyev/.platformio/packages/framework-arduinorenesas-uno/variants/UNOWIFIR4/libs/libfsp.a(r_sci_spi.o)
                0x000000000000c01c                sci_spi_tei_isr
 .text.sci_spi_eri_isr
                0x000000000000c058       0x44 /Users/yanavassilyev/.platformio/packages/framework-arduinorenesas-uno/variants/UNOWIFIR4/libs/libfsp.a(r_sci_spi.o)
                0x000000000000c058                sci_spi_eri_isr
 .text.sci_i2c_enable_transfer_support_tx
                0x000000000000c09c       0x34 /Users/yanavassilyev/.platformio/packages/framework-arduinorenesas-uno/variants/UNOWIFIR4/libs/libfsp.a(r_sci_i2c.o)
 .text.sci_i2c_notify
                0x000000000000c0d0       0x64 /Users/yanavassilyev/.platformio/packages/framework-arduinorenesas-uno/variants/UNOWIFIR4/libs/libfsp.a(r_sci_i2c.o)
                0x000000000000c0d0                sci_i2c_notify
 .text.sci_i2c_rxi_isr
                0x000000000000c134       0x20 /Users/yanavassilyev/.platformio/packages/framework-arduinorenesas-uno/variants/UNOWIFIR4/libs/libfsp.a(r_sci_i2c.o)
                0x000000000000c134                sci_i2c_rxi_isr
 .text.sci_i2c_txi_isr
                0x000000000000c154      0x198 /Users/yanavassilyev/.platformio/packages/framework-arduinorenesas-uno/variants/UNOWIFIR4/libs/libfsp.a(r_sci_i2c.o)
                0x000000000000c154                sci_i2c_txi_isr
 .text.sci_i2c_tei_isr
                0x000000000000c2ec       0xf0 /Users/yanavassilyev/.platformio/packages/framework-arduinorenesas-uno/variants/UNOWIFIR4/libs/libfsp.a(r_sci_i2c.o)
                0x000000000000c2ec                sci_i2c_tei_isr
 .text.rtc_alarm_periodic_isr
                0x000000000000c3dc       0x68 /Users/yanavassilyev/.platformio/packages/framework-arduinorenesas-uno/variants/UNOWIFIR4/libs/libfsp.a(r_rtc.o)
                0x000000000000c3dc                rtc_alarm_periodic_isr
 .text.rtc_carry_isr
                0x000000000000c444       0x2c /Users/yanavassilyev/.platformio/packages/framework-arduinorenesas-uno/variants/UNOWIFIR4/libs/libfsp.a(r_rtc.o)
                0x000000000000c444                rtc_carry_isr
 .text.R_IOPORT_PinWrite
                0x000000000000c470       0x20 /Users/yanavassilyev/.platformio/packages/framework-arduinorenesas-uno/variants/UNOWIFIR4/libs/libfsp.a(r_ioport.o)
                0x000000000000c470                R_IOPORT_PinWrite
 .text.bsp_vbatt_init
                0x000000000000c490       0xac /Users/yanavassilyev/.platformio/packages/framework-arduinorenesas-uno/variants/UNOWIFIR4/libs/libfsp.a(r_ioport.o)
 .text.R_IOPORT_PinCfg
                0x000000000000c53c       0xa8 /Users/yanavassilyev/.platformio/packages/framework-arduinorenesas-uno/variants/UNOWIFIR4/libs/libfsp.a(r_ioport.o)
                0x000000000000c53c                R_IOPORT_PinCfg
 .text.r_iic_slave_call_callback
                0x000000000000c5e4       0x3c /Users/yanavassilyev/.platformio/packages/framework-arduinorenesas-uno/variants/UNOWIFIR4/libs/libfsp.a(r_iic_slave.o)
 .text.iic_slave_initiate_transaction
                0x000000000000c620       0x74 /Users/yanavassilyev/.platformio/packages/framework-arduinorenesas-uno/variants/UNOWIFIR4/libs/libfsp.a(r_iic_slave.o)
 .text.iic_slave_rxi_isr
                0x000000000000c694      0x12c /Users/yanavassilyev/.platformio/packages/framework-arduinorenesas-uno/variants/UNOWIFIR4/libs/libfsp.a(r_iic_slave.o)
                0x000000000000c694                iic_slave_rxi_isr
 .text.iic_slave_txi_isr
                0x000000000000c7c0       0xa8 /Users/yanavassilyev/.platformio/packages/framework-arduinorenesas-uno/variants/UNOWIFIR4/libs/libfsp.a(r_iic_slave.o)
                0x000000000000c7c0                iic_slave_txi_isr
 .text.iic_slave_tei_isr
                0x000000000000c868       0x94 /Users/yanavassilyev/.platformio/packages/framework-arduinorenesas-uno/variants/UNOWIFIR4/libs/libfsp.a(r_iic_slave.o)
                0x000000000000c868                iic_slave_tei_isr
 .text.iic_slave_eri_isr
                0x000000000000c8fc      0x10c /Users/yanavassilyev/.platformio/packages/framework-arduinorenesas-uno/variants/UNOWIFIR4/libs/libfsp.a(r_iic_slave.o)
                0x000000000000c8fc                iic_slave_eri_isr
 .text.iic_master_notify
                0x000000000000ca08       0x3c /Users/yanavassilyev/.platformio/packages/framework-arduinorenesas-uno/variants/UNOWIFIR4/libs/libfsp.a(r_iic_master.o)
 .text.iic_master_open_hw_master
                0x000000000000ca44      0x184 /Users/yanavassilyev/.platformio/packages/framework-arduinorenesas-uno/variants/UNOWIFIR4/libs/libfsp.a(r_iic_master.o)
 .text.iic_master_rxi_isr
                0x000000000000cbc8      0x13c /Users/yanavassilyev/.platformio/packages/framework-arduinorenesas-uno/variants/UNOWIFIR4/libs/libfsp.a(r_iic_master.o)
                0x000000000000cbc8                iic_master_rxi_isr
 .text.iic_master_txi_isr
                0x000000000000cd04       0xec /Users/yanavassilyev/.platformio/packages/framework-arduinorenesas-uno/variants/UNOWIFIR4/libs/libfsp.a(r_iic_master.o)
                0x000000000000cd04                iic_master_txi_isr
 .text.iic_master_tei_isr
                0x000000000000cdf0       0xc4 /Users/yanavassilyev/.platformio/packages/framework-arduinorenesas-uno/variants/UNOWIFIR4/libs/libfsp.a(r_iic_master.o)
                0x000000000000cdf0                iic_master_tei_isr
 .text.iic_master_eri_isr
                0x000000000000ceb4      0x140 /Users/yanavassilyev/.platformio/packages/framework-arduinorenesas-uno/variants/UNOWIFIR4/libs/libfsp.a(r_iic_master.o)
                0x000000000000ceb4                iic_master_eri_isr
 .text.r_icu_isr
                0x000000000000cff4       0x6c /Users/yanavassilyev/.platformio/packages/framework-arduinorenesas-uno/variants/UNOWIFIR4/libs/libfsp.a(r_icu.o)
                0x000000000000cff4                r_icu_isr
 .text.R_GPT_Start
                0x000000000000d060        0xc /Users/yanavassilyev/.platformio/packages/framework-arduinorenesas-uno/variants/UNOWIFIR4/libs/libfsp.a(r_gpt.o)
                0x000000000000d060                R_GPT_Start
 .text.R_GPT_Enable
                0x000000000000d06c       0x30 /Users/yanavassilyev/.platformio/packages/framework-arduinorenesas-uno/variants/UNOWIFIR4/libs/libfsp.a(r_gpt.o)
                0x000000000000d06c                R_GPT_Enable
 .text.r_gpt_enable_irq
                0x000000000000d09c       0x5c /Users/yanavassilyev/.platformio/packages/framework-arduinorenesas-uno/variants/UNOWIFIR4/libs/libfsp.a(r_gpt.o)
 .text.r_gpt_call_callback
                0x000000000000d0f8       0x3c /Users/yanavassilyev/.platformio/packages/framework-arduinorenesas-uno/variants/UNOWIFIR4/libs/libfsp.a(r_gpt.o)
 .text.R_GPT_InfoGet
                0x000000000000d134       0x44 /Users/yanavassilyev/.platformio/packages/framework-arduinorenesas-uno/variants/UNOWIFIR4/libs/libfsp.a(r_gpt.o)
                0x000000000000d134                R_GPT_InfoGet
 .text.gpt_calculate_duty_cycle.isra.0
                0x000000000000d178       0x78 /Users/yanavassilyev/.platformio/packages/framework-arduinorenesas-uno/variants/UNOWIFIR4/libs/libfsp.a(r_gpt.o)
 .text.R_GPT_DutyCycleSet
                0x000000000000d1f0       0xc0 /Users/yanavassilyev/.platformio/packages/framework-arduinorenesas-uno/variants/UNOWIFIR4/libs/libfsp.a(r_gpt.o)
                0x000000000000d1f0                R_GPT_DutyCycleSet
 .text.R_GPT_Open
                0x000000000000d2b0      0x264 /Users/yanavassilyev/.platformio/packages/framework-arduinorenesas-uno/variants/UNOWIFIR4/libs/libfsp.a(r_gpt.o)
                0x000000000000d2b0                R_GPT_Open
 .text.R_GPT_Close
                0x000000000000d514       0xd4 /Users/yanavassilyev/.platformio/packages/framework-arduinorenesas-uno/variants/UNOWIFIR4/libs/libfsp.a(r_gpt.o)
                0x000000000000d514                R_GPT_Close
 .text.gpt_counter_overflow_isr
                0x000000000000d5e8       0x78 /Users/yanavassilyev/.platformio/packages/framework-arduinorenesas-uno/variants/UNOWIFIR4/libs/libfsp.a(r_gpt.o)
                0x000000000000d5e8                gpt_counter_overflow_isr
 .text.R_DAC_Open
                0x000000000000d660       0x88 /Users/yanavassilyev/.platformio/packages/framework-arduinorenesas-uno/variants/UNOWIFIR4/libs/libfsp.a(r_dac.o)
                0x000000000000d660                R_DAC_Open